[debug] [2023-09-26T08:07:43.390Z] ----------------------------------------------------------------------
[debug] [2023-09-26T08:07:43.391Z] Command:       /usr/local/bin/firebase /Users/vietbh/.cache/firebase/tools/lib/node_modules/firebase-tools/lib/bin/firebase init
[debug] [2023-09-26T08:07:43.392Z] CLI Version:   12.5.4
[debug] [2023-09-26T08:07:43.392Z] Platform:      darwin
[debug] [2023-09-26T08:07:43.392Z] Node Version:  v16.16.0
[debug] [2023-09-26T08:07:43.393Z] Time:          Tue Sep 26 2023 15:07:43 GMT+0700 (Indochina Time)
[debug] [2023-09-26T08:07:43.393Z] ----------------------------------------------------------------------
[debug] 
[debug] [2023-09-26T08:07:43.397Z] > command requires scopes: ["email","openid","https://www.googleapis.com/auth/cloudplatformprojects.readonly","https://www.googleapis.com/auth/firebase","https://www.googleapis.com/auth/cloud-platform"]
[debug] [2023-09-26T08:07:43.398Z] > authorizing via signed-in user (huuvietuet@gmail.com)
[info] 
     ######## #### ########  ######## ########     ###     ######  ########
     ##        ##  ##     ## ##       ##     ##  ##   ##  ##       ##
     ######    ##  ########  ######   ########  #########  ######  ######
     ##        ##  ##    ##  ##       ##     ## ##     ##       ## ##
     ##       #### ##     ## ######## ########  ##     ##  ######  ########

You're about to initialize a Firebase project in this directory:

  /Volumes/HocTap/Rikkei/Project_Android/basemvvm-android

Before we get started, keep in mind:

  * You are currently outside your home directory

[info] 
=== Project Setup
[info] 
[info] First, let's associate this project directory with a Firebase project.
[info] You can create multiple project aliases by running firebase use --add, 
[info] but for now we'll just set up a default project.
[info] 
[debug] [2023-09-26T08:09:12.372Z] >>> [apiv2][query] GET https://firebase.googleapis.com/v1beta1/availableProjects pageSize=100
[debug] [2023-09-26T08:09:13.217Z] <<< [apiv2][status] GET https://firebase.googleapis.com/v1beta1/availableProjects 200
[debug] [2023-09-26T08:09:13.217Z] <<< [apiv2][body] GET https://firebase.googleapis.com/v1beta1/availableProjects [omitted]
[debug] [2023-09-26T08:09:26.281Z] >>> [apiv2][query] POST https://firebase.googleapis.com/v1beta1/projects/my-project-1539656465528:addFirebase [none]
[debug] [2023-09-26T08:09:28.431Z] <<< [apiv2][status] POST https://firebase.googleapis.com/v1beta1/projects/my-project-1539656465528:addFirebase 200
[debug] [2023-09-26T08:09:28.432Z] <<< [apiv2][body] POST https://firebase.googleapis.com/v1beta1/projects/my-project-1539656465528:addFirebase {"name":"operations/workflows/MmMwYTc5ZjUtZjMwMi00ZDAzLWI3MTgtNDM5MmFjZDU4NWVh"}
[debug] [2023-09-26T08:09:28.433Z] >>> [apiv2][query] GET https://firebase.googleapis.com/v1beta1/operations/workflows/MmMwYTc5ZjUtZjMwMi00ZDAzLWI3MTgtNDM5MmFjZDU4NWVh [none]
[debug] [2023-09-26T08:09:29.045Z] <<< [apiv2][status] GET https://firebase.googleapis.com/v1beta1/operations/workflows/MmMwYTc5ZjUtZjMwMi00ZDAzLWI3MTgtNDM5MmFjZDU4NWVh 200
[debug] [2023-09-26T08:09:29.046Z] <<< [apiv2][body] GET https://firebase.googleapis.com/v1beta1/operations/workflows/MmMwYTc5ZjUtZjMwMi00ZDAzLWI3MTgtNDM5MmFjZDU4NWVh {"name":"operations/workflows/MmMwYTc5ZjUtZjMwMi00ZDAzLWI3MTgtNDM5MmFjZDU4NWVh"}
[debug] [2023-09-26T08:09:29.546Z] [Add Firebase Poller] Retrying task index 0
[debug] [2023-09-26T08:09:29.547Z] >>> [apiv2][query] GET https://firebase.googleapis.com/v1beta1/operations/workflows/MmMwYTc5ZjUtZjMwMi00ZDAzLWI3MTgtNDM5MmFjZDU4NWVh [none]
[debug] [2023-09-26T08:09:29.969Z] <<< [apiv2][status] GET https://firebase.googleapis.com/v1beta1/operations/workflows/MmMwYTc5ZjUtZjMwMi00ZDAzLWI3MTgtNDM5MmFjZDU4NWVh 200
[debug] [2023-09-26T08:09:29.969Z] <<< [apiv2][body] GET https://firebase.googleapis.com/v1beta1/operations/workflows/MmMwYTc5ZjUtZjMwMi00ZDAzLWI3MTgtNDM5MmFjZDU4NWVh {"name":"operations/workflows/MmMwYTc5ZjUtZjMwMi00ZDAzLWI3MTgtNDM5MmFjZDU4NWVh"}
[debug] [2023-09-26T08:09:30.971Z] [Add Firebase Poller] Retrying task index 0
[debug] [2023-09-26T08:09:30.971Z] >>> [apiv2][query] GET https://firebase.googleapis.com/v1beta1/operations/workflows/MmMwYTc5ZjUtZjMwMi00ZDAzLWI3MTgtNDM5MmFjZDU4NWVh [none]
[debug] [2023-09-26T08:09:31.554Z] <<< [apiv2][status] GET https://firebase.googleapis.com/v1beta1/operations/workflows/MmMwYTc5ZjUtZjMwMi00ZDAzLWI3MTgtNDM5MmFjZDU4NWVh 200
[debug] [2023-09-26T08:09:31.554Z] <<< [apiv2][body] GET https://firebase.googleapis.com/v1beta1/operations/workflows/MmMwYTc5ZjUtZjMwMi00ZDAzLWI3MTgtNDM5MmFjZDU4NWVh {"name":"operations/workflows/MmMwYTc5ZjUtZjMwMi00ZDAzLWI3MTgtNDM5MmFjZDU4NWVh"}
[debug] [2023-09-26T08:09:33.556Z] [Add Firebase Poller] Retrying task index 0
[debug] [2023-09-26T08:09:33.556Z] >>> [apiv2][query] GET https://firebase.googleapis.com/v1beta1/operations/workflows/MmMwYTc5ZjUtZjMwMi00ZDAzLWI3MTgtNDM5MmFjZDU4NWVh [none]
[debug] [2023-09-26T08:09:34.045Z] <<< [apiv2][status] GET https://firebase.googleapis.com/v1beta1/operations/workflows/MmMwYTc5ZjUtZjMwMi00ZDAzLWI3MTgtNDM5MmFjZDU4NWVh 200
[debug] [2023-09-26T08:09:34.045Z] <<< [apiv2][body] GET https://firebase.googleapis.com/v1beta1/operations/workflows/MmMwYTc5ZjUtZjMwMi00ZDAzLWI3MTgtNDM5MmFjZDU4NWVh {"name":"operations/workflows/MmMwYTc5ZjUtZjMwMi00ZDAzLWI3MTgtNDM5MmFjZDU4NWVh"}
[debug] [2023-09-26T08:09:38.051Z] [Add Firebase Poller] Retrying task index 0
[debug] [2023-09-26T08:09:38.051Z] >>> [apiv2][query] GET https://firebase.googleapis.com/v1beta1/operations/workflows/MmMwYTc5ZjUtZjMwMi00ZDAzLWI3MTgtNDM5MmFjZDU4NWVh [none]
[debug] [2023-09-26T08:09:38.619Z] <<< [apiv2][status] GET https://firebase.googleapis.com/v1beta1/operations/workflows/MmMwYTc5ZjUtZjMwMi00ZDAzLWI3MTgtNDM5MmFjZDU4NWVh 200
[debug] [2023-09-26T08:09:38.619Z] <<< [apiv2][body] GET https://firebase.googleapis.com/v1beta1/operations/workflows/MmMwYTc5ZjUtZjMwMi00ZDAzLWI3MTgtNDM5MmFjZDU4NWVh {"name":"operations/workflows/MmMwYTc5ZjUtZjMwMi00ZDAzLWI3MTgtNDM5MmFjZDU4NWVh","done":true,"response":{"@type":"type.googleapis.com/google.firebase.service.v1beta1.FirebaseProject","projectId":"my-project-1539656465528","projectNumber":"880737881869","displayName":"My Project","name":"projects/my-project-1539656465528","resources":{"hostingSite":"my-project-1539656465528"}}}
[info] 
[info] 🎉🎉🎉 Your Firebase project is ready! 🎉🎉🎉
[info] 
[info] Project information:
[info]    - Project ID: my-project-1539656465528
[info]    - Project Name: My Project
[info] 
[info] Firebase console is available at
[info] https://console.firebase.google.com/project/my-project-1539656465528/overview
[info] i  Using project my-project-1539656465528 (My Project) 
[info] 
=== Hosting Setup
[info] 
[info] Your public directory is the folder (relative to your project directory) that
[info] will contain Hosting assets to be uploaded with firebase deploy. If you
[info] have a build process for your assets, use your build's output directory.
[info] 
