#
# There is insufficient memory for the Java Runtime Environment to continue.
# Native memory allocation (malloc) failed to allocate 2952416 bytes. Error detail: Chunk::new
# Possible reasons:
#   The system is out of physical RAM or swap space
#   This process is running with CompressedOops enabled, and the Java Heap may be blocking the growth of the native heap
# Possible solutions:
#   Reduce memory load on the system
#   Increase physical memory or swap space
#   Check if swap backing store is full
#   Decrease Java heap size (-Xmx/-Xms)
#   Decrease number of Java threads
#   Decrease Java thread stack sizes (-Xss)
#   Set larger code cache with -XX:ReservedCodeCacheSize=
#   JVM is running with Unscaled Compressed Oops mode in which the Java heap is
#     placed in the first 4GB address space. The Java Heap base address is the
#     maximum limit for the native heap growth. Please use -XX:HeapBaseMinAddress
#     to set the Java Heap base and to place the Java Heap above 4GB virtual address.
# This output file may be truncated or incomplete.
#
#  Out of Memory Error (arena.cpp:168), pid=51272, tid=43196
#
# JRE version: OpenJDK Runtime Environment (21.0.7) (build 21.0.7+-13880790-b1038.58)
# Java VM: OpenJDK 64-Bit Server VM (21.0.7+-13880790-b1038.58, mixed mode, tiered, compressed oops, compressed class ptrs, g1 gc, windows-amd64)
# No core dump will be written. Minidumps are not enabled by default on client versions of Windows
#

---------------  S U M M A R Y ------------

Command Line: --add-opens=java.base/java.util=ALL-UNNAMED --add-opens=java.base/java.lang=ALL-UNNAMED --add-opens=java.base/java.lang.invoke=ALL-UNNAMED --add-opens=java.prefs/java.util.prefs=ALL-UNNAMED --add-opens=java.base/java.nio.charset=ALL-UNNAMED --add-opens=java.base/java.net=ALL-UNNAMED --add-opens=java.base/java.util.concurrent.atomic=ALL-UNNAMED -Xmx2048m -Dfile.encoding=UTF-8 -Duser.country=US -Duser.language=en -Duser.variant -javaagent:C:\Users\ThanhCong\.gradle\wrapper\dists\gradle-8.4-bin\1w5dpkrfk8irigvoxmyhowfim\gradle-8.4\lib\agents\gradle-instrumentation-agent-8.4.jar org.gradle.launcher.daemon.bootstrap.GradleDaemon 8.4

Host: 11th Gen Intel(R) Core(TM) i5-11320H @ 3.20GHz, 8 cores, 23G,  Windows 11 , 64 bit Build 26100 (10.0.26100.7920)
Time: Tue Jun 30 11:57:33 2026 SE Asia Standard Time elapsed time: 8.305605 seconds (0d 0h 0m 8s)

---------------  T H R E A D  ---------------

Current thread (0x0000017104955a10):  JavaThread "C2 CompilerThread2" daemon [_thread_in_native, id=43196, stack(0x00000038bba00000,0x00000038bbb00000) (1024K)]


Current CompileTask:
C2:8305 6241 %     4       org.objectweb.asm.ClassReader::readCode @ 92 (5117 bytes)

Stack: [0x00000038bba00000,0x00000038bbb00000]
Native frames: (J=compiled Java code, j=interpreted, Vv=VM code, C=native code)
V  [jvm.dll+0x6d25c9]
V  [jvm.dll+0x860923]
V  [jvm.dll+0x862e7e]
V  [jvm.dll+0x863563]
V  [jvm.dll+0x27f156]
V  [jvm.dll+0xc002d]
V  [jvm.dll+0xc0563]
V  [jvm.dll+0x3b6d3b]
V  [jvm.dll+0x382c27]
V  [jvm.dll+0x38209a]
V  [jvm.dll+0x247e72]
V  [jvm.dll+0x247441]
V  [jvm.dll+0x1c5fb4]
V  [jvm.dll+0x256bac]
V  [jvm.dll+0x2550f6]
V  [jvm.dll+0x3f1d16]
V  [jvm.dll+0x808d08]
V  [jvm.dll+0x6d0e1d]
C  [ucrtbase.dll+0x37b0]
C  [KERNEL32.DLL+0x2e8d7]
C  [ntdll.dll+0x8c48c]


---------------  P R O C E S S  ---------------

Threads class SMR info:
_java_thread_list=0x000001710aea2120, length=42, elements={
0x000001716ac8c150, 0x00000171048ddc50, 0x00000171048e13b0, 0x00000171048e1e10,
0x0000017104905f70, 0x00000171049069d0, 0x00000171049076b0, 0x0000017104908110,
0x000001710490a650, 0x0000017104953800, 0x0000017109104c40, 0x00000171049545a0,
0x000001710acecfb0, 0x0000017109b6df30, 0x000001710a459cb0, 0x000001710ae59b20,
0x000001710abf1020, 0x000001710ac02370, 0x000001710a97e1a0, 0x000001710a97d480,
0x000001710a97db10, 0x000001710a97e830, 0x000001710a97eec0, 0x000001710a97f550,
0x000001710a97cdf0, 0x000001710b01e650, 0x000001710b01fa00, 0x000001710b01ece0,
0x000001710b01cc10, 0x000001710b020090, 0x000001710b01dfc0, 0x000001710b01f370,
0x000001710b020720, 0x000001710b01d2a0, 0x000001710b020db0, 0x000001710b023510,
0x000001710b0227f0, 0x000001710b022160, 0x000001710b023ba0, 0x000001710b022e80,
0x000001710b024230, 0x0000017104955a10
}

Java Threads: ( => current thread )
  0x000001716ac8c150 JavaThread "main"                              [_thread_blocked, id=12712, stack(0x00000038ba700000,0x00000038ba800000) (1024K)]
  0x00000171048ddc50 JavaThread "Common-Cleaner"             daemon [_thread_blocked, id=53932, stack(0x00000038baf00000,0x00000038bb000000) (1024K)]
  0x00000171048e13b0 JavaThread "Reference Handler"          daemon [_thread_blocked, id=30716, stack(0x00000038bb000000,0x00000038bb100000) (1024K)]
  0x00000171048e1e10 JavaThread "Finalizer"                  daemon [_thread_blocked, id=66328, stack(0x00000038bb100000,0x00000038bb200000) (1024K)]
  0x0000017104905f70 JavaThread "Signal Dispatcher"          daemon [_thread_blocked, id=73756, stack(0x00000038bb200000,0x00000038bb300000) (1024K)]
  0x00000171049069d0 JavaThread "Attach Listener"            daemon [_thread_blocked, id=76152, stack(0x00000038bb300000,0x00000038bb400000) (1024K)]
  0x00000171049076b0 JavaThread "Service Thread"             daemon [_thread_blocked, id=78300, stack(0x00000038bb400000,0x00000038bb500000) (1024K)]
  0x0000017104908110 JavaThread "Monitor Deflation Thread"   daemon [_thread_blocked, id=74956, stack(0x00000038bb500000,0x00000038bb600000) (1024K)]
  0x000001710490a650 JavaThread "C2 CompilerThread0"         daemon [_thread_in_vm, id=56020, stack(0x00000038bb600000,0x00000038bb700000) (1024K)]
  0x0000017104953800 JavaThread "C1 CompilerThread0"         daemon [_thread_in_vm, id=53324, stack(0x00000038bb700000,0x00000038bb800000) (1024K)]
  0x0000017109104c40 JavaThread "Notification Thread"        daemon [_thread_blocked, id=48872, stack(0x00000038bb800000,0x00000038bb900000) (1024K)]
  0x00000171049545a0 JavaThread "C2 CompilerThread1"         daemon [_thread_in_native, id=75852, stack(0x00000038bb900000,0x00000038bba00000) (1024K)]
  0x000001710acecfb0 JavaThread "Daemon health stats"               [_thread_blocked, id=40052, stack(0x00000038bc200000,0x00000038bc300000) (1024K)]
  0x0000017109b6df30 JavaThread "Incoming local TCP Connector on port 58702"        [_thread_in_native, id=10720, stack(0x00000038bc300000,0x00000038bc400000) (1024K)]
  0x000001710a459cb0 JavaThread "Daemon periodic checks"            [_thread_blocked, id=1408, stack(0x00000038bc400000,0x00000038bc500000) (1024K)]
  0x000001710ae59b20 JavaThread "Daemon"                            [_thread_blocked, id=56304, stack(0x00000038bc500000,0x00000038bc600000) (1024K)]
  0x000001710abf1020 JavaThread "Handler for socket connection from /127.0.0.1:58702 to /127.0.0.1:58703"        [_thread_in_native, id=41732, stack(0x00000038bc600000,0x00000038bc700000) (1024K)]
  0x000001710ac02370 JavaThread "Cancel handler"                    [_thread_blocked, id=36748, stack(0x00000038bc700000,0x00000038bc800000) (1024K)]
  0x000001710a97e1a0 JavaThread "Daemon worker"                     [_thread_blocked, id=20200, stack(0x00000038bc800000,0x00000038bc900000) (1024K)]
  0x000001710a97d480 JavaThread "Asynchronous log dispatcher for DefaultDaemonConnection: socket connection from /127.0.0.1:58702 to /127.0.0.1:58703"        [_thread_blocked, id=60180, stack(0x00000038bc900000,0x00000038bca00000) (1024K)]
  0x000001710a97db10 JavaThread "Stdin handler"                     [_thread_blocked, id=46064, stack(0x00000038bca00000,0x00000038bcb00000) (1024K)]
  0x000001710a97e830 JavaThread "Daemon client event forwarder"        [_thread_blocked, id=57876, stack(0x00000038bcb00000,0x00000038bcc00000) (1024K)]
  0x000001710a97eec0 JavaThread "Cache worker for journal cache (C:\Users\ThanhCong\.gradle\caches\journal-1)"        [_thread_blocked, id=64948, stack(0x00000038bcd00000,0x00000038bce00000) (1024K)]
  0x000001710a97f550 JavaThread "File lock request listener"        [_thread_in_native, id=74128, stack(0x00000038bce00000,0x00000038bcf00000) (1024K)]
  0x000001710a97cdf0 JavaThread "Cache worker for file hash cache (C:\Users\ThanhCong\.gradle\caches\8.4\fileHashes)"        [_thread_blocked, id=52856, stack(0x00000038bcf00000,0x00000038bd000000) (1024K)]
  0x000001710b01e650 JavaThread "File watcher server"        daemon [_thread_in_native, id=79852, stack(0x00000038bd000000,0x00000038bd100000) (1024K)]
  0x000001710b01fa00 JavaThread "File watcher consumer"      daemon [_thread_blocked, id=7332, stack(0x00000038bd100000,0x00000038bd200000) (1024K)]
  0x000001710b01ece0 JavaThread "jar transforms"                    [_thread_in_Java, id=63568, stack(0x00000038bd200000,0x00000038bd300000) (1024K)]
  0x000001710b01cc10 JavaThread "jar transforms Thread 2"           [_thread_blocked, id=72988, stack(0x00000038bd300000,0x00000038bd400000) (1024K)]
  0x000001710b020090 JavaThread "jar transforms Thread 3"           [_thread_blocked, id=44900, stack(0x00000038bd400000,0x00000038bd500000) (1024K)]
  0x000001710b01dfc0 JavaThread "jar transforms Thread 4"           [_thread_blocked, id=68824, stack(0x00000038bd500000,0x00000038bd600000) (1024K)]
  0x000001710b01f370 JavaThread "jar transforms Thread 5"           [_thread_in_vm, id=15396, stack(0x00000038bd600000,0x00000038bd700000) (1024K)]
  0x000001710b020720 JavaThread "jar transforms Thread 6"           [_thread_blocked, id=61788, stack(0x00000038bd700000,0x00000038bd800000) (1024K)]
  0x000001710b01d2a0 JavaThread "jar transforms Thread 7"           [_thread_blocked, id=24620, stack(0x00000038bd800000,0x00000038bd900000) (1024K)]
  0x000001710b020db0 JavaThread "jar transforms Thread 8"           [_thread_blocked, id=8844, stack(0x00000038bd900000,0x00000038bda00000) (1024K)]
  0x000001710b023510 JavaThread "Cache worker for checksums cache (D:\RikkeiSoft\BaseProject\basemvvm-android\.gradle\8.4\checksums)"        [_thread_blocked, id=73468, stack(0x00000038bda00000,0x00000038bdb00000) (1024K)]
  0x000001710b0227f0 JavaThread "Cache worker for file hash cache (D:\RikkeiSoft\BaseProject\basemvvm-android\.gradle\8.4\fileHashes)"        [_thread_blocked, id=43820, stack(0x00000038bdb00000,0x00000038bdc00000) (1024K)]
  0x000001710b022160 JavaThread "Cache worker for cache directory md-supplier (C:\Users\ThanhCong\.gradle\caches\8.4\md-supplier)"        [_thread_blocked, id=57144, stack(0x00000038bdc00000,0x00000038bdd00000) (1024K)]
  0x000001710b023ba0 JavaThread "Cache worker for file content cache (C:\Users\ThanhCong\.gradle\caches\8.4\fileContent)"        [_thread_blocked, id=70252, stack(0x00000038bdd00000,0x00000038bde00000) (1024K)]
  0x000001710b022e80 JavaThread "Cache worker for cache directory md-rule (C:\Users\ThanhCong\.gradle\caches\8.4\md-rule)"        [_thread_blocked, id=78704, stack(0x00000038bde00000,0x00000038bdf00000) (1024K)]
  0x000001710b024230 JavaThread "Cache worker for execution history cache (C:\Users\ThanhCong\.gradle\caches\8.4\executionHistory)"        [_thread_blocked, id=52588, stack(0x00000038bdf00000,0x00000038be000000) (1024K)]
=>0x0000017104955a10 JavaThread "C2 CompilerThread2"         daemon [_thread_in_native, id=43196, stack(0x00000038bba00000,0x00000038bbb00000) (1024K)]
Total: 42

Other Threads:
  0x00000171048465d0 VMThread "VM Thread"                           [id=53476, stack(0x00000038bae00000,0x00000038baf00000) (1024K)]
  0x0000017104719ad0 WatcherThread "VM Periodic Task Thread"        [id=70156, stack(0x00000038bad00000,0x00000038bae00000) (1024K)]
  0x000001716b29b6f0 WorkerThread "GC Thread#0"                     [id=71540, stack(0x00000038ba800000,0x00000038ba900000) (1024K)]
  0x0000017109c9a770 WorkerThread "GC Thread#1"                     [id=68316, stack(0x00000038bbb00000,0x00000038bbc00000) (1024K)]
  0x0000017109c9c3f0 WorkerThread "GC Thread#2"                     [id=69932, stack(0x00000038bbc00000,0x00000038bbd00000) (1024K)]
  0x0000017109c9c790 WorkerThread "GC Thread#3"                     [id=42796, stack(0x00000038bbd00000,0x00000038bbe00000) (1024K)]
  0x0000017109bfb440 WorkerThread "GC Thread#4"                     [id=62896, stack(0x00000038bbe00000,0x00000038bbf00000) (1024K)]
  0x0000017109bfc190 WorkerThread "GC Thread#5"                     [id=79236, stack(0x00000038bbf00000,0x00000038bc000000) (1024K)]
  0x0000017109c3ee60 WorkerThread "GC Thread#6"                     [id=64796, stack(0x00000038bc000000,0x00000038bc100000) (1024K)]
  0x0000017109bfd0a0 WorkerThread "GC Thread#7"                     [id=50912, stack(0x00000038bc100000,0x00000038bc200000) (1024K)]
  0x000001716ad4c0e0 ConcurrentGCThread "G1 Main Marker"            [id=66488, stack(0x00000038ba900000,0x00000038baa00000) (1024K)]
  0x000001716ad4e510 WorkerThread "G1 Conc#0"                       [id=61300, stack(0x00000038baa00000,0x00000038bab00000) (1024K)]
  0x000001710ac00340 WorkerThread "G1 Conc#1"                       [id=72948, stack(0x00000038bcc00000,0x00000038bcd00000) (1024K)]
  0x00000171046c8010 ConcurrentGCThread "G1 Refine#0"               [id=68060, stack(0x00000038bab00000,0x00000038bac00000) (1024K)]
  0x00000171046c8830 ConcurrentGCThread "G1 Service"                [id=27704, stack(0x00000038bac00000,0x00000038bad00000) (1024K)]
Total: 15

Threads with active compile tasks:
C2 CompilerThread0  8325 6674       4       org.gradle.api.internal.changedetection.state.FallbackHandlingResourceHasher$$Lambda/0x000000010086e4f0::test (12 bytes)
C2 CompilerThread1  8325 6672       4       org.gradle.api.internal.changedetection.state.FallbackHandlingResourceHasher::hash (50 bytes)
C2 CompilerThread2  8325 6241 %     4       org.objectweb.asm.ClassReader::readCode @ 92 (5117 bytes)
Total: 3

VM state: not at safepoint (normal execution)

VM Mutex/Monitor currently owned by a thread: None

Heap address: 0x0000000080000000, size: 2048 MB, Compressed Oops mode: 32-bit

CDS archive(s) not mapped
Compressed class space mapped at: 0x0000000100000000-0x0000000140000000, reserved size: 1073741824
Narrow klass base: 0x0000000000000000, Narrow klass shift: 3, Narrow klass range: 0x140000000

GC Precious Log:
 CardTable entry size: 512
 Card Set container configuration: InlinePtr #cards 5 size 8 Array Of Cards #cards 12 size 40 Howl #buckets 4 coarsen threshold 1843 Howl Bitmap #cards 512 size 80 coarsen threshold 460 Card regions per heap region 1 cards per card region 2048
 CPUs: 8 total, 8 available
 Memory: 24314M
 Large Page Support: Disabled
 NUMA Support: Disabled
 Compressed Oops: Enabled (32-bit)
 Heap Region Size: 1M
 Heap Min Capacity: 8M
 Heap Initial Capacity: 380M
 Heap Max Capacity: 2G
 Pre-touch: Disabled
 Parallel Workers: 8
 Concurrent Workers: 2
 Concurrent Refinement Workers: 8
 Periodic GC: Disabled

Heap:
 garbage-first heap   total 263168K, used 97472K [0x0000000080000000, 0x0000000100000000)
  region size 1024K, 30 young (30720K), 13 survivors (13312K)
 Metaspace       used 59115K, committed 60416K, reserved 1114112K
  class space    used 7982K, committed 8576K, reserved 1048576K

Heap Regions: E=young(eden), S=young(survivor), O=old, HS=humongous(starts), HC=humongous(continues), CS=collection set, F=free, TAMS=top-at-mark-start, PB=parsable bottom
|   0|0x0000000080000000, 0x0000000080100000, 0x0000000080100000|100%|HS|  |TAMS 0x0000000080000000| PB 0x0000000080000000| Complete 
|   1|0x0000000080100000, 0x0000000080200000, 0x0000000080200000|100%|HC|  |TAMS 0x0000000080100000| PB 0x0000000080100000| Complete 
|   2|0x0000000080200000, 0x0000000080300000, 0x0000000080300000|100%|HC|  |TAMS 0x0000000080200000| PB 0x0000000080200000| Complete 
|   3|0x0000000080300000, 0x0000000080400000, 0x0000000080400000|100%|HC|  |TAMS 0x0000000080300000| PB 0x0000000080300000| Complete 
|   4|0x0000000080400000, 0x0000000080500000, 0x0000000080500000|100%| O|  |TAMS 0x0000000080400000| PB 0x0000000080400000| Untracked 
|   5|0x0000000080500000, 0x0000000080600000, 0x0000000080600000|100%| O|  |TAMS 0x0000000080500000| PB 0x0000000080500000| Untracked 
|   6|0x0000000080600000, 0x0000000080700000, 0x0000000080700000|100%| O|  |TAMS 0x0000000080600000| PB 0x0000000080600000| Untracked 
|   7|0x0000000080700000, 0x0000000080800000, 0x0000000080800000|100%| O|  |TAMS 0x0000000080700000| PB 0x0000000080700000| Untracked 
|   8|0x0000000080800000, 0x0000000080900000, 0x0000000080900000|100%| O|  |TAMS 0x0000000080800000| PB 0x0000000080800000| Untracked 
|   9|0x0000000080900000, 0x0000000080a00000, 0x0000000080a00000|100%| O|  |TAMS 0x0000000080900000| PB 0x0000000080900000| Untracked 
|  10|0x0000000080a00000, 0x0000000080b00000, 0x0000000080b00000|100%| O|  |TAMS 0x0000000080a00000| PB 0x0000000080a00000| Untracked 
|  11|0x0000000080b00000, 0x0000000080c00000, 0x0000000080c00000|100%|HS|  |TAMS 0x0000000080b00000| PB 0x0000000080b00000| Complete 
|  12|0x0000000080c00000, 0x0000000080d00000, 0x0000000080d00000|100%| O|  |TAMS 0x0000000080c00000| PB 0x0000000080c00000| Untracked 
|  13|0x0000000080d00000, 0x0000000080e00000, 0x0000000080e00000|100%| O|  |TAMS 0x0000000080d00000| PB 0x0000000080d00000| Untracked 
|  14|0x0000000080e00000, 0x0000000080f00000, 0x0000000080f00000|100%| O|  |TAMS 0x0000000080e00000| PB 0x0000000080e00000| Untracked 
|  15|0x0000000080f00000, 0x0000000081000000, 0x0000000081000000|100%| O|  |TAMS 0x0000000080f00000| PB 0x0000000080f00000| Untracked 
|  16|0x0000000081000000, 0x0000000081100000, 0x0000000081100000|100%| O|  |TAMS 0x0000000081000000| PB 0x0000000081000000| Untracked 
|  17|0x0000000081100000, 0x0000000081200000, 0x0000000081200000|100%| O|  |TAMS 0x0000000081100000| PB 0x0000000081100000| Untracked 
|  18|0x0000000081200000, 0x0000000081300000, 0x0000000081300000|100%| O|  |TAMS 0x0000000081200000| PB 0x0000000081200000| Untracked 
|  19|0x0000000081300000, 0x0000000081400000, 0x0000000081400000|100%| O|  |TAMS 0x0000000081300000| PB 0x0000000081300000| Untracked 
|  20|0x0000000081400000, 0x0000000081500000, 0x0000000081500000|100%| O|  |TAMS 0x0000000081400000| PB 0x0000000081400000| Untracked 
|  21|0x0000000081500000, 0x0000000081600000, 0x0000000081600000|100%|HS|  |TAMS 0x0000000081500000| PB 0x0000000081500000| Complete 
|  22|0x0000000081600000, 0x0000000081700000, 0x0000000081700000|100%|HC|  |TAMS 0x0000000081600000| PB 0x0000000081600000| Complete 
|  23|0x0000000081700000, 0x0000000081800000, 0x0000000081800000|100%|HC|  |TAMS 0x0000000081700000| PB 0x0000000081700000| Complete 
|  24|0x0000000081800000, 0x0000000081900000, 0x0000000081900000|100%|HC|  |TAMS 0x0000000081800000| PB 0x0000000081800000| Complete 
|  25|0x0000000081900000, 0x0000000081a00000, 0x0000000081a00000|100%|HC|  |TAMS 0x0000000081900000| PB 0x0000000081900000| Complete 
|  26|0x0000000081a00000, 0x0000000081b00000, 0x0000000081b00000|100%|HC|  |TAMS 0x0000000081a00000| PB 0x0000000081a00000| Complete 
|  27|0x0000000081b00000, 0x0000000081c00000, 0x0000000081c00000|100%|HS|  |TAMS 0x0000000081b00000| PB 0x0000000081b00000| Complete 
|  28|0x0000000081c00000, 0x0000000081d00000, 0x0000000081d00000|100%|HC|  |TAMS 0x0000000081c00000| PB 0x0000000081c00000| Complete 
|  29|0x0000000081d00000, 0x0000000081e00000, 0x0000000081e00000|100%|HC|  |TAMS 0x0000000081d00000| PB 0x0000000081d00000| Complete 
|  30|0x0000000081e00000, 0x0000000081f00000, 0x0000000081f00000|100%|HC|  |TAMS 0x0000000081e00000| PB 0x0000000081e00000| Complete 
|  31|0x0000000081f00000, 0x0000000082000000, 0x0000000082000000|100%|HS|  |TAMS 0x0000000081f00000| PB 0x0000000081f00000| Complete 
|  32|0x0000000082000000, 0x0000000082100000, 0x0000000082100000|100%|HC|  |TAMS 0x0000000082000000| PB 0x0000000082000000| Complete 
|  33|0x0000000082100000, 0x0000000082200000, 0x0000000082200000|100%|HS|  |TAMS 0x0000000082100000| PB 0x0000000082100000| Complete 
|  34|0x0000000082200000, 0x0000000082300000, 0x0000000082300000|100%|HS|  |TAMS 0x0000000082200000| PB 0x0000000082200000| Complete 
|  35|0x0000000082300000, 0x0000000082400000, 0x0000000082400000|100%| O|  |TAMS 0x0000000082300000| PB 0x0000000082300000| Untracked 
|  36|0x0000000082400000, 0x0000000082500000, 0x0000000082500000|100%|HS|  |TAMS 0x0000000082400000| PB 0x0000000082400000| Complete 
|  37|0x0000000082500000, 0x0000000082600000, 0x0000000082600000|100%|HC|  |TAMS 0x0000000082500000| PB 0x0000000082500000| Complete 
|  38|0x0000000082600000, 0x0000000082700000, 0x0000000082700000|100%|HC|  |TAMS 0x0000000082600000| PB 0x0000000082600000| Complete 
|  39|0x0000000082700000, 0x0000000082800000, 0x0000000082800000|100%|HC|  |TAMS 0x0000000082700000| PB 0x0000000082700000| Complete 
|  40|0x0000000082800000, 0x0000000082900000, 0x0000000082900000|100%|HC|  |TAMS 0x0000000082800000| PB 0x0000000082800000| Complete 
|  41|0x0000000082900000, 0x0000000082a00000, 0x0000000082a00000|100%|HC|  |TAMS 0x0000000082900000| PB 0x0000000082900000| Complete 
|  42|0x0000000082a00000, 0x0000000082b00000, 0x0000000082b00000|100%|HS|  |TAMS 0x0000000082a00000| PB 0x0000000082a00000| Complete 
|  43|0x0000000082b00000, 0x0000000082c00000, 0x0000000082c00000|100%|HC|  |TAMS 0x0000000082b00000| PB 0x0000000082b00000| Complete 
|  44|0x0000000082c00000, 0x0000000082d00000, 0x0000000082d00000|100%|HC|  |TAMS 0x0000000082c00000| PB 0x0000000082c00000| Complete 
|  45|0x0000000082d00000, 0x0000000082e00000, 0x0000000082e00000|100%|HC|  |TAMS 0x0000000082d00000| PB 0x0000000082d00000| Complete 
|  46|0x0000000082e00000, 0x0000000082f00000, 0x0000000082f00000|100%|HS|  |TAMS 0x0000000082e00000| PB 0x0000000082e00000| Complete 
|  47|0x0000000082f00000, 0x0000000083000000, 0x0000000083000000|100%|HC|  |TAMS 0x0000000082f00000| PB 0x0000000082f00000| Complete 
|  48|0x0000000083000000, 0x0000000083100000, 0x0000000083100000|100%|HS|  |TAMS 0x0000000083000000| PB 0x0000000083000000| Complete 
|  49|0x0000000083100000, 0x0000000083200000, 0x0000000083200000|100%| O|  |TAMS 0x0000000083100000| PB 0x0000000083100000| Untracked 
|  50|0x0000000083200000, 0x0000000083300000, 0x0000000083300000|100%| O|  |TAMS 0x0000000083200000| PB 0x0000000083200000| Untracked 
|  51|0x0000000083300000, 0x0000000083400000, 0x0000000083400000|100%| O|  |TAMS 0x0000000083300000| PB 0x0000000083300000| Untracked 
|  52|0x0000000083400000, 0x0000000083500000, 0x0000000083500000|100%| O|  |TAMS 0x0000000083400000| PB 0x0000000083400000| Untracked 
|  53|0x0000000083500000, 0x0000000083600000, 0x0000000083600000|100%| O|  |TAMS 0x0000000083500000| PB 0x0000000083500000| Untracked 
|  54|0x0000000083600000, 0x0000000083700000, 0x0000000083700000|100%| O|  |TAMS 0x0000000083600000| PB 0x0000000083600000| Untracked 
|  55|0x0000000083700000, 0x0000000083800000, 0x0000000083800000|100%| O|  |TAMS 0x0000000083700000| PB 0x0000000083700000| Untracked 
|  56|0x0000000083800000, 0x0000000083900000, 0x0000000083900000|100%| O|  |TAMS 0x0000000083800000| PB 0x0000000083800000| Untracked 
|  57|0x0000000083900000, 0x0000000083a00000, 0x0000000083a00000|100%| O|  |TAMS 0x0000000083900000| PB 0x0000000083900000| Untracked 
|  58|0x0000000083a00000, 0x0000000083b00000, 0x0000000083b00000|100%| O|  |TAMS 0x0000000083a00000| PB 0x0000000083a00000| Untracked 
|  59|0x0000000083b00000, 0x0000000083c00000, 0x0000000083c00000|100%| O|  |TAMS 0x0000000083b00000| PB 0x0000000083b00000| Untracked 
|  60|0x0000000083c00000, 0x0000000083d00000, 0x0000000083d00000|100%| O|  |TAMS 0x0000000083c00000| PB 0x0000000083c00000| Untracked 
|  61|0x0000000083d00000, 0x0000000083d588e8, 0x0000000083e00000| 34%| O|Cm|TAMS 0x0000000083d00000| PB 0x0000000083d00000| Complete 
|  62|0x0000000083e00000, 0x0000000083e00000, 0x0000000083f00000|  0%| F|  |TAMS 0x0000000083e00000| PB 0x0000000083e00000| Untracked 
|  63|0x0000000083f00000, 0x0000000083f00000, 0x0000000084000000|  0%| F|  |TAMS 0x0000000083f00000| PB 0x0000000083f00000| Untracked 
|  64|0x0000000084000000, 0x0000000084000000, 0x0000000084100000|  0%| F|  |TAMS 0x0000000084000000| PB 0x0000000084000000| Untracked 
|  65|0x0000000084100000, 0x0000000084100000, 0x0000000084200000|  0%| F|  |TAMS 0x0000000084100000| PB 0x0000000084100000| Untracked 
|  66|0x0000000084200000, 0x0000000084200000, 0x0000000084300000|  0%| F|  |TAMS 0x0000000084200000| PB 0x0000000084200000| Untracked 
|  67|0x0000000084300000, 0x0000000084300000, 0x0000000084400000|  0%| F|  |TAMS 0x0000000084300000| PB 0x0000000084300000| Untracked 
|  68|0x0000000084400000, 0x0000000084400000, 0x0000000084500000|  0%| F|  |TAMS 0x0000000084400000| PB 0x0000000084400000| Untracked 
|  69|0x0000000084500000, 0x0000000084500000, 0x0000000084600000|  0%| F|  |TAMS 0x0000000084500000| PB 0x0000000084500000| Untracked 
|  70|0x0000000084600000, 0x0000000084600000, 0x0000000084700000|  0%| F|  |TAMS 0x0000000084600000| PB 0x0000000084600000| Untracked 
|  71|0x0000000084700000, 0x0000000084700000, 0x0000000084800000|  0%| F|  |TAMS 0x0000000084700000| PB 0x0000000084700000| Untracked 
|  72|0x0000000084800000, 0x0000000084800000, 0x0000000084900000|  0%| F|  |TAMS 0x0000000084800000| PB 0x0000000084800000| Untracked 
|  73|0x0000000084900000, 0x0000000084900000, 0x0000000084a00000|  0%| F|  |TAMS 0x0000000084900000| PB 0x0000000084900000| Untracked 
|  74|0x0000000084a00000, 0x0000000084a00000, 0x0000000084b00000|  0%| F|  |TAMS 0x0000000084a00000| PB 0x0000000084a00000| Untracked 
|  75|0x0000000084b00000, 0x0000000084b00000, 0x0000000084c00000|  0%| F|  |TAMS 0x0000000084b00000| PB 0x0000000084b00000| Untracked 
|  76|0x0000000084c00000, 0x0000000084c00000, 0x0000000084d00000|  0%| F|  |TAMS 0x0000000084c00000| PB 0x0000000084c00000| Untracked 
|  77|0x0000000084d00000, 0x0000000084d00000, 0x0000000084e00000|  0%| F|  |TAMS 0x0000000084d00000| PB 0x0000000084d00000| Untracked 
|  78|0x0000000084e00000, 0x0000000084e00000, 0x0000000084f00000|  0%| F|  |TAMS 0x0000000084e00000| PB 0x0000000084e00000| Untracked 
|  79|0x0000000084f00000, 0x0000000084f00000, 0x0000000085000000|  0%| F|  |TAMS 0x0000000084f00000| PB 0x0000000084f00000| Untracked 
|  80|0x0000000085000000, 0x0000000085000000, 0x0000000085100000|  0%| F|  |TAMS 0x0000000085000000| PB 0x0000000085000000| Untracked 
|  81|0x0000000085100000, 0x0000000085100000, 0x0000000085200000|  0%| F|  |TAMS 0x0000000085100000| PB 0x0000000085100000| Untracked 
|  82|0x0000000085200000, 0x0000000085200000, 0x0000000085300000|  0%| F|  |TAMS 0x0000000085200000| PB 0x0000000085200000| Untracked 
|  83|0x0000000085300000, 0x0000000085300000, 0x0000000085400000|  0%| F|  |TAMS 0x0000000085300000| PB 0x0000000085300000| Untracked 
|  84|0x0000000085400000, 0x0000000085400000, 0x0000000085500000|  0%| F|  |TAMS 0x0000000085400000| PB 0x0000000085400000| Untracked 
|  85|0x0000000085500000, 0x0000000085500000, 0x0000000085600000|  0%| F|  |TAMS 0x0000000085500000| PB 0x0000000085500000| Untracked 
|  86|0x0000000085600000, 0x0000000085600000, 0x0000000085700000|  0%| F|  |TAMS 0x0000000085600000| PB 0x0000000085600000| Untracked 
|  87|0x0000000085700000, 0x0000000085700000, 0x0000000085800000|  0%| F|  |TAMS 0x0000000085700000| PB 0x0000000085700000| Untracked 
|  88|0x0000000085800000, 0x0000000085800000, 0x0000000085900000|  0%| F|  |TAMS 0x0000000085800000| PB 0x0000000085800000| Untracked 
|  89|0x0000000085900000, 0x0000000085900000, 0x0000000085a00000|  0%| F|  |TAMS 0x0000000085900000| PB 0x0000000085900000| Untracked 
|  90|0x0000000085a00000, 0x0000000085a00000, 0x0000000085b00000|  0%| F|  |TAMS 0x0000000085a00000| PB 0x0000000085a00000| Untracked 
|  91|0x0000000085b00000, 0x0000000085b00000, 0x0000000085c00000|  0%| F|  |TAMS 0x0000000085b00000| PB 0x0000000085b00000| Untracked 
|  92|0x0000000085c00000, 0x0000000085c00000, 0x0000000085d00000|  0%| F|  |TAMS 0x0000000085c00000| PB 0x0000000085c00000| Untracked 
|  93|0x0000000085d00000, 0x0000000085d00000, 0x0000000085e00000|  0%| F|  |TAMS 0x0000000085d00000| PB 0x0000000085d00000| Untracked 
|  94|0x0000000085e00000, 0x0000000085e00000, 0x0000000085f00000|  0%| F|  |TAMS 0x0000000085e00000| PB 0x0000000085e00000| Untracked 
|  95|0x0000000085f00000, 0x0000000085fd7820, 0x0000000086000000| 84%| S|CS|TAMS 0x0000000085f00000| PB 0x0000000085f00000| Complete 
|  96|0x0000000086000000, 0x0000000086100000, 0x0000000086100000|100%| S|CS|TAMS 0x0000000086000000| PB 0x0000000086000000| Complete 
|  97|0x0000000086100000, 0x0000000086200000, 0x0000000086200000|100%| S|CS|TAMS 0x0000000086100000| PB 0x0000000086100000| Complete 
|  98|0x0000000086200000, 0x0000000086300000, 0x0000000086300000|100%| S|CS|TAMS 0x0000000086200000| PB 0x0000000086200000| Complete 
|  99|0x0000000086300000, 0x0000000086400000, 0x0000000086400000|100%| S|CS|TAMS 0x0000000086300000| PB 0x0000000086300000| Complete 
| 100|0x0000000086400000, 0x0000000086500000, 0x0000000086500000|100%| S|CS|TAMS 0x0000000086400000| PB 0x0000000086400000| Complete 
| 101|0x0000000086500000, 0x0000000086600000, 0x0000000086600000|100%| S|CS|TAMS 0x0000000086500000| PB 0x0000000086500000| Complete 
| 102|0x0000000086600000, 0x0000000086700000, 0x0000000086700000|100%| S|CS|TAMS 0x0000000086600000| PB 0x0000000086600000| Complete 
| 103|0x0000000086700000, 0x0000000086800000, 0x0000000086800000|100%| S|CS|TAMS 0x0000000086700000| PB 0x0000000086700000| Complete 
| 104|0x0000000086800000, 0x0000000086900000, 0x0000000086900000|100%| S|CS|TAMS 0x0000000086800000| PB 0x0000000086800000| Complete 
| 105|0x0000000086900000, 0x0000000086a00000, 0x0000000086a00000|100%| S|CS|TAMS 0x0000000086900000| PB 0x0000000086900000| Complete 
| 106|0x0000000086a00000, 0x0000000086b00000, 0x0000000086b00000|100%| S|CS|TAMS 0x0000000086a00000| PB 0x0000000086a00000| Complete 
| 107|0x0000000086b00000, 0x0000000086c00000, 0x0000000086c00000|100%| S|CS|TAMS 0x0000000086b00000| PB 0x0000000086b00000| Complete 
| 108|0x0000000086c00000, 0x0000000086c00000, 0x0000000086d00000|  0%| F|  |TAMS 0x0000000086c00000| PB 0x0000000086c00000| Untracked 
| 109|0x0000000086d00000, 0x0000000086d00000, 0x0000000086e00000|  0%| F|  |TAMS 0x0000000086d00000| PB 0x0000000086d00000| Untracked 
| 110|0x0000000086e00000, 0x0000000086e00000, 0x0000000086f00000|  0%| F|  |TAMS 0x0000000086e00000| PB 0x0000000086e00000| Untracked 
| 111|0x0000000086f00000, 0x0000000086f00000, 0x0000000087000000|  0%| F|  |TAMS 0x0000000086f00000| PB 0x0000000086f00000| Untracked 
| 112|0x0000000087000000, 0x0000000087000000, 0x0000000087100000|  0%| F|  |TAMS 0x0000000087000000| PB 0x0000000087000000| Untracked 
| 113|0x0000000087100000, 0x0000000087100000, 0x0000000087200000|  0%| F|  |TAMS 0x0000000087100000| PB 0x0000000087100000| Untracked 
| 114|0x0000000087200000, 0x0000000087200000, 0x0000000087300000|  0%| F|  |TAMS 0x0000000087200000| PB 0x0000000087200000| Untracked 
| 115|0x0000000087300000, 0x0000000087300000, 0x0000000087400000|  0%| F|  |TAMS 0x0000000087300000| PB 0x0000000087300000| Untracked 
| 116|0x0000000087400000, 0x0000000087400000, 0x0000000087500000|  0%| F|  |TAMS 0x0000000087400000| PB 0x0000000087400000| Untracked 
| 117|0x0000000087500000, 0x0000000087500000, 0x0000000087600000|  0%| F|  |TAMS 0x0000000087500000| PB 0x0000000087500000| Untracked 
| 118|0x0000000087600000, 0x0000000087600000, 0x0000000087700000|  0%| F|  |TAMS 0x0000000087600000| PB 0x0000000087600000| Untracked 
| 119|0x0000000087700000, 0x0000000087700000, 0x0000000087800000|  0%| F|  |TAMS 0x0000000087700000| PB 0x0000000087700000| Untracked 
| 120|0x0000000087800000, 0x0000000087800000, 0x0000000087900000|  0%| F|  |TAMS 0x0000000087800000| PB 0x0000000087800000| Untracked 
| 121|0x0000000087900000, 0x0000000087900000, 0x0000000087a00000|  0%| F|  |TAMS 0x0000000087900000| PB 0x0000000087900000| Untracked 
| 122|0x0000000087a00000, 0x0000000087a00000, 0x0000000087b00000|  0%| F|  |TAMS 0x0000000087a00000| PB 0x0000000087a00000| Untracked 
| 123|0x0000000087b00000, 0x0000000087b00000, 0x0000000087c00000|  0%| F|  |TAMS 0x0000000087b00000| PB 0x0000000087b00000| Untracked 
| 124|0x0000000087c00000, 0x0000000087c00000, 0x0000000087d00000|  0%| F|  |TAMS 0x0000000087c00000| PB 0x0000000087c00000| Untracked 
| 125|0x0000000087d00000, 0x0000000087d00000, 0x0000000087e00000|  0%| F|  |TAMS 0x0000000087d00000| PB 0x0000000087d00000| Untracked 
| 126|0x0000000087e00000, 0x0000000087e00000, 0x0000000087f00000|  0%| F|  |TAMS 0x0000000087e00000| PB 0x0000000087e00000| Untracked 
| 127|0x0000000087f00000, 0x0000000087f00000, 0x0000000088000000|  0%| F|  |TAMS 0x0000000087f00000| PB 0x0000000087f00000| Untracked 
| 128|0x0000000088000000, 0x0000000088000000, 0x0000000088100000|  0%| F|  |TAMS 0x0000000088000000| PB 0x0000000088000000| Untracked 
| 129|0x0000000088100000, 0x0000000088100000, 0x0000000088200000|  0%| F|  |TAMS 0x0000000088100000| PB 0x0000000088100000| Untracked 
| 130|0x0000000088200000, 0x0000000088200000, 0x0000000088300000|  0%| F|  |TAMS 0x0000000088200000| PB 0x0000000088200000| Untracked 
| 131|0x0000000088300000, 0x0000000088300000, 0x0000000088400000|  0%| F|  |TAMS 0x0000000088300000| PB 0x0000000088300000| Untracked 
| 132|0x0000000088400000, 0x0000000088400000, 0x0000000088500000|  0%| F|  |TAMS 0x0000000088400000| PB 0x0000000088400000| Untracked 
| 133|0x0000000088500000, 0x0000000088500000, 0x0000000088600000|  0%| F|  |TAMS 0x0000000088500000| PB 0x0000000088500000| Untracked 
| 134|0x0000000088600000, 0x0000000088600000, 0x0000000088700000|  0%| F|  |TAMS 0x0000000088600000| PB 0x0000000088600000| Untracked 
| 135|0x0000000088700000, 0x0000000088700000, 0x0000000088800000|  0%| F|  |TAMS 0x0000000088700000| PB 0x0000000088700000| Untracked 
| 136|0x0000000088800000, 0x0000000088800000, 0x0000000088900000|  0%| F|  |TAMS 0x0000000088800000| PB 0x0000000088800000| Untracked 
| 137|0x0000000088900000, 0x0000000088900000, 0x0000000088a00000|  0%| F|  |TAMS 0x0000000088900000| PB 0x0000000088900000| Untracked 
| 138|0x0000000088a00000, 0x0000000088a00000, 0x0000000088b00000|  0%| F|  |TAMS 0x0000000088a00000| PB 0x0000000088a00000| Untracked 
| 139|0x0000000088b00000, 0x0000000088b00000, 0x0000000088c00000|  0%| F|  |TAMS 0x0000000088b00000| PB 0x0000000088b00000| Untracked 
| 140|0x0000000088c00000, 0x0000000088c00000, 0x0000000088d00000|  0%| F|  |TAMS 0x0000000088c00000| PB 0x0000000088c00000| Untracked 
| 141|0x0000000088d00000, 0x0000000088d00000, 0x0000000088e00000|  0%| F|  |TAMS 0x0000000088d00000| PB 0x0000000088d00000| Untracked 
| 142|0x0000000088e00000, 0x0000000088e00000, 0x0000000088f00000|  0%| F|  |TAMS 0x0000000088e00000| PB 0x0000000088e00000| Untracked 
| 143|0x0000000088f00000, 0x0000000088f00000, 0x0000000089000000|  0%| F|  |TAMS 0x0000000088f00000| PB 0x0000000088f00000| Untracked 
| 144|0x0000000089000000, 0x0000000089000000, 0x0000000089100000|  0%| F|  |TAMS 0x0000000089000000| PB 0x0000000089000000| Untracked 
| 145|0x0000000089100000, 0x0000000089100000, 0x0000000089200000|  0%| F|  |TAMS 0x0000000089100000| PB 0x0000000089100000| Untracked 
| 146|0x0000000089200000, 0x0000000089200000, 0x0000000089300000|  0%| F|  |TAMS 0x0000000089200000| PB 0x0000000089200000| Untracked 
| 147|0x0000000089300000, 0x0000000089300000, 0x0000000089400000|  0%| F|  |TAMS 0x0000000089300000| PB 0x0000000089300000| Untracked 
| 148|0x0000000089400000, 0x0000000089400000, 0x0000000089500000|  0%| F|  |TAMS 0x0000000089400000| PB 0x0000000089400000| Untracked 
| 149|0x0000000089500000, 0x0000000089500000, 0x0000000089600000|  0%| F|  |TAMS 0x0000000089500000| PB 0x0000000089500000| Untracked 
| 150|0x0000000089600000, 0x0000000089600000, 0x0000000089700000|  0%| F|  |TAMS 0x0000000089600000| PB 0x0000000089600000| Untracked 
| 151|0x0000000089700000, 0x0000000089700000, 0x0000000089800000|  0%| F|  |TAMS 0x0000000089700000| PB 0x0000000089700000| Untracked 
| 152|0x0000000089800000, 0x0000000089800000, 0x0000000089900000|  0%| F|  |TAMS 0x0000000089800000| PB 0x0000000089800000| Untracked 
| 153|0x0000000089900000, 0x0000000089900000, 0x0000000089a00000|  0%| F|  |TAMS 0x0000000089900000| PB 0x0000000089900000| Untracked 
| 154|0x0000000089a00000, 0x0000000089a00000, 0x0000000089b00000|  0%| F|  |TAMS 0x0000000089a00000| PB 0x0000000089a00000| Untracked 
| 155|0x0000000089b00000, 0x0000000089b00000, 0x0000000089c00000|  0%| F|  |TAMS 0x0000000089b00000| PB 0x0000000089b00000| Untracked 
| 156|0x0000000089c00000, 0x0000000089c00000, 0x0000000089d00000|  0%| F|  |TAMS 0x0000000089c00000| PB 0x0000000089c00000| Untracked 
| 157|0x0000000089d00000, 0x0000000089d00000, 0x0000000089e00000|  0%| F|  |TAMS 0x0000000089d00000| PB 0x0000000089d00000| Untracked 
| 158|0x0000000089e00000, 0x0000000089e00000, 0x0000000089f00000|  0%| F|  |TAMS 0x0000000089e00000| PB 0x0000000089e00000| Untracked 
| 159|0x0000000089f00000, 0x0000000089f00000, 0x000000008a000000|  0%| F|  |TAMS 0x0000000089f00000| PB 0x0000000089f00000| Untracked 
| 160|0x000000008a000000, 0x000000008a000000, 0x000000008a100000|  0%| F|  |TAMS 0x000000008a000000| PB 0x000000008a000000| Untracked 
| 161|0x000000008a100000, 0x000000008a100000, 0x000000008a200000|  0%| F|  |TAMS 0x000000008a100000| PB 0x000000008a100000| Untracked 
| 162|0x000000008a200000, 0x000000008a200000, 0x000000008a300000|  0%| F|  |TAMS 0x000000008a200000| PB 0x000000008a200000| Untracked 
| 163|0x000000008a300000, 0x000000008a300000, 0x000000008a400000|  0%| F|  |TAMS 0x000000008a300000| PB 0x000000008a300000| Untracked 
| 164|0x000000008a400000, 0x000000008a400000, 0x000000008a500000|  0%| F|  |TAMS 0x000000008a400000| PB 0x000000008a400000| Untracked 
| 165|0x000000008a500000, 0x000000008a500000, 0x000000008a600000|  0%| F|  |TAMS 0x000000008a500000| PB 0x000000008a500000| Untracked 
| 166|0x000000008a600000, 0x000000008a600000, 0x000000008a700000|  0%| F|  |TAMS 0x000000008a600000| PB 0x000000008a600000| Untracked 
| 167|0x000000008a700000, 0x000000008a700000, 0x000000008a800000|  0%| F|  |TAMS 0x000000008a700000| PB 0x000000008a700000| Untracked 
| 168|0x000000008a800000, 0x000000008a800000, 0x000000008a900000|  0%| F|  |TAMS 0x000000008a800000| PB 0x000000008a800000| Untracked 
| 169|0x000000008a900000, 0x000000008a900000, 0x000000008aa00000|  0%| F|  |TAMS 0x000000008a900000| PB 0x000000008a900000| Untracked 
| 170|0x000000008aa00000, 0x000000008aa00000, 0x000000008ab00000|  0%| F|  |TAMS 0x000000008aa00000| PB 0x000000008aa00000| Untracked 
| 171|0x000000008ab00000, 0x000000008ab00000, 0x000000008ac00000|  0%| F|  |TAMS 0x000000008ab00000| PB 0x000000008ab00000| Untracked 
| 172|0x000000008ac00000, 0x000000008ac00000, 0x000000008ad00000|  0%| F|  |TAMS 0x000000008ac00000| PB 0x000000008ac00000| Untracked 
| 173|0x000000008ad00000, 0x000000008ad00000, 0x000000008ae00000|  0%| F|  |TAMS 0x000000008ad00000| PB 0x000000008ad00000| Untracked 
| 174|0x000000008ae00000, 0x000000008ae00000, 0x000000008af00000|  0%| F|  |TAMS 0x000000008ae00000| PB 0x000000008ae00000| Untracked 
| 175|0x000000008af00000, 0x000000008af00000, 0x000000008b000000|  0%| F|  |TAMS 0x000000008af00000| PB 0x000000008af00000| Untracked 
| 176|0x000000008b000000, 0x000000008b000000, 0x000000008b100000|  0%| F|  |TAMS 0x000000008b000000| PB 0x000000008b000000| Untracked 
| 177|0x000000008b100000, 0x000000008b100000, 0x000000008b200000|  0%| F|  |TAMS 0x000000008b100000| PB 0x000000008b100000| Untracked 
| 178|0x000000008b200000, 0x000000008b200000, 0x000000008b300000|  0%| F|  |TAMS 0x000000008b200000| PB 0x000000008b200000| Untracked 
| 179|0x000000008b300000, 0x000000008b300000, 0x000000008b400000|  0%| F|  |TAMS 0x000000008b300000| PB 0x000000008b300000| Untracked 
| 180|0x000000008b400000, 0x000000008b400000, 0x000000008b500000|  0%| F|  |TAMS 0x000000008b400000| PB 0x000000008b400000| Untracked 
| 181|0x000000008b500000, 0x000000008b500000, 0x000000008b600000|  0%| F|  |TAMS 0x000000008b500000| PB 0x000000008b500000| Untracked 
| 182|0x000000008b600000, 0x000000008b600000, 0x000000008b700000|  0%| F|  |TAMS 0x000000008b600000| PB 0x000000008b600000| Untracked 
| 183|0x000000008b700000, 0x000000008b700000, 0x000000008b800000|  0%| F|  |TAMS 0x000000008b700000| PB 0x000000008b700000| Untracked 
| 184|0x000000008b800000, 0x000000008b800000, 0x000000008b900000|  0%| F|  |TAMS 0x000000008b800000| PB 0x000000008b800000| Untracked 
| 185|0x000000008b900000, 0x000000008b900000, 0x000000008ba00000|  0%| F|  |TAMS 0x000000008b900000| PB 0x000000008b900000| Untracked 
| 186|0x000000008ba00000, 0x000000008ba00000, 0x000000008bb00000|  0%| F|  |TAMS 0x000000008ba00000| PB 0x000000008ba00000| Untracked 
| 187|0x000000008bb00000, 0x000000008bb00000, 0x000000008bc00000|  0%| F|  |TAMS 0x000000008bb00000| PB 0x000000008bb00000| Untracked 
| 188|0x000000008bc00000, 0x000000008bc00000, 0x000000008bd00000|  0%| F|  |TAMS 0x000000008bc00000| PB 0x000000008bc00000| Untracked 
| 189|0x000000008bd00000, 0x000000008bd00000, 0x000000008be00000|  0%| F|  |TAMS 0x000000008bd00000| PB 0x000000008bd00000| Untracked 
| 190|0x000000008be00000, 0x000000008be00000, 0x000000008bf00000|  0%| F|  |TAMS 0x000000008be00000| PB 0x000000008be00000| Untracked 
| 191|0x000000008bf00000, 0x000000008bf00000, 0x000000008c000000|  0%| F|  |TAMS 0x000000008bf00000| PB 0x000000008bf00000| Untracked 
| 192|0x000000008c000000, 0x000000008c000000, 0x000000008c100000|  0%| F|  |TAMS 0x000000008c000000| PB 0x000000008c000000| Untracked 
| 193|0x000000008c100000, 0x000000008c100000, 0x000000008c200000|  0%| F|  |TAMS 0x000000008c100000| PB 0x000000008c100000| Untracked 
| 194|0x000000008c200000, 0x000000008c200000, 0x000000008c300000|  0%| F|  |TAMS 0x000000008c200000| PB 0x000000008c200000| Untracked 
| 195|0x000000008c300000, 0x000000008c300000, 0x000000008c400000|  0%| F|  |TAMS 0x000000008c300000| PB 0x000000008c300000| Untracked 
| 196|0x000000008c400000, 0x000000008c400000, 0x000000008c500000|  0%| F|  |TAMS 0x000000008c400000| PB 0x000000008c400000| Untracked 
| 197|0x000000008c500000, 0x000000008c500000, 0x000000008c600000|  0%| F|  |TAMS 0x000000008c500000| PB 0x000000008c500000| Untracked 
| 198|0x000000008c600000, 0x000000008c600000, 0x000000008c700000|  0%| F|  |TAMS 0x000000008c600000| PB 0x000000008c600000| Untracked 
| 199|0x000000008c700000, 0x000000008c700000, 0x000000008c800000|  0%| F|  |TAMS 0x000000008c700000| PB 0x000000008c700000| Untracked 
| 200|0x000000008c800000, 0x000000008c800000, 0x000000008c900000|  0%| F|  |TAMS 0x000000008c800000| PB 0x000000008c800000| Untracked 
| 201|0x000000008c900000, 0x000000008c900000, 0x000000008ca00000|  0%| F|  |TAMS 0x000000008c900000| PB 0x000000008c900000| Untracked 
| 202|0x000000008ca00000, 0x000000008ca00000, 0x000000008cb00000|  0%| F|  |TAMS 0x000000008ca00000| PB 0x000000008ca00000| Untracked 
| 203|0x000000008cb00000, 0x000000008cb00000, 0x000000008cc00000|  0%| F|  |TAMS 0x000000008cb00000| PB 0x000000008cb00000| Untracked 
| 204|0x000000008cc00000, 0x000000008cc00000, 0x000000008cd00000|  0%| F|  |TAMS 0x000000008cc00000| PB 0x000000008cc00000| Untracked 
| 205|0x000000008cd00000, 0x000000008cd00000, 0x000000008ce00000|  0%| F|  |TAMS 0x000000008cd00000| PB 0x000000008cd00000| Untracked 
| 206|0x000000008ce00000, 0x000000008ce00000, 0x000000008cf00000|  0%| F|  |TAMS 0x000000008ce00000| PB 0x000000008ce00000| Untracked 
| 207|0x000000008cf00000, 0x000000008cf00000, 0x000000008d000000|  0%| F|  |TAMS 0x000000008cf00000| PB 0x000000008cf00000| Untracked 
| 208|0x000000008d000000, 0x000000008d000000, 0x000000008d100000|  0%| F|  |TAMS 0x000000008d000000| PB 0x000000008d000000| Untracked 
| 209|0x000000008d100000, 0x000000008d100000, 0x000000008d200000|  0%| F|  |TAMS 0x000000008d100000| PB 0x000000008d100000| Untracked 
| 210|0x000000008d200000, 0x000000008d200000, 0x000000008d300000|  0%| F|  |TAMS 0x000000008d200000| PB 0x000000008d200000| Untracked 
| 211|0x000000008d300000, 0x000000008d300000, 0x000000008d400000|  0%| F|  |TAMS 0x000000008d300000| PB 0x000000008d300000| Untracked 
| 212|0x000000008d400000, 0x000000008d400000, 0x000000008d500000|  0%| F|  |TAMS 0x000000008d400000| PB 0x000000008d400000| Untracked 
| 213|0x000000008d500000, 0x000000008d500000, 0x000000008d600000|  0%| F|  |TAMS 0x000000008d500000| PB 0x000000008d500000| Untracked 
| 214|0x000000008d600000, 0x000000008d600000, 0x000000008d700000|  0%| F|  |TAMS 0x000000008d600000| PB 0x000000008d600000| Untracked 
| 215|0x000000008d700000, 0x000000008d700000, 0x000000008d800000|  0%| F|  |TAMS 0x000000008d700000| PB 0x000000008d700000| Untracked 
| 216|0x000000008d800000, 0x000000008d800000, 0x000000008d900000|  0%| F|  |TAMS 0x000000008d800000| PB 0x000000008d800000| Untracked 
| 217|0x000000008d900000, 0x000000008d900000, 0x000000008da00000|  0%| F|  |TAMS 0x000000008d900000| PB 0x000000008d900000| Untracked 
| 218|0x000000008da00000, 0x000000008da00000, 0x000000008db00000|  0%| F|  |TAMS 0x000000008da00000| PB 0x000000008da00000| Untracked 
| 219|0x000000008db00000, 0x000000008db00000, 0x000000008dc00000|  0%| F|  |TAMS 0x000000008db00000| PB 0x000000008db00000| Untracked 
| 220|0x000000008dc00000, 0x000000008dc00000, 0x000000008dd00000|  0%| F|  |TAMS 0x000000008dc00000| PB 0x000000008dc00000| Untracked 
| 221|0x000000008dd00000, 0x000000008dd00000, 0x000000008de00000|  0%| F|  |TAMS 0x000000008dd00000| PB 0x000000008dd00000| Untracked 
| 222|0x000000008de00000, 0x000000008de00000, 0x000000008df00000|  0%| F|  |TAMS 0x000000008de00000| PB 0x000000008de00000| Untracked 
| 223|0x000000008df00000, 0x000000008df00000, 0x000000008e000000|  0%| F|  |TAMS 0x000000008df00000| PB 0x000000008df00000| Untracked 
| 224|0x000000008e000000, 0x000000008e000000, 0x000000008e100000|  0%| F|  |TAMS 0x000000008e000000| PB 0x000000008e000000| Untracked 
| 225|0x000000008e100000, 0x000000008e100000, 0x000000008e200000|  0%| F|  |TAMS 0x000000008e100000| PB 0x000000008e100000| Untracked 
| 226|0x000000008e200000, 0x000000008e200000, 0x000000008e300000|  0%| F|  |TAMS 0x000000008e200000| PB 0x000000008e200000| Untracked 
| 227|0x000000008e300000, 0x000000008e300000, 0x000000008e400000|  0%| F|  |TAMS 0x000000008e300000| PB 0x000000008e300000| Untracked 
| 228|0x000000008e400000, 0x000000008e400000, 0x000000008e500000|  0%| F|  |TAMS 0x000000008e400000| PB 0x000000008e400000| Untracked 
| 229|0x000000008e500000, 0x000000008e500000, 0x000000008e600000|  0%| F|  |TAMS 0x000000008e500000| PB 0x000000008e500000| Untracked 
| 230|0x000000008e600000, 0x000000008e600000, 0x000000008e700000|  0%| F|  |TAMS 0x000000008e600000| PB 0x000000008e600000| Untracked 
| 231|0x000000008e700000, 0x000000008e800000, 0x000000008e800000|100%| E|  |TAMS 0x000000008e700000| PB 0x000000008e700000| Complete 
| 232|0x000000008e800000, 0x000000008e900000, 0x000000008e900000|100%| E|CS|TAMS 0x000000008e800000| PB 0x000000008e800000| Complete 
| 233|0x000000008e900000, 0x000000008ea00000, 0x000000008ea00000|100%| E|CS|TAMS 0x000000008e900000| PB 0x000000008e900000| Complete 
| 234|0x000000008ea00000, 0x000000008eb00000, 0x000000008eb00000|100%| E|CS|TAMS 0x000000008ea00000| PB 0x000000008ea00000| Complete 
| 235|0x000000008eb00000, 0x000000008ec00000, 0x000000008ec00000|100%| E|CS|TAMS 0x000000008eb00000| PB 0x000000008eb00000| Complete 
| 236|0x000000008ec00000, 0x000000008ed00000, 0x000000008ed00000|100%| E|CS|TAMS 0x000000008ec00000| PB 0x000000008ec00000| Complete 
| 237|0x000000008ed00000, 0x000000008ee00000, 0x000000008ee00000|100%| E|CS|TAMS 0x000000008ed00000| PB 0x000000008ed00000| Complete 
| 238|0x000000008ee00000, 0x000000008ef00000, 0x000000008ef00000|100%| E|CS|TAMS 0x000000008ee00000| PB 0x000000008ee00000| Complete 
| 255|0x000000008ff00000, 0x0000000090000000, 0x0000000090000000|100%| E|CS|TAMS 0x000000008ff00000| PB 0x000000008ff00000| Complete 
| 256|0x0000000090000000, 0x0000000090100000, 0x0000000090100000|100%| E|CS|TAMS 0x0000000090000000| PB 0x0000000090000000| Complete 
| 257|0x0000000090100000, 0x0000000090200000, 0x0000000090200000|100%| E|CS|TAMS 0x0000000090100000| PB 0x0000000090100000| Complete 
| 330|0x0000000094a00000, 0x0000000094b00000, 0x0000000094b00000|100%| E|CS|TAMS 0x0000000094a00000| PB 0x0000000094a00000| Complete 
| 331|0x0000000094b00000, 0x0000000094c00000, 0x0000000094c00000|100%| E|CS|TAMS 0x0000000094b00000| PB 0x0000000094b00000| Complete 
| 332|0x0000000094c00000, 0x0000000094d00000, 0x0000000094d00000|100%| E|CS|TAMS 0x0000000094c00000| PB 0x0000000094c00000| Complete 
| 333|0x0000000094d00000, 0x0000000094e00000, 0x0000000094e00000|100%| E|CS|TAMS 0x0000000094d00000| PB 0x0000000094d00000| Complete 
| 334|0x0000000094e00000, 0x0000000094f00000, 0x0000000094f00000|100%| E|CS|TAMS 0x0000000094e00000| PB 0x0000000094e00000| Complete 
| 335|0x0000000094f00000, 0x0000000095000000, 0x0000000095000000|100%| E|CS|TAMS 0x0000000094f00000| PB 0x0000000094f00000| Complete 
| 336|0x0000000095000000, 0x0000000095100000, 0x0000000095100000|100%| E|CS|TAMS 0x0000000095000000| PB 0x0000000095000000| Complete 
| 337|0x0000000095100000, 0x0000000095200000, 0x0000000095200000|100%| E|CS|TAMS 0x0000000095100000| PB 0x0000000095100000| Complete 
| 378|0x0000000097a00000, 0x0000000097b00000, 0x0000000097b00000|100%| E|CS|TAMS 0x0000000097a00000| PB 0x0000000097a00000| Complete 
| 379|0x0000000097b00000, 0x0000000097c00000, 0x0000000097c00000|100%| E|CS|TAMS 0x0000000097b00000| PB 0x0000000097b00000| Complete 
|2043|0x00000000ffb00000, 0x00000000ffc00000, 0x00000000ffc00000|100%| O|  |TAMS 0x00000000ffb00000| PB 0x00000000ffb00000| Untracked 
|2044|0x00000000ffc00000, 0x00000000ffd00000, 0x00000000ffd00000|100%| O|  |TAMS 0x00000000ffc00000| PB 0x00000000ffc00000| Untracked 
|2045|0x00000000ffd00000, 0x00000000ffe00000, 0x00000000ffe00000|100%| O|  |TAMS 0x00000000ffd00000| PB 0x00000000ffd00000| Untracked 
|2046|0x00000000ffe00000, 0x00000000fff00000, 0x00000000fff00000|100%| O|  |TAMS 0x00000000ffe00000| PB 0x00000000ffe00000| Untracked 
|2047|0x00000000fff00000, 0x0000000100000000, 0x0000000100000000|100%| O|  |TAMS 0x00000000fff00000| PB 0x00000000fff00000| Untracked 

Card table byte_map: [0x000001717f820000,0x000001717fc20000] _byte_map_base: 0x000001717f420000

Marking Bits: (CMBitMap*) 0x000001716b29bd00
 Bits: [0x0000017100000000, 0x0000017102000000)

Polling page: 0x000001716af80000

Metaspace:

Usage:
  Non-class:     49.93 MB used.
      Class:      7.80 MB used.
       Both:     57.73 MB used.

Virtual space:
  Non-class space:       64.00 MB reserved,      50.62 MB ( 79%) committed,  1 nodes.
      Class space:        1.00 GB reserved,       8.38 MB ( <1%) committed,  1 nodes.
             Both:        1.06 GB reserved,      59.00 MB (  5%) committed. 

Chunk freelists:
   Non-Class:  13.02 MB
       Class:  7.50 MB
        Both:  20.52 MB

MaxMetaspaceSize: unlimited
CompressedClassSpaceSize: 1.00 GB
Initial GC threshold: 21.00 MB
Current GC threshold: 98.38 MB
CDS: off
 - commit_granule_bytes: 65536.
 - commit_granule_words: 8192.
 - virtual_space_node_default_size: 8388608.
 - enlarge_chunks_in_place: 1.
 - use_allocation_guard: 0.


Internal statistics:

num_allocs_failed_limit: 9.
num_arena_births: 2380.
num_arena_deaths: 0.
num_vsnodes_births: 2.
num_vsnodes_deaths: 0.
num_space_committed: 944.
num_space_uncommitted: 0.
num_chunks_returned_to_freelist: 9.
num_chunks_taken_from_freelist: 4545.
num_chunk_merges: 9.
num_chunk_splits: 2995.
num_chunks_enlarged: 1911.
num_inconsistent_stats: 0.

CodeHeap 'non-profiled nmethods': size=120000Kb used=3569Kb max_used=3803Kb free=116431Kb
 bounds [0x0000017177490000, 0x0000017177850000, 0x000001717e9c0000]
CodeHeap 'profiled nmethods': size=120000Kb used=11237Kb max_used=11929Kb free=108762Kb
 bounds [0x000001716f9c0000, 0x0000017170570000, 0x0000017176ef0000]
CodeHeap 'non-nmethods': size=5760Kb used=2934Kb max_used=2981Kb free=2825Kb
 bounds [0x0000017176ef0000, 0x00000171771e0000, 0x0000017177490000]
 total_blobs=6742 nmethods=5883 adapters=762
 compilation: enabled
              stopped_count=0, restarted_count=0
 full_count=0

Compilation events (20 events):
Event: 7.251 Thread 0x0000017104953800 nmethod 6739 0x000001716fa3a790 code [0x000001716fa3a940, 0x000001716fa3ab70]
Event: 7.251 Thread 0x0000017104953800 6740       3       org.gradle.internal.classpath.InstrumentingClasspathFileTransformer$BaseTransformation::processClassFile (99 bytes)
Event: 7.252 Thread 0x0000017104953800 nmethod 6740 0x000001716fe3e790 code [0x000001716fe3eae0, 0x000001716fe3ff18]
Event: 7.252 Thread 0x0000017104953800 6742       3       org.apache.commons.compress.archivers.zip.ZipArchiveOutputStream::preClose (54 bytes)
Event: 7.253 Thread 0x0000017104953800 nmethod 6742 0x000001716fade410 code [0x000001716fade600, 0x000001716fade990]
Event: 7.253 Thread 0x0000017104953800 6743       3       org.apache.commons.compress.archivers.zip.ZipArchiveOutputStream::putArchiveEntry (297 bytes)
Event: 7.255 Thread 0x0000017104953800 nmethod 6743 0x000001716ff09490 code [0x000001716ff098c0, 0x000001716ff0b668]
Event: 7.255 Thread 0x0000017104953800 6741       3       org.gradle.internal.classpath.ClasspathWalker$ZipClasspathEntry::getCompressionMethod (56 bytes)
Event: 7.255 Thread 0x0000017104953800 nmethod 6741 0x000001716faa3d10 code [0x000001716faa3ee0, 0x000001716faa41e8]
Event: 7.255 Thread 0x0000017104953800 6744       3       org.gradle.internal.classpath.ClasspathWalker$ZipClasspathEntry::getContent (10 bytes)
Event: 7.255 Thread 0x0000017104953800 nmethod 6744 0x000001716fa0f110 code [0x000001716fa0f2e0, 0x000001716fa0f788]
Event: 7.255 Thread 0x0000017104953800 6745       3       com.google.common.io.ByteStreams::readFully (58 bytes)
Event: 7.255 Thread 0x0000017104953800 nmethod 6745 0x000001716fafa990 code [0x000001716fafac20, 0x000001716fafb420]
Event: 7.267 Thread 0x0000017104953800 6746       3       org.apache.commons.compress.archivers.zip.ZipArchiveOutputStream::handleSizesAndCrc (266 bytes)
Event: 7.269 Thread 0x0000017104953800 nmethod 6746 0x00000171700b4710 code [0x00000171700b4bc0, 0x00000171700b6b10]
Event: 7.271 Thread 0x0000017104953800 6747   !   3       java.util.zip.Deflater::reset (64 bytes)
Event: 7.271 Thread 0x0000017104953800 nmethod 6747 0x000001716fb18c90 code [0x000001716fb18e60, 0x000001716fb191d0]
Event: 7.272 Thread 0x0000017104953800 6749       3       org.apache.commons.compress.archivers.zip.ZipArchiveOutputStream::createLocalFileHeader (526 bytes)
Event: 7.273 Thread 0x0000017104953800 nmethod 6749 0x000001716fc2fb90 code [0x000001716fc30060, 0x000001716fc323a0]
Event: 7.300 Thread 0x0000017104953800 6750       2       java.util.concurrent.locks.AbstractQueuedSynchronizer$ConditionObject::enableWait (84 bytes)

GC Heap History (20 events):
Event: 3.464 GC heap before
{Heap before GC invocations=5 (full 0):
 garbage-first heap   total 68608K, used 53525K [0x0000000080000000, 0x0000000100000000)
  region size 1024K, 34 young (34816K), 2 survivors (2048K)
 Metaspace       used 31557K, committed 32192K, reserved 1114112K
  class space    used 4193K, committed 4480K, reserved 1048576K
}
Event: 3.468 GC heap after
{Heap after GC invocations=6 (full 0):
 garbage-first heap   total 68608K, used 23635K [0x0000000080000000, 0x0000000100000000)
  region size 1024K, 4 young (4096K), 4 survivors (4096K)
 Metaspace       used 31557K, committed 32192K, reserved 1114112K
  class space    used 4193K, committed 4480K, reserved 1048576K
}
Event: 3.598 GC heap before
{Heap before GC invocations=6 (full 0):
 garbage-first heap   total 68608K, used 43091K [0x0000000080000000, 0x0000000100000000)
  region size 1024K, 14 young (14336K), 4 survivors (4096K)
 Metaspace       used 32972K, committed 33600K, reserved 1114112K
  class space    used 4452K, committed 4736K, reserved 1048576K
}
Event: 3.601 GC heap after
{Heap after GC invocations=7 (full 0):
 garbage-first heap   total 68608K, used 36284K [0x0000000080000000, 0x0000000100000000)
  region size 1024K, 4 young (4096K), 4 survivors (4096K)
 Metaspace       used 32972K, committed 33600K, reserved 1114112K
  class space    used 4452K, committed 4736K, reserved 1048576K
}
Event: 3.811 GC heap before
{Heap before GC invocations=8 (full 0):
 garbage-first heap   total 68608K, used 67004K [0x0000000080000000, 0x0000000100000000)
  region size 1024K, 18 young (18432K), 4 survivors (4096K)
 Metaspace       used 34429K, committed 35200K, reserved 1114112K
  class space    used 4685K, committed 5056K, reserved 1048576K
}
Event: 3.815 GC heap after
{Heap after GC invocations=9 (full 0):
 garbage-first heap   total 77824K, used 58833K [0x0000000080000000, 0x0000000100000000)
  region size 1024K, 4 young (4096K), 4 survivors (4096K)
 Metaspace       used 34429K, committed 35200K, reserved 1114112K
  class space    used 4685K, committed 5056K, reserved 1048576K
}
Event: 3.917 GC heap before
{Heap before GC invocations=9 (full 0):
 garbage-first heap   total 77824K, used 68049K [0x0000000080000000, 0x0000000100000000)
  region size 1024K, 13 young (13312K), 4 survivors (4096K)
 Metaspace       used 35585K, committed 36416K, reserved 1114112K
  class space    used 4877K, committed 5312K, reserved 1048576K
}
Event: 3.919 GC heap after
{Heap after GC invocations=10 (full 0):
 garbage-first heap   total 233472K, used 58006K [0x0000000080000000, 0x0000000100000000)
  region size 1024K, 1 young (1024K), 1 survivors (1024K)
 Metaspace       used 35585K, committed 36416K, reserved 1114112K
  class space    used 4877K, committed 5312K, reserved 1048576K
}
Event: 5.044 GC heap before
{Heap before GC invocations=10 (full 0):
 garbage-first heap   total 233472K, used 149142K [0x0000000080000000, 0x0000000100000000)
  region size 1024K, 91 young (93184K), 1 survivors (1024K)
 Metaspace       used 47532K, committed 48640K, reserved 1114112K
  class space    used 6453K, committed 6976K, reserved 1048576K
}
Event: 5.050 GC heap after
{Heap after GC invocations=11 (full 0):
 garbage-first heap   total 233472K, used 65605K [0x0000000080000000, 0x0000000100000000)
  region size 1024K, 8 young (8192K), 8 survivors (8192K)
 Metaspace       used 47532K, committed 48640K, reserved 1114112K
  class space    used 6453K, committed 6976K, reserved 1048576K
}
Event: 5.618 GC heap before
{Heap before GC invocations=11 (full 0):
 garbage-first heap   total 233472K, used 118853K [0x0000000080000000, 0x0000000100000000)
  region size 1024K, 56 young (57344K), 8 survivors (8192K)
 Metaspace       used 54700K, committed 56000K, reserved 1114112K
  class space    used 7485K, committed 8128K, reserved 1048576K
}
Event: 5.623 GC heap after
{Heap after GC invocations=12 (full 0):
 garbage-first heap   total 233472K, used 68610K [0x0000000080000000, 0x0000000100000000)
  region size 1024K, 11 young (11264K), 11 survivors (11264K)
 Metaspace       used 54700K, committed 56000K, reserved 1114112K
  class space    used 7485K, committed 8128K, reserved 1048576K
}
Event: 6.264 GC heap before
{Heap before GC invocations=13 (full 0):
 garbage-first heap   total 232448K, used 196610K [0x0000000080000000, 0x0000000100000000)
  region size 1024K, 136 young (139264K), 11 survivors (11264K)
 Metaspace       used 55914K, committed 57216K, reserved 1114112K
  class space    used 7642K, committed 8256K, reserved 1048576K
}
Event: 6.277 GC heap after
{Heap after GC invocations=14 (full 0):
 garbage-first heap   total 232448K, used 72279K [0x0000000080000000, 0x0000000100000000)
  region size 1024K, 8 young (8192K), 8 survivors (8192K)
 Metaspace       used 55914K, committed 57216K, reserved 1114112K
  class space    used 7642K, committed 8256K, reserved 1048576K
}
Event: 6.762 GC heap before
{Heap before GC invocations=14 (full 0):
 garbage-first heap   total 232448K, used 198231K [0x0000000080000000, 0x0000000100000000)
  region size 1024K, 132 young (135168K), 8 survivors (8192K)
 Metaspace       used 59058K, committed 60288K, reserved 1114112K
  class space    used 7981K, committed 8576K, reserved 1048576K
}
Event: 6.770 GC heap after
{Heap after GC invocations=15 (full 0):
 garbage-first heap   total 232448K, used 74724K [0x0000000080000000, 0x0000000100000000)
  region size 1024K, 10 young (10240K), 10 survivors (10240K)
 Metaspace       used 59058K, committed 60288K, reserved 1114112K
  class space    used 7981K, committed 8576K, reserved 1048576K
}
Event: 6.943 GC heap before
{Heap before GC invocations=15 (full 0):
 garbage-first heap   total 232448K, used 202724K [0x0000000080000000, 0x0000000100000000)
  region size 1024K, 136 young (139264K), 10 survivors (10240K)
 Metaspace       used 59109K, committed 60352K, reserved 1114112K
  class space    used 7982K, committed 8576K, reserved 1048576K
}
Event: 6.950 GC heap after
{Heap after GC invocations=16 (full 0):
 garbage-first heap   total 232448K, used 76130K [0x0000000080000000, 0x0000000100000000)
  region size 1024K, 8 young (8192K), 8 survivors (8192K)
 Metaspace       used 59109K, committed 60352K, reserved 1114112K
  class space    used 7982K, committed 8576K, reserved 1048576K
}
Event: 7.146 GC heap before
{Heap before GC invocations=16 (full 0):
 garbage-first heap   total 232448K, used 206178K [0x0000000080000000, 0x0000000100000000)
  region size 1024K, 136 young (139264K), 8 survivors (8192K)
 Metaspace       used 59115K, committed 60416K, reserved 1114112K
  class space    used 7982K, committed 8576K, reserved 1048576K
}
Event: 7.153 GC heap after
{Heap after GC invocations=17 (full 0):
 garbage-first heap   total 279552K, used 78133K [0x0000000080000000, 0x0000000100000000)
  region size 1024K, 10 young (10240K), 10 survivors (10240K)
 Metaspace       used 59115K, committed 60416K, reserved 1114112K
  class space    used 7982K, committed 8576K, reserved 1048576K
}

Dll operation events (3 events):
Event: 0.009 Loaded shared library E:\AndroidFolder\jbr\bin\java.dll
Event: 1.098 Loaded shared library E:\AndroidFolder\jbr\bin\zip.dll
Event: 1.401 Loaded shared library E:\AndroidFolder\jbr\bin\verify.dll

Deoptimization events (20 events):
Event: 6.986 Thread 0x000001710b01f370 DEOPT PACKING pc=0x000001717054b9f9 sp=0x00000038bd6fd800
Event: 6.986 Thread 0x000001710b01f370 DEOPT UNPACKING pc=0x0000017176f488e2 sp=0x00000038bd6fcc70 mode 0
Event: 6.987 Thread 0x000001710b01f370 DEOPT PACKING pc=0x000001717054b9f9 sp=0x00000038bd6fde00
Event: 6.987 Thread 0x000001710b01f370 DEOPT UNPACKING pc=0x0000017176f488e2 sp=0x00000038bd6fd270 mode 0
Event: 6.989 Thread 0x000001710b01f370 DEOPT PACKING pc=0x000001717054b9f9 sp=0x00000038bd6fde00
Event: 6.989 Thread 0x000001710b01f370 DEOPT UNPACKING pc=0x0000017176f488e2 sp=0x00000038bd6fd270 mode 0
Event: 6.989 Thread 0x000001710b01f370 DEOPT PACKING pc=0x000001717054b9f9 sp=0x00000038bd6fdbf0
Event: 6.989 Thread 0x000001710b01f370 DEOPT UNPACKING pc=0x0000017176f488e2 sp=0x00000038bd6fd060 mode 0
Event: 6.990 Thread 0x000001710b01f370 DEOPT PACKING pc=0x000001717054b9f9 sp=0x00000038bd6fdbf0
Event: 6.990 Thread 0x000001710b01f370 DEOPT UNPACKING pc=0x0000017176f488e2 sp=0x00000038bd6fd060 mode 0
Event: 6.991 Thread 0x000001710b01f370 DEOPT PACKING pc=0x000001717054b9f9 sp=0x00000038bd6fdcb0
Event: 6.991 Thread 0x000001710b01f370 DEOPT UNPACKING pc=0x0000017176f488e2 sp=0x00000038bd6fd120 mode 0
Event: 6.992 Thread 0x000001710b01f370 DEOPT PACKING pc=0x000001717054b9f9 sp=0x00000038bd6fdcb0
Event: 6.992 Thread 0x000001710b01f370 DEOPT UNPACKING pc=0x0000017176f488e2 sp=0x00000038bd6fd120 mode 0
Event: 6.992 Thread 0x000001710b01f370 DEOPT PACKING pc=0x000001717054b9f9 sp=0x00000038bd6fd800
Event: 6.992 Thread 0x000001710b01f370 DEOPT UNPACKING pc=0x0000017176f488e2 sp=0x00000038bd6fcc70 mode 0
Event: 7.064 Thread 0x000001710b01f370 DEOPT PACKING pc=0x00000171704a8038 sp=0x00000038bd6fe2a0
Event: 7.064 Thread 0x000001710b01f370 DEOPT UNPACKING pc=0x0000017176f488e2 sp=0x00000038bd6fd7a0 mode 0
Event: 7.091 Thread 0x000001710b01f370 DEOPT PACKING pc=0x00000171704a8038 sp=0x00000038bd6fe2a0
Event: 7.091 Thread 0x000001710b01f370 DEOPT UNPACKING pc=0x0000017176f488e2 sp=0x00000038bd6fd7a0 mode 0

Classes loaded (20 events):
Event: 6.479 Loading class java/util/stream/ReduceOps$5
Event: 6.479 Loading class java/util/stream/ReduceOps$5 done
Event: 6.479 Loading class java/util/stream/ReduceOps$CountingSink$OfRef
Event: 6.479 Loading class java/util/stream/ReduceOps$CountingSink$OfRef done
Event: 6.490 Loading class jdk/internal/math/MathUtils
Event: 6.490 Loading class jdk/internal/math/MathUtils done
Event: 6.491 Loading class sun/nio/cs/ISO_8859_1$Encoder
Event: 6.491 Loading class sun/nio/cs/ISO_8859_1$Encoder done
Event: 6.492 Loading class sun/nio/cs/Surrogate$Parser
Event: 6.492 Loading class sun/nio/cs/Surrogate$Parser done
Event: 6.492 Loading class sun/nio/cs/Surrogate
Event: 6.492 Loading class sun/nio/cs/Surrogate done
Event: 6.527 Loading class java/util/zip/ZipFile$ZipEntryIterator
Event: 6.527 Loading class java/util/zip/ZipFile$ZipEntryIterator done
Event: 6.548 Loading class java/util/zip/ZipInputStream
Event: 6.549 Loading class java/util/zip/ZipInputStream done
Event: 6.560 Loading class java/security/Key
Event: 6.560 Loading class java/security/Key done
Event: 6.694 Loading class java/lang/foreign/MemorySegment
Event: 6.694 Loading class java/lang/foreign/MemorySegment done

Classes unloaded (0 events):
No events

Classes redefined (0 events):
No events

Internal exceptions (20 events):
Event: 6.528 Thread 0x000001710b020720 Implicit null exception at 0x00000171775865ea to 0x0000017177587154
Event: 6.541 Thread 0x000001710b020720 Exception <a 'sun/nio/fs/WindowsException'{0x000000008c5b1230}> (0x000000008c5b1230) 
thrown [s\src\hotspot\share\prims\jni.cpp, line 537]
Event: 6.570 Thread 0x000001710b01d2a0 Exception <a 'sun/nio/fs/WindowsException'{0x000000008c534e38}> (0x000000008c534e38) 
thrown [s\src\hotspot\share\prims\jni.cpp, line 537]
Event: 6.580 Thread 0x000001710b01cc10 Exception <a 'sun/nio/fs/WindowsException'{0x000000008bd81d10}> (0x000000008bd81d10) 
thrown [s\src\hotspot\share\prims\jni.cpp, line 537]
Event: 6.581 Thread 0x000001710b020090 Exception <a 'sun/nio/fs/WindowsException'{0x000000008bc1b6c0}> (0x000000008bc1b6c0) 
thrown [s\src\hotspot\share\prims\jni.cpp, line 537]
Event: 6.591 Thread 0x000001710b01d2a0 Exception <a 'sun/nio/fs/WindowsException'{0x000000008b1e42b0}> (0x000000008b1e42b0) 
thrown [s\src\hotspot\share\prims\jni.cpp, line 537]
Event: 6.592 Thread 0x000001710b01d2a0 Exception <a 'sun/nio/fs/WindowsException'{0x000000008b1e44c8}> (0x000000008b1e44c8) 
thrown [s\src\hotspot\share\prims\jni.cpp, line 537]
Event: 6.612 Thread 0x000001710b01dfc0 Exception <a 'sun/nio/fs/WindowsException'{0x000000008b5a35e0}> (0x000000008b5a35e0) 
thrown [s\src\hotspot\share\prims\jni.cpp, line 537]
Event: 6.612 Thread 0x000001710b020db0 Exception <a 'sun/nio/fs/WindowsException'{0x000000008ab59490}> (0x000000008ab59490) 
thrown [s\src\hotspot\share\prims\jni.cpp, line 537]
Event: 6.614 Thread 0x000001710b020720 Exception <a 'sun/nio/fs/WindowsException'{0x000000008a9a6d40}> (0x000000008a9a6d40) 
thrown [s\src\hotspot\share\prims\jni.cpp, line 537]
Event: 6.615 Thread 0x000001710b020720 Exception <a 'sun/nio/fs/WindowsException'{0x000000008a9a6ef0}> (0x000000008a9a6ef0) 
thrown [s\src\hotspot\share\prims\jni.cpp, line 537]
Event: 6.680 Thread 0x000001710b01f370 Exception <a 'sun/nio/fs/WindowsException'{0x0000000088ffa990}> (0x0000000088ffa990) 
thrown [s\src\hotspot\share\prims\jni.cpp, line 537]
Event: 6.696 Thread 0x000001710b01cc10 Exception <a 'sun/nio/fs/WindowsException'{0x0000000088844208}> (0x0000000088844208) 
thrown [s\src\hotspot\share\prims\jni.cpp, line 537]
Event: 6.704 Thread 0x000001710b01cc10 Exception <a 'sun/nio/fs/WindowsException'{0x00000000888443e0}> (0x00000000888443e0) 
thrown [s\src\hotspot\share\prims\jni.cpp, line 537]
Event: 6.761 Thread 0x000001710b020090 Exception <a 'sun/nio/fs/WindowsException'{0x0000000086206930}> (0x0000000086206930) 
thrown [s\src\hotspot\share\prims\jni.cpp, line 537]
Event: 6.762 Thread 0x000001710b020090 Exception <a 'sun/nio/fs/WindowsException'{0x0000000086206ab8}> (0x0000000086206ab8) 
thrown [s\src\hotspot\share\prims\jni.cpp, line 537]
Event: 6.868 Thread 0x000001710b01dfc0 Exception <a 'sun/nio/fs/WindowsException'{0x00000000898728e0}> (0x00000000898728e0) 
thrown [s\src\hotspot\share\prims\jni.cpp, line 537]
Event: 6.870 Thread 0x000001710b01dfc0 Exception <a 'sun/nio/fs/WindowsException'{0x0000000089872ac0}> (0x0000000089872ac0) 
thrown [s\src\hotspot\share\prims\jni.cpp, line 537]
Event: 6.986 Thread 0x000001710b020db0 Exception <a 'sun/nio/fs/WindowsException'{0x000000008c5d3aa0}> (0x000000008c5d3aa0) 
thrown [s\src\hotspot\share\prims\jni.cpp, line 537]
Event: 6.987 Thread 0x000001710b020db0 Exception <a 'sun/nio/fs/WindowsException'{0x000000008c5d3c38}> (0x000000008c5d3c38) 
thrown [s\src\hotspot\share\prims\jni.cpp, line 537]

ZGC Phase Switch (0 events):
No events

VM Operations (20 events):
Event: 6.412 Executing VM operation: HandshakeAllThreads (Deoptimize) done
Event: 6.446 Executing VM operation: HandshakeAllThreads (Deoptimize)
Event: 6.446 Executing VM operation: HandshakeAllThreads (Deoptimize) done
Event: 6.496 Executing VM operation: ICBufferFull
Event: 6.497 Executing VM operation: ICBufferFull done
Event: 6.647 Executing VM operation: HandshakeAllThreads (Deoptimize)
Event: 6.657 Executing VM operation: HandshakeAllThreads (Deoptimize) done
Event: 6.666 Executing VM operation: ICBufferFull
Event: 6.666 Executing VM operation: ICBufferFull done
Event: 6.762 Executing VM operation: G1CollectForAllocation (G1 Evacuation Pause)
Event: 6.770 Executing VM operation: G1CollectForAllocation (G1 Evacuation Pause) done
Event: 6.943 Executing VM operation: G1CollectForAllocation (G1 Evacuation Pause)
Event: 6.951 Executing VM operation: G1CollectForAllocation (G1 Evacuation Pause) done
Event: 7.146 Executing VM operation: G1CollectForAllocation (G1 Evacuation Pause)
Event: 7.153 Executing VM operation: G1CollectForAllocation (G1 Evacuation Pause) done
Event: 7.187 Executing VM operation: G1PauseRemark
Event: 7.190 Executing VM operation: G1PauseRemark done
Event: 7.202 Executing VM operation: G1PauseCleanup
Event: 7.202 Executing VM operation: G1PauseCleanup done
Event: 7.413 Executing VM operation: G1CollectForAllocation (G1 Evacuation Pause)

Memory protections (0 events):
No events

Nmethod flushes (20 events):
Event: 7.190 Thread 0x00000171048465d0 flushing  nmethod 0x000001716fc87490
Event: 7.190 Thread 0x00000171048465d0 flushing  nmethod 0x000001716fc88090
Event: 7.190 Thread 0x00000171048465d0 flushing  nmethod 0x000001716fcd5810
Event: 7.190 Thread 0x00000171048465d0 flushing  nmethod 0x000001716fcd6a10
Event: 7.190 Thread 0x00000171048465d0 flushing  nmethod 0x000001716fce3290
Event: 7.190 Thread 0x00000171048465d0 flushing  nmethod 0x000001716fce4590
Event: 7.190 Thread 0x00000171048465d0 flushing  nmethod 0x000001716fce5e90
Event: 7.190 Thread 0x00000171048465d0 flushing  nmethod 0x000001716fce7490
Event: 7.190 Thread 0x00000171048465d0 flushing  nmethod 0x000001716fd13390
Event: 7.190 Thread 0x00000171048465d0 flushing  nmethod 0x000001716fd14590
Event: 7.190 Thread 0x00000171048465d0 flushing  nmethod 0x000001716fd52410
Event: 7.190 Thread 0x00000171048465d0 flushing  nmethod 0x000001716fe2b610
Event: 7.190 Thread 0x00000171048465d0 flushing  nmethod 0x000001716fe2bb10
Event: 7.190 Thread 0x00000171048465d0 flushing  nmethod 0x000001716fe2c810
Event: 7.190 Thread 0x00000171048465d0 flushing  nmethod 0x000001716fe2cd10
Event: 7.190 Thread 0x00000171048465d0 flushing  nmethod 0x000001716fe79510
Event: 7.190 Thread 0x00000171048465d0 flushing  nmethod 0x0000017170062f10
Event: 7.190 Thread 0x00000171048465d0 flushing  nmethod 0x0000017170092710
Event: 7.190 Thread 0x00000171048465d0 flushing  nmethod 0x00000171700c6690
Event: 7.190 Thread 0x00000171048465d0 flushing  nmethod 0x0000017170112c90

Events (20 events):
Event: 2.796 Thread 0x000001710a97e1a0 Thread added: 0x000001710a97f550
Event: 3.033 Thread 0x000001710a97e1a0 Thread added: 0x000001710a97cdf0
Event: 3.505 Thread 0x000001710a97e1a0 Thread added: 0x000001710b01e650
Event: 3.509 Thread 0x000001710a97e1a0 Thread added: 0x000001710b01fa00
Event: 3.557 Thread 0x000001710a97e1a0 Thread added: 0x000001710b01ece0
Event: 3.557 Thread 0x000001710a97e1a0 Thread added: 0x000001710b01cc10
Event: 3.558 Thread 0x000001710a97e1a0 Thread added: 0x000001710b020090
Event: 3.558 Thread 0x000001710a97e1a0 Thread added: 0x000001710b01dfc0
Event: 3.558 Thread 0x000001710a97e1a0 Thread added: 0x000001710b01f370
Event: 3.558 Thread 0x000001710a97e1a0 Thread added: 0x000001710b020720
Event: 3.558 Thread 0x000001710a97e1a0 Thread added: 0x000001710b01d2a0
Event: 3.559 Thread 0x000001710a97e1a0 Thread added: 0x000001710b020db0
Event: 3.920 Thread 0x000001710a97e1a0 Thread added: 0x000001710b023510
Event: 3.941 Thread 0x000001710a97e1a0 Thread added: 0x000001710b0227f0
Event: 3.962 Thread 0x000001710a97e1a0 Thread added: 0x000001710b022160
Event: 3.986 Thread 0x000001710a97e1a0 Thread added: 0x000001710b023ba0
Event: 4.124 Thread 0x000001710a97e1a0 Thread added: 0x000001710b022e80
Event: 4.220 Thread 0x000001710a97e1a0 Thread added: 0x000001710b024230
Event: 5.476 Thread 0x0000017104953ed0 Thread exited: 0x0000017104953ed0
Event: 5.718 Thread 0x000001710490a650 Thread added: 0x0000017104955a10


Dynamic libraries:
0x00007ff7998e0000 - 0x00007ff7998ea000 	E:\AndroidFolder\jbr\bin\java.exe
0x00007ffddbdc0000 - 0x00007ffddc027000 	C:\WINDOWS\SYSTEM32\ntdll.dll
0x00007ffdda040000 - 0x00007ffdda109000 	C:\WINDOWS\System32\KERNEL32.DLL
0x00007ffdd8b00000 - 0x00007ffdd8ef1000 	C:\WINDOWS\System32\KERNELBASE.dll
0x00007ffdd9a10000 - 0x00007ffdd9b5b000 	C:\WINDOWS\System32\ucrtbase.dll
0x00007ffdc3a60000 - 0x00007ffdc3a78000 	E:\AndroidFolder\jbr\bin\jli.dll
0x00007ffdc3e40000 - 0x00007ffdc3e5b000 	E:\AndroidFolder\jbr\bin\VCRUNTIME140.dll
0x00007ffdda110000 - 0x00007ffdda2d5000 	C:\WINDOWS\System32\USER32.dll
0x00007ffdbb930000 - 0x00007ffdbbbc3000 	C:\WINDOWS\WinSxS\amd64_microsoft.windows.common-controls_6595b64144ccf1df_6.0.26100.7922_none_3e089e1ee3342171\COMCTL32.dll
0x00007ffdd8800000 - 0x00007ffdd8827000 	C:\WINDOWS\System32\win32u.dll
0x00007ffddad60000 - 0x00007ffddae09000 	C:\WINDOWS\System32\msvcrt.dll
0x00007ffdd9eb0000 - 0x00007ffdd9edb000 	C:\WINDOWS\System32\GDI32.dll
0x00007ffdd8f00000 - 0x00007ffdd902a000 	C:\WINDOWS\System32\gdi32full.dll
0x00007ffdd8750000 - 0x00007ffdd87f3000 	C:\WINDOWS\System32\msvcp_win.dll
0x00007ffddae10000 - 0x00007ffddae41000 	C:\WINDOWS\System32\IMM32.DLL
0x00007ffdd5580000 - 0x00007ffdd558c000 	E:\AndroidFolder\jbr\bin\vcruntime140_1.dll
0x00007ffdad6e0000 - 0x00007ffdad76d000 	E:\AndroidFolder\jbr\bin\msvcp140.dll
0x00007ffd5d070000 - 0x00007ffd5dcfe000 	E:\AndroidFolder\jbr\bin\server\jvm.dll
0x00007ffddaa60000 - 0x00007ffddab1b000 	C:\WINDOWS\System32\ADVAPI32.dll
0x00007ffdd9d00000 - 0x00007ffdd9da7000 	C:\WINDOWS\System32\sechost.dll
0x00007ffddb050000 - 0x00007ffddb168000 	C:\WINDOWS\System32\RPCRT4.dll
0x00007ffddb6c0000 - 0x00007ffddb734000 	C:\WINDOWS\System32\WS2_32.dll
0x00007ffdc84d0000 - 0x00007ffdc84db000 	C:\WINDOWS\SYSTEM32\VERSION.dll
0x00007ffdd8500000 - 0x00007ffdd855e000 	C:\WINDOWS\SYSTEM32\POWRPROF.dll
0x00007ffdd64e0000 - 0x00007ffdd6515000 	C:\WINDOWS\SYSTEM32\WINMM.dll
0x00007ffdd84e0000 - 0x00007ffdd84f4000 	C:\WINDOWS\SYSTEM32\UMPDC.dll
0x00007ffdd73f0000 - 0x00007ffdd740b000 	C:\WINDOWS\SYSTEM32\kernel.appcore.dll
0x00007ffdd2b40000 - 0x00007ffdd2b4a000 	E:\AndroidFolder\jbr\bin\jimage.dll
0x00007ffdd61b0000 - 0x00007ffdd63f2000 	C:\WINDOWS\SYSTEM32\DBGHELP.DLL
0x00007ffddb740000 - 0x00007ffddbac2000 	C:\WINDOWS\System32\combase.dll
0x00007ffddac20000 - 0x00007ffddacf7000 	C:\WINDOWS\System32\OLEAUT32.dll
0x00007ffdd6440000 - 0x00007ffdd647b000 	C:\WINDOWS\SYSTEM32\dbgcore.DLL
0x00007ffdd86a0000 - 0x00007ffdd8745000 	C:\WINDOWS\System32\bcryptPrimitives.dll
0x00007ffdd2b30000 - 0x00007ffdd2b3e000 	E:\AndroidFolder\jbr\bin\instrument.dll
0x00007ffdc3b00000 - 0x00007ffdc3b20000 	E:\AndroidFolder\jbr\bin\java.dll
0x00007ffdbb130000 - 0x00007ffdbb148000 	E:\AndroidFolder\jbr\bin\zip.dll
0x00007ffdda2f0000 - 0x00007ffddaa4f000 	C:\WINDOWS\System32\SHELL32.dll
0x00007ffdd98a0000 - 0x00007ffdd9a0a000 	C:\WINDOWS\System32\wintypes.dll
0x00007ffdd9030000 - 0x00007ffdd9894000 	C:\WINDOWS\System32\windows.storage.dll
0x00007ffddab20000 - 0x00007ffddac17000 	C:\WINDOWS\System32\SHCORE.dll
0x00007ffddbd10000 - 0x00007ffddbd77000 	C:\WINDOWS\System32\shlwapi.dll
0x00007ffdd85c0000 - 0x00007ffdd85e9000 	C:\WINDOWS\SYSTEM32\profapi.dll
0x00007ffdb6a10000 - 0x00007ffdb6a20000 	E:\AndroidFolder\jbr\bin\net.dll
0x00007ffdd21d0000 - 0x00007ffdd22f7000 	C:\WINDOWS\SYSTEM32\WINHTTP.dll
0x00007ffdd7940000 - 0x00007ffdd79ab000 	C:\WINDOWS\system32\mswsock.dll
0x00007ffdb4c50000 - 0x00007ffdb4c66000 	E:\AndroidFolder\jbr\bin\nio.dll
0x00007ffdb6550000 - 0x00007ffdb6560000 	E:\AndroidFolder\jbr\bin\verify.dll
0x00007ffdb11c0000 - 0x00007ffdb11e7000 	C:\Users\ThanhCong\.gradle\native\c067742578af261105cb4f569cf0c3c89f3d7b1fecec35dd04571415982c5e48\windows-amd64\native-platform.dll
0x00007ffd9af20000 - 0x00007ffd9b064000 	C:\Users\ThanhCong\.gradle\native\38dada09dfb8b06ba9b0570ebf7e218e3eb74d4ef43ca46872605cf95ebc2f47\windows-amd64\native-platform-file-events.dll
0x00007ffdb4e60000 - 0x00007ffdb4e69000 	E:\AndroidFolder\jbr\bin\management.dll
0x00007ffdb4c40000 - 0x00007ffdb4c4b000 	E:\AndroidFolder\jbr\bin\management_ext.dll
0x00007ffdda2e0000 - 0x00007ffdda2e8000 	C:\WINDOWS\System32\PSAPI.DLL
0x00007ffdd7d40000 - 0x00007ffdd7d5b000 	C:\WINDOWS\SYSTEM32\CRYPTSP.dll
0x00007ffdd7350000 - 0x00007ffdd7389000 	C:\WINDOWS\system32\rsaenh.dll
0x00007ffdd79f0000 - 0x00007ffdd7a22000 	C:\WINDOWS\SYSTEM32\USERENV.dll
0x00007ffdd8590000 - 0x00007ffdd85ba000 	C:\WINDOWS\SYSTEM32\bcrypt.dll
0x00007ffdd7ba0000 - 0x00007ffdd7bac000 	C:\WINDOWS\SYSTEM32\CRYPTBASE.dll
0x00007ffdd6e90000 - 0x00007ffdd6ec3000 	C:\WINDOWS\SYSTEM32\IPHLPAPI.DLL
0x00007ffddae50000 - 0x00007ffddae5a000 	C:\WINDOWS\System32\NSI.dll
0x00007ffdb5500000 - 0x00007ffdb5509000 	E:\AndroidFolder\jbr\bin\extnet.dll
0x00007ffdb49f0000 - 0x00007ffdb49f8000 	C:\WINDOWS\system32\wshunix.dll

dbghelp: loaded successfully - version: 4.0.5 - missing functions: none
symbol engine: initialized successfully - sym options: 0x614 - pdb path: .;E:\AndroidFolder\jbr\bin;C:\WINDOWS\SYSTEM32;C:\WINDOWS\WinSxS\amd64_microsoft.windows.common-controls_6595b64144ccf1df_6.0.26100.7922_none_3e089e1ee3342171;E:\AndroidFolder\jbr\bin\server;C:\Users\ThanhCong\.gradle\native\c067742578af261105cb4f569cf0c3c89f3d7b1fecec35dd04571415982c5e48\windows-amd64;C:\Users\ThanhCong\.gradle\native\38dada09dfb8b06ba9b0570ebf7e218e3eb74d4ef43ca46872605cf95ebc2f47\windows-amd64

VM Arguments:
jvm_args: --add-opens=java.base/java.util=ALL-UNNAMED --add-opens=java.base/java.lang=ALL-UNNAMED --add-opens=java.base/java.lang.invoke=ALL-UNNAMED --add-opens=java.prefs/java.util.prefs=ALL-UNNAMED --add-opens=java.base/java.nio.charset=ALL-UNNAMED --add-opens=java.base/java.net=ALL-UNNAMED --add-opens=java.base/java.util.concurrent.atomic=ALL-UNNAMED -Xmx2048m -Dfile.encoding=UTF-8 -Duser.country=US -Duser.language=en -Duser.variant -javaagent:C:\Users\ThanhCong\.gradle\wrapper\dists\gradle-8.4-bin\1w5dpkrfk8irigvoxmyhowfim\gradle-8.4\lib\agents\gradle-instrumentation-agent-8.4.jar 
java_command: org.gradle.launcher.daemon.bootstrap.GradleDaemon 8.4
java_class_path (initial): C:\Users\ThanhCong\.gradle\wrapper\dists\gradle-8.4-bin\1w5dpkrfk8irigvoxmyhowfim\gradle-8.4\lib\gradle-launcher-8.4.jar
Launcher Type: SUN_STANDARD

[Global flags]
     intx CICompilerCount                          = 4                                         {product} {ergonomic}
     uint ConcGCThreads                            = 2                                         {product} {ergonomic}
     uint G1ConcRefinementThreads                  = 8                                         {product} {ergonomic}
   size_t G1HeapRegionSize                         = 1048576                                   {product} {ergonomic}
    uintx GCDrainStackTargetSize                   = 64                                        {product} {ergonomic}
   size_t InitialHeapSize                          = 398458880                                 {product} {ergonomic}
   size_t MarkStackSize                            = 4194304                                   {product} {ergonomic}
   size_t MaxHeapSize                              = 2147483648                                {product} {command line}
   size_t MaxNewSize                               = 1287651328                                {product} {ergonomic}
   size_t MinHeapDeltaBytes                        = 1048576                                   {product} {ergonomic}
   size_t MinHeapSize                              = 8388608                                   {product} {ergonomic}
    uintx NonNMethodCodeHeapSize                   = 5839372                                {pd product} {ergonomic}
    uintx NonProfiledCodeHeapSize                  = 122909434                              {pd product} {ergonomic}
    uintx ProfiledCodeHeapSize                     = 122909434                              {pd product} {ergonomic}
    uintx ReservedCodeCacheSize                    = 251658240                              {pd product} {ergonomic}
     bool SegmentedCodeCache                       = true                                      {product} {ergonomic}
   size_t SoftMaxHeapSize                          = 2147483648                             {manageable} {ergonomic}
     bool UseCompressedOops                        = true                           {product lp64_product} {ergonomic}
     bool UseG1GC                                  = true                                      {product} {ergonomic}
     bool UseLargePagesIndividualAllocation        = false                                  {pd product} {ergonomic}

Logging:
Log output configuration:
 #0: stdout all=warning uptime,level,tags foldmultilines=false
 #1: stderr all=off uptime,level,tags foldmultilines=false

Environment Variables:
JAVA_HOME=E:\jdk-17
PATH=e:\cursor\resources\app\bin;C:\Program Files\Common Files\Oracle\Java\javapath;C:\Program Files (x86)\Common Files\Oracle\Java\java8path;C:\Program Files (x86)\Common Files\Oracle\Java\javapath;C:\WINDOWS\system32;C:\WINDOWS;C:\WINDOWS\System32\Wbem;C:\WINDOWS\System32\WindowsPowerShell\v1.0\;C:\WINDOWS\System32\OpenSSH\;C:\Program Files\dotnet\;C:\Program Files\Git\cmd;C:\Program Files (x86)\Microsoft SQL Server\160\Tools\Binn\;C:\Program Files\Microsoft SQL Server\160\Tools\Binn\;C:\Program Files\Microsoft SQL Server\Client SDK\ODBC\170\Tools\Binn\;C:\Program Files\Microsoft SQL Server\160\DTS\Binn\;C:\Program Files (x86)\Microsoft SQL Server\160\DTS\Binn\;C:\Users\ThanhCong\AppData\Local\Programs\Python\Python312\;C:\Program Files\MySQL\MySQL Shell 8.0\bin\;C:\Users\ThanhCo;E:\jdk-17\bin;E:\jdk-17\bin;C:\Users\ThanhCong\AppData\Local\Programs\Python\Python312\Scripts;E:\apache-maven-3.9.11-bin\apache-maven-3.9.11\bin;E:\apache-tomcat-10.1.48\apache-tomcat-10.1.48\bin;C:\Program Files\Cloudflare\Cloudflare WARP\;E:\;C:\Program Files\MySQL\MySQL Shell 8.0\bin\;C:\Users\ThanhCong\AppData\Local\Programs\Python\Python312\Scripts\;C:\Users\ThanhCong\AppData\Local\Programs\Python\Python312\;e:\cursor\resources\app\bin;C:\Program Files\Common Files\Oracle\Java\javapath;C:\Program Files (x86)\Common Files\Oracle\Java\java8path;C:\Program Files (x86)\Common Files\Oracle\Java\javapath;C:\WINDOWS\system32;C:\WINDOWS;C:\WINDOWS\System32\Wbem;C:\WINDOWS\System32\WindowsPowerShell\v1.0\;C:\WINDOWS\System32\OpenSSH\;C:\Program Files\dotnet\;C:\Program Files\Git\cmd;C:\Program Files (x86)\Microsoft SQL Server\160\Tools\Binn\;C:\Program Files\Microsoft SQL Server\160\Tools\Binn\;C:\Program Files\Microsoft SQL Server\Client SDK\ODBC\170\Tools\Binn\;C:\Program Files\Microsoft SQL Server\160\DTS\Binn\;C:\Program Files (x86)\Microsoft SQL Server\160\DTS\Binn\;C:\Users\ThanhCong\AppData\Local\Programs\Python\Python312\;C:\Program Files\MySQL\MySQL Shell 8.0\bin\;C:\Users\ThanhCo;E:\jdk-17\bin;E:\jdk-17\bin;C:\Users\ThanhCong\AppData\Local\Programs\Python\Python312\Scripts;E:\apache-maven-3.9.11-bin\apache-maven-3.9.11\bin;E:\apache-tomcat-10.1.48\apache-tomcat-10.1.48\bin;C:\Program Files\Docker\Docker\resources\bin;C:\Program Files\Cloudflare\Cloudflare WARP\;C:\Program Files\MySQL\MySQL Shell 8.0\bin\;C:\Users\ThanhCong\AppData\Local\Programs\Python\Python312\Scripts\;C:\Users\ThanhCong\AppData\Local\Programs\Python\Python312\;e:\cursor\resources\app\bin;C:\Program Files\Common Files\Oracle\Java\javapath;C:\Program Files (x86)\Common Files\Oracle\Java\java8path;C:\Program Files (x86)\Common Files\Oracle\Java\javapath;C:\WINDOWS\system32;C:\WINDOWS;C:\WINDOWS\System32\Wbem;C:\WINDOWS\System32\WindowsPowerShell\v1.0\;C:\WINDOWS\System32\OpenSSH\;C:\Program Files\dotnet\;C:\Program Files\Git\cmd;C:\Program Files (x86)\Microsoft SQL Server\160\Tools\Binn\;C:\Program Files\Microsoft SQL Server\160\Tools\Binn\;C:\Program Files\Microsoft SQL Server\Client SDK\ODBC\170\Tools\Binn\;C:\Program Files\Microsoft SQL Server\160\DTS\Binn\;C:\Program Files (x86)\Microsoft SQL Server\160\DTS\Binn\;C:\Users\ThanhCong\AppData\Local\Programs\Python\Python312\;C:\Program Files\MySQL\MySQL Shell 8.0\bin\;C:\Users\ThanhCo;E:\jdk-17\bin;E:\jdk-17\bin;C:\Users\ThanhCong\AppData\Local\Programs\Python\Python312\Scripts;E:\apache-maven-3.9.11-bin\apache-maven-3.9.11\bin;E:\apache-tomcat-10.1.48\apache-tomcat-10.1.48\bin;C:\Program Files\Docker\Docker\resources\bin;C:\Program Files\Cloudflare\Cloudflare WARP\;C:\Users\ThanhCong\AppData\Local\Programs\Microsoft VS Code\bin;E:\flutter\bin;E:\Antigravity\bin;C:\Users\ThanhCong\AppData\Local\Programs\Microsoft VS Code\bin;E:\flutter\bin;E:\Antigravity\bin;C:\Users\ThanhCong\.local\bin;C:\Users\ThanhCong\AppData\Roaming\npm;C:\Users\ThanhCong\AppData\Local\Programs\Antigravity IDE\bin;C:\Users\ThanhCong\AppData\Local\Programs\cursor\resources\app\bin
USERNAME=ThanhCong
OS=Windows_NT
PROCESSOR_IDENTIFIER=Intel64 Family 6 Model 140 Stepping 2, GenuineIntel
TMP=C:\Users\THANHC~1\AppData\Local\Temp
TEMP=C:\Users\THANHC~1\AppData\Local\Temp




Periodic native trim disabled

JNI global refs:
JNI global refs: 28, weak refs: 33

JNI global refs memory usage: 835, weak refs: 833

Process memory usage:
Resident Set Size: 456636K (1% of 24898340K total physical memory with 2590616K free physical memory)

OOME stack traces (most recent first):
Classloader memory used:
Loader org.gradle.internal.classloader.VisitableURLClassLoader                         : 29646K
Loader bootstrap                                                                       : 22196K
Loader org.gradle.initialization.MixInLegacyTypesClassLoader                           : 5594K
Loader org.gradle.internal.classloader.VisitableURLClassLoader                         : 711K
Loader jdk.internal.loader.ClassLoaders$PlatformClassLoader                            : 499K
Loader jdk.internal.loader.ClassLoaders$AppClassLoader                                 : 227K
Loader jdk.internal.reflect.DelegatingClassLoader                                      : 144K
Loader org.gradle.groovy.scripts.internal.DefaultScriptCompilationHandler$ScriptClassLoader: 70760B
Loader org.codehaus.groovy.runtime.callsite.CallSiteClassLoader                        : 14104B
Loader groovy.lang.GroovyClassLoader$InnerLoader                                       : 12304B

Classes loaded by more than one classloader:
Class org.gradle.api.GradleException                                                  : loaded 3 times (x 80B)
Class org.gradle.internal.classloader.FilteringClassLoader                            : loaded 2 times (x 103B)
Class org.gradle.internal.classloader.ClassLoaderHierarchy                            : loaded 2 times (x 68B)
Class org.gradle.api.internal.classpath.ManifestUtil                                  : loaded 2 times (x 69B)
Class org.gradle.internal.operations.MultipleBuildOperationFailures                   : loaded 2 times (x 93B)
Class org.gradle.internal.classloader.DefaultClassLoaderFactory                       : loaded 2 times (x 80B)
Class org.gradle.internal.classloader.ClassLoaderVisitor                              : loaded 2 times (x 74B)
Class org.gradle.api.internal.classpath.EffectiveClassPath                            : loaded 2 times (x 88B)
Class org.gradle.api.internal.DefaultClassPathProvider                                : loaded 2 times (x 74B)
Class [Lorg.gradle.api.internal.ClassPathProvider;                                    : loaded 2 times (x 67B)
Class org.gradle.api.internal.ClassPathProvider                                       : loaded 2 times (x 68B)
Class org.gradle.internal.service.UnknownServiceException                             : loaded 2 times (x 81B)
Class org.gradle.internal.classpath.TransformedClassPath                              : loaded 2 times (x 94B)
Class org.gradle.internal.service.ServiceLocator                                      : loaded 2 times (x 68B)
Class org.gradle.internal.InternalTransformer                                         : loaded 2 times (x 68B)
Class org.gradle.internal.time.DefaultTimer                                           : loaded 2 times (x 78B)
Class org.gradle.internal.classloader.ClasspathUtil$1                                 : loaded 2 times (x 74B)
Class org.gradle.api.internal.classpath.DefaultModuleRegistry$DefaultModule           : loaded 2 times (x 84B)
Class org.gradle.internal.time.DefaultCountdownTimer                                  : loaded 2 times (x 86B)
Class kotlin.Function                                                                 : loaded 2 times (x 68B)
Class org.gradle.api.internal.classpath.Module                                        : loaded 2 times (x 68B)
Class org.gradle.api.internal.classpath.UnknownModuleException                        : loaded 2 times (x 80B)
Class org.gradle.cache.GlobalCache                                                    : loaded 2 times (x 68B)
Class sync_studio_tooling10_8i4jyqzaxok8fbx3xv1xtm4nn$_run_closure1                   : loaded 2 times (x 137B)
Class org.gradle.api.internal.DefaultClassPathRegistry                                : loaded 2 times (x 74B)
Class org.gradle.api.internal.ClassPathRegistry                                       : loaded 2 times (x 68B)
Class org.gradle.internal.classpath.DefaultClassPath$ImmutableUniqueList              : loaded 2 times (x 197B)
Class org.gradle.internal.classpath.ClassPath                                         : loaded 2 times (x 68B)
Class org.gradle.api.UncheckedIOException                                             : loaded 2 times (x 80B)
Class kotlin.UninitializedPropertyAccessException                                     : loaded 2 times (x 80B)
Class org.gradle.internal.installation.GradleInstallation$1                           : loaded 2 times (x 73B)
Class org.gradle.api.internal.classpath.ModuleRegistry                                : loaded 2 times (x 68B)
Class org.gradle.api.internal.classpath.DefaultModuleRegistry                         : loaded 2 times (x 84B)
Class org.gradle.internal.time.MonotonicClock                                         : loaded 2 times (x 75B)
Class org.gradle.internal.service.ServiceLookupException                              : loaded 2 times (x 80B)
Class org.gradle.internal.classloader.ClassLoaderFactory                              : loaded 2 times (x 68B)
Class org.gradle.internal.service.CachingServiceLocator                               : loaded 2 times (x 80B)
Class org.gradle.internal.time.TimeSource                                             : loaded 2 times (x 68B)
Class org.gradle.internal.exceptions.ResolutionProvider                               : loaded 2 times (x 68B)
Class org.gradle.internal.classloader.ClasspathUtil                                   : loaded 2 times (x 69B)
Class org.gradle.internal.time.TimeSource$1                                           : loaded 2 times (x 75B)
Class org.gradle.api.specs.Spec                                                       : loaded 2 times (x 68B)
Class org.gradle.internal.time.Clock                                                  : loaded 2 times (x 68B)
Class org.gradle.internal.classloader.VisitableURLClassLoader$InstrumentingVisitableURLClassLoader: loaded 2 times (x 121B)
Class org.gradle.internal.classloader.VisitableURLClassLoader$Spec                    : loaded 2 times (x 72B)
Class org.gradle.internal.classpath.DefaultClassPath                                  : loaded 2 times (x 88B)
Class org.gradle.internal.classloader.ClassLoaderSpec                                 : loaded 2 times (x 69B)
Class org.gradle.internal.classloader.VisitableURLClassLoader                         : loaded 2 times (x 115B)
Class org.gradle.internal.Cast                                                        : loaded 2 times (x 69B)
Class org.gradle.api.Action                                                           : loaded 2 times (x 68B)
Class org.gradle.internal.agents.InstrumentingClassLoader                             : loaded 2 times (x 68B)
Class org.gradle.internal.classpath.DefaultClassPath$ImmutableUniqueList$Builder      : loaded 2 times (x 73B)
Class sync_studio_tooling10_8i4jyqzaxok8fbx3xv1xtm4nn                                 : loaded 2 times (x 177B)
Class kotlin.NotImplementedError                                                      : loaded 2 times (x 80B)
Class org.gradle.internal.exceptions.NonGradleCauseExceptionsHolder                   : loaded 2 times (x 68B)
Class org.gradle.internal.IoActions                                                   : loaded 2 times (x 69B)
Class org.gradle.internal.classloader.SystemClassLoaderSpec                           : loaded 2 times (x 69B)
Class org.gradle.internal.exceptions.MultiCauseException                              : loaded 2 times (x 68B)
Class org.gradle.internal.time.CountdownTimer                                         : loaded 2 times (x 68B)
Class kotlin.jvm.internal.Intrinsics                                                  : loaded 2 times (x 69B)
Class org.gradle.tooling.model.ProjectModel                                           : loaded 2 times (x 68B)
Class kotlin.KotlinNullPointerException                                               : loaded 2 times (x 81B)
Class org.gradle.internal.exceptions.DefaultMultiCauseException                       : loaded 2 times (x 93B)
Class org.gradle.internal.time.Time                                                   : loaded 2 times (x 69B)
Class org.gradle.internal.time.Timer                                                  : loaded 2 times (x 68B)
Class org.gradle.internal.installation.CurrentGradleInstallationLocator               : loaded 2 times (x 69B)
Class org.gradle.internal.service.DefaultServiceLocator                               : loaded 2 times (x 81B)
Class org.gradle.util.GradleVersion                                                   : loaded 2 times (x 77B)
Class org.gradle.internal.installation.CurrentGradleInstallation                      : loaded 2 times (x 71B)
Class org.gradle.util.internal.GUtil                                                  : loaded 2 times (x 69B)
Class org.gradle.internal.installation.GradleInstallation                             : loaded 2 times (x 73B)

---------------  S Y S T E M  ---------------

OS:
 Windows 11 , 64 bit Build 26100 (10.0.26100.7920)
OS uptime: 28 days 22:32 hours
Hyper-V role detected

CPU: total 8 (initial active 8) (4 cores per cpu, 2 threads per core) family 6 model 140 stepping 2 microcode 0x3c, cx8, cmov, fxsr, ht, mmx, 3dnowpref, sse, sse2, sse3, ssse3, sse4.1, sse4.2, popcnt, lzcnt, tsc, tscinvbit, avx, avx2, aes, erms, clmul, bmi1, bmi2, adx, avx512f, avx512dq, avx512cd, avx512bw, avx512vl, sha, fma, vzeroupper, avx512_vpopcntdq, avx512_vpclmulqdq, avx512_vaes, avx512_vnni, clflush, clflushopt, clwb, avx512_vbmi2, avx512_vbmi, hv, rdtscp, rdpid, fsrm, gfni, avx512_bitalg, f16c, cet_ibt, cet_ss, avx512_ifma
Processor Information for the first 8 processors :
  Max Mhz: 2496, Current Mhz: 2496, Mhz Limit: 2496

Memory: 4k page, system-wide physical 24314M (2529M free)
TotalPageFile size 47546M (AvailPageFile size 53M)
current process WorkingSet (physical memory assigned to process): 447M, peak: 453M
current process commit charge ("private bytes"): 498M, peak: 524M

vm_info: OpenJDK 64-Bit Server VM (21.0.7+-13880790-b1038.58) for windows-amd64 JRE (21.0.7+-13880790-b1038.58), built on 2025-08-04T20:56:21Z by "builder" with MS VC++ 16.10 / 16.11 (VS2019)

END.
