#
# There is insufficient memory for the Java Runtime Environment to continue.
# Native memory allocation (malloc) failed to allocate 32744 bytes for ChunkPool::allocate
# Possible reasons:
#   The system is out of physical RAM or swap space
#   The process is running with CompressedOops enabled, and the Java Heap may be blocking the growth of the native heap
# Possible solutions:
#   Reduce memory load on the system
#   Increase physical memory or swap space
#   Check if swap backing store is full
#   Decrease Java heap size (-Xmx/-Xms)
#   Decrease number of Java threads
#   Decrease Java thread stack sizes (-Xss)
#   Set larger code cache with -XX:ReservedCodeCacheSize=
#   JVM is running with Zero Based Compressed Oops mode in which the Java heap is
#     placed in the first 32GB address space. The Java Heap base address is the
#     maximum limit for the native heap growth. Please use -XX:HeapBaseMinAddress
#     to set the Java Heap base and to place the Java Heap above 32GB virtual address.
# This output file may be truncated or incomplete.
#
#  Out of Memory Error (arena.cpp:78), pid=39288, tid=53988
#
# JRE version: Java(TM) SE Runtime Environment (17.0.12+8) (build 17.0.12+8-LTS-286)
# Java VM: Java HotSpot(TM) 64-Bit Server VM (17.0.12+8-LTS-286, mixed mode, sharing, tiered, compressed oops, compressed class ptrs, g1 gc, windows-amd64)
# No core dump will be written. Minidumps are not enabled by default on client versions of Windows
#

---------------  S U M M A R Y ------------

Command Line: -Dorg.gradle.appname=gradlew org.gradle.wrapper.GradleWrapperMain .clean build

Host: 11th Gen Intel(R) Core(TM) i5-11320H @ 3.20GHz, 8 cores, 23G,  Windows 11 , 64 bit Build 26100 (10.0.26100.7920)
Time: Tue Jun 30 16:27:55 2026 SE Asia Standard Time elapsed time: 75.147761 seconds (0d 0h 1m 15s)

---------------  T H R E A D  ---------------

Current thread (0x00000140690d1220):  JavaThread "C2 CompilerThread0" daemon [_thread_in_native, id=53988, stack(0x00000033e3900000,0x00000033e3a00000)]


Current CompileTask:
C2:  75148 1765       4       org.gradle.internal.logging.console.WorkInProgressRenderer::renderNow (351 bytes)

Stack: [0x00000033e3900000,0x00000033e3a00000]
Native frames: (J=compiled Java code, j=interpreted, Vv=VM code, C=native code)
V  [jvm.dll+0x67a04a]
V  [jvm.dll+0x7da4ed]
V  [jvm.dll+0x7dbe33]
V  [jvm.dll+0x7dc4a3]
V  [jvm.dll+0x24508f]
V  [jvm.dll+0xab9a4]
V  [jvm.dll+0xabd3c]
V  [jvm.dll+0x6cda1c]
V  [jvm.dll+0x657e8d]
V  [jvm.dll+0x33dd40]
V  [jvm.dll+0x33b85e]
V  [jvm.dll+0x68e9eb]
V  [jvm.dll+0x692267]
V  [jvm.dll+0x68a3d5]
V  [jvm.dll+0x689a20]
V  [jvm.dll+0x687932]
V  [jvm.dll+0x1a5bac]
V  [jvm.dll+0x1a6708]
V  [jvm.dll+0x2a975c]
V  [jvm.dll+0x6923b6]
V  [jvm.dll+0x68a3d5]
V  [jvm.dll+0x689a20]
V  [jvm.dll+0x687932]
V  [jvm.dll+0x1a5bac]
V  [jvm.dll+0x1a6708]
V  [jvm.dll+0x1a6708]
V  [jvm.dll+0x2a975c]
V  [jvm.dll+0x6923b6]
V  [jvm.dll+0x68a3d5]
V  [jvm.dll+0x689a20]
V  [jvm.dll+0x687932]
V  [jvm.dll+0x1a5bac]
V  [jvm.dll+0x1a6708]
V  [jvm.dll+0x2a975c]
V  [jvm.dll+0x6923b6]
V  [jvm.dll+0x68a3d5]
V  [jvm.dll+0x689a20]
V  [jvm.dll+0x687932]
V  [jvm.dll+0x1a5bac]
V  [jvm.dll+0x215818]
V  [jvm.dll+0x1a2960]
V  [jvm.dll+0x22610b]
V  [jvm.dll+0x2242ab]
V  [jvm.dll+0x79075c]
V  [jvm.dll+0x78abea]
V  [jvm.dll+0x678f35]
C  [ucrtbase.dll+0x37b0]
C  [KERNEL32.DLL+0x2e8d7]
C  [ntdll.dll+0x8c48c]


---------------  P R O C E S S  ---------------

Threads class SMR info:
_java_thread_list=0x00000140af17a1b0, length=15, elements={
0x0000014041865ff0, 0x000001406908ec10, 0x0000014069094d00, 0x00000140690a7fd0,
0x00000140690a8990, 0x00000140690a9ec0, 0x00000140690af900, 0x00000140690d1220,
0x00000140690dc860, 0x00000140690f25b0, 0x0000014069223ee0, 0x0000014069228990,
0x00000140afb21240, 0x00000140af80e280, 0x00000140af7003f0
}

Java Threads: ( => current thread )
  0x0000014041865ff0 JavaThread "main" [_thread_in_native, id=56664, stack(0x00000033e2c00000,0x00000033e2d00000)]
  0x000001406908ec10 JavaThread "Reference Handler" daemon [_thread_blocked, id=51024, stack(0x00000033e3300000,0x00000033e3400000)]
  0x0000014069094d00 JavaThread "Finalizer" daemon [_thread_blocked, id=38552, stack(0x00000033e3400000,0x00000033e3500000)]
  0x00000140690a7fd0 JavaThread "Signal Dispatcher" daemon [_thread_blocked, id=64620, stack(0x00000033e3500000,0x00000033e3600000)]
  0x00000140690a8990 JavaThread "Attach Listener" daemon [_thread_blocked, id=58288, stack(0x00000033e3600000,0x00000033e3700000)]
  0x00000140690a9ec0 JavaThread "Service Thread" daemon [_thread_blocked, id=43624, stack(0x00000033e3700000,0x00000033e3800000)]
  0x00000140690af900 JavaThread "Monitor Deflation Thread" daemon [_thread_blocked, id=47340, stack(0x00000033e3800000,0x00000033e3900000)]
=>0x00000140690d1220 JavaThread "C2 CompilerThread0" daemon [_thread_in_native, id=53988, stack(0x00000033e3900000,0x00000033e3a00000)]
  0x00000140690dc860 JavaThread "C1 CompilerThread0" daemon [_thread_blocked, id=52132, stack(0x00000033e3a00000,0x00000033e3b00000)]
  0x00000140690f25b0 JavaThread "Sweeper thread" daemon [_thread_blocked, id=65440, stack(0x00000033e3b00000,0x00000033e3c00000)]
  0x0000014069223ee0 JavaThread "Notification Thread" daemon [_thread_blocked, id=51932, stack(0x00000033e3c00000,0x00000033e3d00000)]
  0x0000014069228990 JavaThread "Common-Cleaner" daemon [_thread_blocked, id=68156, stack(0x00000033e3e00000,0x00000033e3f00000)]
  0x00000140afb21240 JavaThread "pool-1-thread-1" [_thread_blocked, id=42760, stack(0x00000033e4800000,0x00000033e4900000)]
  0x00000140af80e280 JavaThread "DisconnectableInputStream source reader" daemon [_thread_in_native, id=76792, stack(0x00000033e4900000,0x00000033e4a00000)]
  0x00000140af7003f0 JavaThread "Forward input" [_thread_blocked, id=34176, stack(0x00000033e4a00000,0x00000033e4b00000)]

Other Threads:
  0x0000014069092280 VMThread "VM Thread" [stack: 0x00000033e3200000,0x00000033e3300000] [id=58480]
  0x0000014041920900 WatcherThread [stack: 0x00000033e3d00000,0x00000033e3e00000] [id=33020]
  0x00000140418ef550 GCTaskThread "GC Thread#0" [stack: 0x00000033e2d00000,0x00000033e2e00000] [id=49000]
  0x0000014069a990f0 GCTaskThread "GC Thread#1" [stack: 0x00000033e4100000,0x00000033e4200000] [id=58380]
  0x0000014069a993b0 GCTaskThread "GC Thread#2" [stack: 0x00000033e4200000,0x00000033e4300000] [id=44736]
  0x0000014069a99670 GCTaskThread "GC Thread#3" [stack: 0x00000033e4300000,0x00000033e4400000] [id=53744]
  0x0000014069cda050 GCTaskThread "GC Thread#4" [stack: 0x00000033e4400000,0x00000033e4500000] [id=69616]
  0x0000014069cda310 GCTaskThread "GC Thread#5" [stack: 0x00000033e4500000,0x00000033e4600000] [id=50128]
  0x00000140af2088e0 GCTaskThread "GC Thread#6" [stack: 0x00000033e4600000,0x00000033e4700000] [id=40864]
  0x00000140af208ba0 GCTaskThread "GC Thread#7" [stack: 0x00000033e4700000,0x00000033e4800000] [id=45736]
  0x00000140418fd1b0 ConcurrentGCThread "G1 Main Marker" [stack: 0x00000033e2e00000,0x00000033e2f00000] [id=56820]
  0x00000140418fef30 ConcurrentGCThread "G1 Conc#0" [stack: 0x00000033e2f00000,0x00000033e3000000] [id=69788]
  0x000001404192e430 ConcurrentGCThread "G1 Refine#0" [stack: 0x00000033e3000000,0x00000033e3100000] [id=65768]
  0x0000014068e31980 ConcurrentGCThread "G1 Service" [stack: 0x00000033e3100000,0x00000033e3200000] [id=17336]

Threads with active compile tasks:
C2 CompilerThread0    75175 1765       4       org.gradle.internal.logging.console.WorkInProgressRenderer::renderNow (351 bytes)

VM state: not at safepoint (normal execution)

VM Mutex/Monitor currently owned by a thread: None

Heap address: 0x0000000684000000, size: 6080 MB, Compressed Oops mode: Zero based, Oop shift amount: 3

CDS archive(s) mapped at: [0x000001406a000000-0x000001406abd0000-0x000001406abd0000), size 12386304, SharedBaseAddress: 0x000001406a000000, ArchiveRelocationMode: 1.
Compressed class space mapped at: 0x000001406b000000-0x00000140ab000000, reserved size: 1073741824
Narrow klass base: 0x000001406a000000, Narrow klass shift: 0, Narrow klass range: 0x100000000

GC Precious Log:
 CPUs: 8 total, 8 available
 Memory: 24314M
 Large Page Support: Disabled
 NUMA Support: Disabled
 Compressed Oops: Enabled (Zero based)
 Heap Region Size: 4M
 Heap Min Capacity: 8M
 Heap Initial Capacity: 380M
 Heap Max Capacity: 6080M
 Pre-touch: Disabled
 Parallel Workers: 8
 Concurrent Workers: 2
 Concurrent Refinement Workers: 8
 Periodic GC: Disabled

Heap:
 garbage-first heap   total 389120K, used 23520K [0x0000000684000000, 0x0000000800000000)
  region size 4096K, 5 young (20480K), 1 survivors (4096K)
 Metaspace       used 9511K, committed 9728K, reserved 1114112K
  class space    used 1239K, committed 1344K, reserved 1048576K

Heap Regions: E=young(eden), S=young(survivor), O=old, HS=humongous(starts), HC=humongous(continues), CS=collection set, F=free, OA=open archive, CA=closed archive, TAMS=top-at-mark-start (previous, next)
|   0|0x0000000684000000, 0x0000000684400000, 0x0000000684400000|100%|HS|  |TAMS 0x0000000684000000, 0x0000000684000000| Complete 
|   1|0x0000000684400000, 0x0000000684800000, 0x0000000684800000|100%| O|  |TAMS 0x0000000684400000, 0x0000000684400000| Untracked 
|   2|0x0000000684800000, 0x00000006849f1600, 0x0000000684c00000| 48%| O|  |TAMS 0x0000000684800000, 0x0000000684800000| Untracked 
|   3|0x0000000684c00000, 0x0000000684c00000, 0x0000000685000000|  0%| F|  |TAMS 0x0000000684c00000, 0x0000000684c00000| Untracked 
|   4|0x0000000685000000, 0x0000000685000000, 0x0000000685400000|  0%| F|  |TAMS 0x0000000685000000, 0x0000000685000000| Untracked 
|   5|0x0000000685400000, 0x0000000685400000, 0x0000000685800000|  0%| F|  |TAMS 0x0000000685400000, 0x0000000685400000| Untracked 
|   6|0x0000000685800000, 0x0000000685800000, 0x0000000685c00000|  0%| F|  |TAMS 0x0000000685800000, 0x0000000685800000| Untracked 
|   7|0x0000000685c00000, 0x0000000685c00000, 0x0000000686000000|  0%| F|  |TAMS 0x0000000685c00000, 0x0000000685c00000| Untracked 
|   8|0x0000000686000000, 0x0000000686000000, 0x0000000686400000|  0%| F|  |TAMS 0x0000000686000000, 0x0000000686000000| Untracked 
|   9|0x0000000686400000, 0x0000000686400000, 0x0000000686800000|  0%| F|  |TAMS 0x0000000686400000, 0x0000000686400000| Untracked 
|  10|0x0000000686800000, 0x0000000686800000, 0x0000000686c00000|  0%| F|  |TAMS 0x0000000686800000, 0x0000000686800000| Untracked 
|  11|0x0000000686c00000, 0x0000000686c00000, 0x0000000687000000|  0%| F|  |TAMS 0x0000000686c00000, 0x0000000686c00000| Untracked 
|  12|0x0000000687000000, 0x0000000687000000, 0x0000000687400000|  0%| F|  |TAMS 0x0000000687000000, 0x0000000687000000| Untracked 
|  13|0x0000000687400000, 0x0000000687400000, 0x0000000687800000|  0%| F|  |TAMS 0x0000000687400000, 0x0000000687400000| Untracked 
|  14|0x0000000687800000, 0x0000000687800000, 0x0000000687c00000|  0%| F|  |TAMS 0x0000000687800000, 0x0000000687800000| Untracked 
|  15|0x0000000687c00000, 0x0000000687c00000, 0x0000000688000000|  0%| F|  |TAMS 0x0000000687c00000, 0x0000000687c00000| Untracked 
|  16|0x0000000688000000, 0x0000000688000000, 0x0000000688400000|  0%| F|  |TAMS 0x0000000688000000, 0x0000000688000000| Untracked 
|  17|0x0000000688400000, 0x0000000688400000, 0x0000000688800000|  0%| F|  |TAMS 0x0000000688400000, 0x0000000688400000| Untracked 
|  18|0x0000000688800000, 0x0000000688800000, 0x0000000688c00000|  0%| F|  |TAMS 0x0000000688800000, 0x0000000688800000| Untracked 
|  19|0x0000000688c00000, 0x0000000688c00000, 0x0000000689000000|  0%| F|  |TAMS 0x0000000688c00000, 0x0000000688c00000| Untracked 
|  20|0x0000000689000000, 0x0000000689000000, 0x0000000689400000|  0%| F|  |TAMS 0x0000000689000000, 0x0000000689000000| Untracked 
|  21|0x0000000689400000, 0x0000000689400000, 0x0000000689800000|  0%| F|  |TAMS 0x0000000689400000, 0x0000000689400000| Untracked 
|  22|0x0000000689800000, 0x0000000689800000, 0x0000000689c00000|  0%| F|  |TAMS 0x0000000689800000, 0x0000000689800000| Untracked 
|  23|0x0000000689c00000, 0x0000000689c00000, 0x000000068a000000|  0%| F|  |TAMS 0x0000000689c00000, 0x0000000689c00000| Untracked 
|  24|0x000000068a000000, 0x000000068a000000, 0x000000068a400000|  0%| F|  |TAMS 0x000000068a000000, 0x000000068a000000| Untracked 
|  25|0x000000068a400000, 0x000000068a400000, 0x000000068a800000|  0%| F|  |TAMS 0x000000068a400000, 0x000000068a400000| Untracked 
|  26|0x000000068a800000, 0x000000068a800000, 0x000000068ac00000|  0%| F|  |TAMS 0x000000068a800000, 0x000000068a800000| Untracked 
|  27|0x000000068ac00000, 0x000000068ac00000, 0x000000068b000000|  0%| F|  |TAMS 0x000000068ac00000, 0x000000068ac00000| Untracked 
|  28|0x000000068b000000, 0x000000068b000000, 0x000000068b400000|  0%| F|  |TAMS 0x000000068b000000, 0x000000068b000000| Untracked 
|  29|0x000000068b400000, 0x000000068b400000, 0x000000068b800000|  0%| F|  |TAMS 0x000000068b400000, 0x000000068b400000| Untracked 
|  30|0x000000068b800000, 0x000000068b800000, 0x000000068bc00000|  0%| F|  |TAMS 0x000000068b800000, 0x000000068b800000| Untracked 
|  31|0x000000068bc00000, 0x000000068bc00000, 0x000000068c000000|  0%| F|  |TAMS 0x000000068bc00000, 0x000000068bc00000| Untracked 
|  32|0x000000068c000000, 0x000000068c000000, 0x000000068c400000|  0%| F|  |TAMS 0x000000068c000000, 0x000000068c000000| Untracked 
|  33|0x000000068c400000, 0x000000068c400000, 0x000000068c800000|  0%| F|  |TAMS 0x000000068c400000, 0x000000068c400000| Untracked 
|  34|0x000000068c800000, 0x000000068c800000, 0x000000068cc00000|  0%| F|  |TAMS 0x000000068c800000, 0x000000068c800000| Untracked 
|  35|0x000000068cc00000, 0x000000068cc00000, 0x000000068d000000|  0%| F|  |TAMS 0x000000068cc00000, 0x000000068cc00000| Untracked 
|  36|0x000000068d000000, 0x000000068d000000, 0x000000068d400000|  0%| F|  |TAMS 0x000000068d000000, 0x000000068d000000| Untracked 
|  37|0x000000068d400000, 0x000000068d400000, 0x000000068d800000|  0%| F|  |TAMS 0x000000068d400000, 0x000000068d400000| Untracked 
|  38|0x000000068d800000, 0x000000068d800000, 0x000000068dc00000|  0%| F|  |TAMS 0x000000068d800000, 0x000000068d800000| Untracked 
|  39|0x000000068dc00000, 0x000000068dc00000, 0x000000068e000000|  0%| F|  |TAMS 0x000000068dc00000, 0x000000068dc00000| Untracked 
|  40|0x000000068e000000, 0x000000068e000000, 0x000000068e400000|  0%| F|  |TAMS 0x000000068e000000, 0x000000068e000000| Untracked 
|  41|0x000000068e400000, 0x000000068e400000, 0x000000068e800000|  0%| F|  |TAMS 0x000000068e400000, 0x000000068e400000| Untracked 
|  42|0x000000068e800000, 0x000000068e800000, 0x000000068ec00000|  0%| F|  |TAMS 0x000000068e800000, 0x000000068e800000| Untracked 
|  43|0x000000068ec00000, 0x000000068ec00000, 0x000000068f000000|  0%| F|  |TAMS 0x000000068ec00000, 0x000000068ec00000| Untracked 
|  44|0x000000068f000000, 0x000000068f000000, 0x000000068f400000|  0%| F|  |TAMS 0x000000068f000000, 0x000000068f000000| Untracked 
|  45|0x000000068f400000, 0x000000068f400000, 0x000000068f800000|  0%| F|  |TAMS 0x000000068f400000, 0x000000068f400000| Untracked 
|  46|0x000000068f800000, 0x000000068f800000, 0x000000068fc00000|  0%| F|  |TAMS 0x000000068f800000, 0x000000068f800000| Untracked 
|  47|0x000000068fc00000, 0x000000068fc00000, 0x0000000690000000|  0%| F|  |TAMS 0x000000068fc00000, 0x000000068fc00000| Untracked 
|  48|0x0000000690000000, 0x0000000690000000, 0x0000000690400000|  0%| F|  |TAMS 0x0000000690000000, 0x0000000690000000| Untracked 
|  49|0x0000000690400000, 0x0000000690400000, 0x0000000690800000|  0%| F|  |TAMS 0x0000000690400000, 0x0000000690400000| Untracked 
|  50|0x0000000690800000, 0x0000000690800000, 0x0000000690c00000|  0%| F|  |TAMS 0x0000000690800000, 0x0000000690800000| Untracked 
|  51|0x0000000690c00000, 0x0000000690c00000, 0x0000000691000000|  0%| F|  |TAMS 0x0000000690c00000, 0x0000000690c00000| Untracked 
|  52|0x0000000691000000, 0x0000000691000000, 0x0000000691400000|  0%| F|  |TAMS 0x0000000691000000, 0x0000000691000000| Untracked 
|  53|0x0000000691400000, 0x0000000691400000, 0x0000000691800000|  0%| F|  |TAMS 0x0000000691400000, 0x0000000691400000| Untracked 
|  54|0x0000000691800000, 0x0000000691800000, 0x0000000691c00000|  0%| F|  |TAMS 0x0000000691800000, 0x0000000691800000| Untracked 
|  55|0x0000000691c00000, 0x0000000691c00000, 0x0000000692000000|  0%| F|  |TAMS 0x0000000691c00000, 0x0000000691c00000| Untracked 
|  56|0x0000000692000000, 0x0000000692000000, 0x0000000692400000|  0%| F|  |TAMS 0x0000000692000000, 0x0000000692000000| Untracked 
|  57|0x0000000692400000, 0x0000000692400000, 0x0000000692800000|  0%| F|  |TAMS 0x0000000692400000, 0x0000000692400000| Untracked 
|  58|0x0000000692800000, 0x0000000692800000, 0x0000000692c00000|  0%| F|  |TAMS 0x0000000692800000, 0x0000000692800000| Untracked 
|  59|0x0000000692c00000, 0x0000000692c00000, 0x0000000693000000|  0%| F|  |TAMS 0x0000000692c00000, 0x0000000692c00000| Untracked 
|  60|0x0000000693000000, 0x0000000693000000, 0x0000000693400000|  0%| F|  |TAMS 0x0000000693000000, 0x0000000693000000| Untracked 
|  61|0x0000000693400000, 0x0000000693400000, 0x0000000693800000|  0%| F|  |TAMS 0x0000000693400000, 0x0000000693400000| Untracked 
|  62|0x0000000693800000, 0x0000000693800000, 0x0000000693c00000|  0%| F|  |TAMS 0x0000000693800000, 0x0000000693800000| Untracked 
|  63|0x0000000693c00000, 0x0000000693c00000, 0x0000000694000000|  0%| F|  |TAMS 0x0000000693c00000, 0x0000000693c00000| Untracked 
|  64|0x0000000694000000, 0x0000000694000000, 0x0000000694400000|  0%| F|  |TAMS 0x0000000694000000, 0x0000000694000000| Untracked 
|  65|0x0000000694400000, 0x0000000694400000, 0x0000000694800000|  0%| F|  |TAMS 0x0000000694400000, 0x0000000694400000| Untracked 
|  66|0x0000000694800000, 0x0000000694800000, 0x0000000694c00000|  0%| F|  |TAMS 0x0000000694800000, 0x0000000694800000| Untracked 
|  67|0x0000000694c00000, 0x0000000694c00000, 0x0000000695000000|  0%| F|  |TAMS 0x0000000694c00000, 0x0000000694c00000| Untracked 
|  68|0x0000000695000000, 0x0000000695000000, 0x0000000695400000|  0%| F|  |TAMS 0x0000000695000000, 0x0000000695000000| Untracked 
|  69|0x0000000695400000, 0x0000000695400000, 0x0000000695800000|  0%| F|  |TAMS 0x0000000695400000, 0x0000000695400000| Untracked 
|  70|0x0000000695800000, 0x0000000695800000, 0x0000000695c00000|  0%| F|  |TAMS 0x0000000695800000, 0x0000000695800000| Untracked 
|  71|0x0000000695c00000, 0x0000000695c00000, 0x0000000696000000|  0%| F|  |TAMS 0x0000000695c00000, 0x0000000695c00000| Untracked 
|  72|0x0000000696000000, 0x0000000696000000, 0x0000000696400000|  0%| F|  |TAMS 0x0000000696000000, 0x0000000696000000| Untracked 
|  73|0x0000000696400000, 0x0000000696400000, 0x0000000696800000|  0%| F|  |TAMS 0x0000000696400000, 0x0000000696400000| Untracked 
|  74|0x0000000696800000, 0x0000000696800000, 0x0000000696c00000|  0%| F|  |TAMS 0x0000000696800000, 0x0000000696800000| Untracked 
|  75|0x0000000696c00000, 0x0000000696c00000, 0x0000000697000000|  0%| F|  |TAMS 0x0000000696c00000, 0x0000000696c00000| Untracked 
|  76|0x0000000697000000, 0x0000000697000000, 0x0000000697400000|  0%| F|  |TAMS 0x0000000697000000, 0x0000000697000000| Untracked 
|  77|0x0000000697400000, 0x0000000697400000, 0x0000000697800000|  0%| F|  |TAMS 0x0000000697400000, 0x0000000697400000| Untracked 
|  78|0x0000000697800000, 0x0000000697800000, 0x0000000697c00000|  0%| F|  |TAMS 0x0000000697800000, 0x0000000697800000| Untracked 
|  79|0x0000000697c00000, 0x0000000697c00000, 0x0000000698000000|  0%| F|  |TAMS 0x0000000697c00000, 0x0000000697c00000| Untracked 
|  80|0x0000000698000000, 0x0000000698000000, 0x0000000698400000|  0%| F|  |TAMS 0x0000000698000000, 0x0000000698000000| Untracked 
|  81|0x0000000698400000, 0x0000000698400000, 0x0000000698800000|  0%| F|  |TAMS 0x0000000698400000, 0x0000000698400000| Untracked 
|  82|0x0000000698800000, 0x0000000698800000, 0x0000000698c00000|  0%| F|  |TAMS 0x0000000698800000, 0x0000000698800000| Untracked 
|  83|0x0000000698c00000, 0x0000000698c00000, 0x0000000699000000|  0%| F|  |TAMS 0x0000000698c00000, 0x0000000698c00000| Untracked 
|  84|0x0000000699000000, 0x0000000699000000, 0x0000000699400000|  0%| F|  |TAMS 0x0000000699000000, 0x0000000699000000| Untracked 
|  85|0x0000000699400000, 0x0000000699400000, 0x0000000699800000|  0%| F|  |TAMS 0x0000000699400000, 0x0000000699400000| Untracked 
|  86|0x0000000699800000, 0x0000000699800000, 0x0000000699c00000|  0%| F|  |TAMS 0x0000000699800000, 0x0000000699800000| Untracked 
|  87|0x0000000699c00000, 0x0000000699c00000, 0x000000069a000000|  0%| F|  |TAMS 0x0000000699c00000, 0x0000000699c00000| Untracked 
|  88|0x000000069a000000, 0x000000069a000000, 0x000000069a400000|  0%| F|  |TAMS 0x000000069a000000, 0x000000069a000000| Untracked 
|  89|0x000000069a400000, 0x000000069a400000, 0x000000069a800000|  0%| F|  |TAMS 0x000000069a400000, 0x000000069a400000| Untracked 
|  90|0x000000069a800000, 0x000000069a906ad0, 0x000000069ac00000| 25%| S|CS|TAMS 0x000000069a800000, 0x000000069a800000| Complete 
|  91|0x000000069ac00000, 0x000000069afe2910, 0x000000069b000000| 97%| E|  |TAMS 0x000000069ac00000, 0x000000069ac00000| Complete 
|  92|0x000000069b000000, 0x000000069b400000, 0x000000069b400000|100%| E|CS|TAMS 0x000000069b000000, 0x000000069b000000| Complete 
|  93|0x000000069b400000, 0x000000069b800000, 0x000000069b800000|100%| E|CS|TAMS 0x000000069b400000, 0x000000069b400000| Complete 
|  94|0x000000069b800000, 0x000000069bc00000, 0x000000069bc00000|100%| E|CS|TAMS 0x000000069b800000, 0x000000069b800000| Complete 

Card table byte_map: [0x0000014059030000,0x0000014059c10000] _byte_map_base: 0x0000014055c10000

Marking Bits (Prev, Next): (CMBitMap*) 0x00000140418f0a80, (CMBitMap*) 0x00000140418f0ac0
 Prev Bits: [0x000001405a7f0000, 0x00000140606f0000)
 Next Bits: [0x00000140606f0000, 0x00000140665f0000)

Polling page: 0x000001403f630000

Metaspace:

Usage:
  Non-class:      8.08 MB used.
      Class:      1.21 MB used.
       Both:      9.29 MB used.

Virtual space:
  Non-class space:       64.00 MB reserved,       8.19 MB ( 13%) committed,  1 nodes.
      Class space:        1.00 GB reserved,       1.31 MB ( <1%) committed,  1 nodes.
             Both:        1.06 GB reserved,       9.50 MB ( <1%) committed. 

Chunk freelists:
   Non-Class:  7.61 MB
       Class:  14.58 MB
        Both:  22.19 MB

MaxMetaspaceSize: unlimited
CompressedClassSpaceSize: 1.00 GB
Initial GC threshold: 21.00 MB
Current GC threshold: 21.00 MB
CDS: on
MetaspaceReclaimPolicy: balanced
 - commit_granule_bytes: 65536.
 - commit_granule_words: 8192.
 - virtual_space_node_default_size: 8388608.
 - enlarge_chunks_in_place: 1.
 - new_chunks_are_fully_committed: 0.
 - uncommit_free_chunks: 1.
 - use_allocation_guard: 0.
 - handle_deallocations: 1.


Internal statistics:

num_allocs_failed_limit: 0.
num_arena_births: 82.
num_arena_deaths: 0.
num_vsnodes_births: 2.
num_vsnodes_deaths: 0.
num_space_committed: 152.
num_space_uncommitted: 0.
num_chunks_returned_to_freelist: 0.
num_chunks_taken_from_freelist: 333.
num_chunk_merges: 0.
num_chunk_splits: 227.
num_chunks_enlarged: 195.
num_inconsistent_stats: 0.

CodeHeap 'non-profiled nmethods': size=120000Kb used=860Kb max_used=860Kb free=119139Kb
 bounds [0x0000014050bf0000, 0x0000014050e60000, 0x0000014058120000]
CodeHeap 'profiled nmethods': size=120000Kb used=3234Kb max_used=3234Kb free=116766Kb
 bounds [0x0000014049120000, 0x0000014049450000, 0x0000014050650000]
CodeHeap 'non-nmethods': size=5760Kb used=1184Kb max_used=1217Kb free=4575Kb
 bounds [0x0000014050650000, 0x00000140508c0000, 0x0000014050bf0000]
 total_blobs=2238 nmethods=1768 adapters=383
 compilation: enabled
              stopped_count=0, restarted_count=0
 full_count=0

Compilation events (20 events):
Event: 56.599 Thread 0x00000140690dc860 nmethod 1759 0x0000014049445990 code [0x0000014049445b80, 0x00000140494460c8]
Event: 57.301 Thread 0x00000140690d1220 1760   !   4       java.util.AbstractList$Itr::next (46 bytes)
Event: 57.303 Thread 0x00000140690d1220 nmethod 1760 0x0000014050cbe310 code [0x0000014050cbe4a0, 0x0000014050cbe5e8]
Event: 61.497 Thread 0x00000140690d1220 1761 %     4       org.gradle.internal.logging.console.WorkInProgressRenderer::renderNow @ 45 (351 bytes)
Event: 61.667 Thread 0x00000140690d1220 nmethod 1761% 0x0000014050cbe790 code [0x0000014050cbecc0, 0x0000014050cc3ab8]
Event: 62.389 Thread 0x00000140690d1220 1762       4       jdk.internal.misc.Unsafe::putReferenceOpaque (9 bytes)
Event: 62.390 Thread 0x00000140690d1220 nmethod 1762 0x0000014050cc6910 code [0x0000014050cc6a80, 0x0000014050cc6bb8]
Event: 68.906 Thread 0x00000140690dc860 1763       3       org.gradle.internal.logging.console.ProgressBar::trimToConsole (45 bytes)
Event: 68.907 Thread 0x00000140690dc860 nmethod 1763 0x0000014049446290 code [0x0000014049446460, 0x00000140494467e8]
Event: 70.093 Thread 0x00000140690d1220 1764       4       java.lang.StringCoding::implEncodeAsciiArray (47 bytes)
Event: 71.100 Thread 0x00000140690dc860 1766       3       com.esotericsoftware.kryo.io.Input::readString (127 bytes)
Event: 71.101 Thread 0x00000140690dc860 nmethod 1766 0x0000014049446990 code [0x0000014049446ba0, 0x0000014049447198]
Event: 71.105 Thread 0x00000140690d1220 nmethod 1764 0x0000014050cc6c10 code [0x0000014050cc6d80, 0x0000014050cc7158]
Event: 71.105 Thread 0x00000140690d1220 1765       4       org.gradle.internal.logging.console.WorkInProgressRenderer::renderNow (351 bytes)
Event: 71.241 Thread 0x00000140690dc860 1767       3       com.esotericsoftware.kryo.io.Input::readUtf8 (90 bytes)
Event: 72.118 Thread 0x00000140690dc860 nmethod 1767 0x0000014049447390 code [0x0000014049447560, 0x0000014049447978]
Event: 72.500 Thread 0x00000140690dc860 1770       3       java.util.ArrayDeque$DeqIterator::next (62 bytes)
Event: 73.122 Thread 0x00000140690dc860 nmethod 1770 0x0000014049447b90 code [0x0000014049447d60, 0x0000014049448178]
Event: 73.122 Thread 0x00000140690dc860 1771       3       java.util.ArrayDeque::nonNullElementAt (18 bytes)
Event: 73.122 Thread 0x00000140690dc860 nmethod 1771 0x0000014049448390 code [0x0000014049448540, 0x0000014049448708]

GC Heap History (4 events):
Event: 0.325 GC heap before
{Heap before GC invocations=0 (full 0):
 garbage-first heap   total 389120K, used 24576K [0x0000000684000000, 0x0000000800000000)
  region size 4096K, 5 young (20480K), 0 survivors (0K)
 Metaspace       used 2766K, committed 2944K, reserved 1114112K
  class space    used 298K, committed 384K, reserved 1048576K
}
Event: 0.329 GC heap after
{Heap after GC invocations=1 (full 0):
 garbage-first heap   total 389120K, used 10167K [0x0000000684000000, 0x0000000800000000)
  region size 4096K, 1 young (4096K), 1 survivors (4096K)
 Metaspace       used 2766K, committed 2944K, reserved 1114112K
  class space    used 298K, committed 384K, reserved 1048576K
}
Event: 0.627 GC heap before
{Heap before GC invocations=1 (full 0):
 garbage-first heap   total 389120K, used 26551K [0x0000000684000000, 0x0000000800000000)
  region size 4096K, 5 young (20480K), 1 survivors (4096K)
 Metaspace       used 7059K, committed 7232K, reserved 1114112K
  class space    used 964K, committed 1088K, reserved 1048576K
}
Event: 0.629 GC heap after
{Heap after GC invocations=2 (full 0):
 garbage-first heap   total 389120K, used 11232K [0x0000000684000000, 0x0000000800000000)
  region size 4096K, 1 young (4096K), 1 survivors (4096K)
 Metaspace       used 7059K, committed 7232K, reserved 1114112K
  class space    used 964K, committed 1088K, reserved 1048576K
}

Deoptimization events (20 events):
Event: 71.097 Thread 0x00000140afb21240 DEOPT PACKING pc=0x00000140493e3690 sp=0x00000033e48fefd0
Event: 71.097 Thread 0x00000140afb21240 DEOPT UNPACKING pc=0x00000140506a66e3 sp=0x00000033e48fe5d8 mode 0
Event: 71.099 Thread 0x0000014041865ff0 Uncommon trap: trap_request=0xffffff45 fr.pc=0x0000014050c8eaec relative=0x0000000000000d4c
Event: 71.099 Thread 0x0000014041865ff0 Uncommon trap: reason=unstable_if action=reinterpret pc=0x0000014050c8eaec method=com.esotericsoftware.kryo.io.Input.readUtf8(I)V @ 79 c2
Event: 71.099 Thread 0x0000014041865ff0 DEOPT PACKING pc=0x0000014050c8eaec sp=0x00000033e2cfc700
Event: 71.099 Thread 0x0000014041865ff0 DEOPT UNPACKING pc=0x00000140506a5ba3 sp=0x00000033e2cfc630 mode 2
Event: 71.101 Thread 0x0000014041865ff0 Uncommon trap: trap_request=0xffffff45 fr.pc=0x0000014050c837ec relative=0x000000000000054c
Event: 71.101 Thread 0x0000014041865ff0 Uncommon trap: reason=unstable_if action=reinterpret pc=0x0000014050c837ec method=com.esotericsoftware.kryo.io.Input.readUtf8(I)V @ 79 c2
Event: 71.101 Thread 0x0000014041865ff0 DEOPT PACKING pc=0x0000014050c837ec sp=0x00000033e2cfc680
Event: 71.101 Thread 0x0000014041865ff0 DEOPT UNPACKING pc=0x00000140506a5ba3 sp=0x00000033e2cfc628 mode 2
Event: 73.121 Thread 0x0000014041865ff0 DEOPT PACKING pc=0x00000140494478bd sp=0x00000033e2cfc6b0
Event: 73.121 Thread 0x0000014041865ff0 DEOPT UNPACKING pc=0x00000140506a66e3 sp=0x00000033e2cfbb48 mode 0
Event: 73.122 Thread 0x0000014041865ff0 DEOPT PACKING pc=0x00000140494478bd sp=0x00000033e2cfc6b0
Event: 73.122 Thread 0x0000014041865ff0 DEOPT UNPACKING pc=0x00000140506a66e3 sp=0x00000033e2cfbb48 mode 0
Event: 73.122 Thread 0x0000014041865ff0 DEOPT PACKING pc=0x00000140494478bd sp=0x00000033e2cfc6b0
Event: 73.122 Thread 0x0000014041865ff0 DEOPT UNPACKING pc=0x00000140506a66e3 sp=0x00000033e2cfbb48 mode 0
Event: 73.123 Thread 0x0000014041865ff0 DEOPT PACKING pc=0x00000140494478bd sp=0x00000033e2cfc6b0
Event: 73.123 Thread 0x0000014041865ff0 DEOPT UNPACKING pc=0x00000140506a66e3 sp=0x00000033e2cfbb48 mode 0
Event: 75.141 Thread 0x0000014041865ff0 DEOPT PACKING pc=0x00000140494478bd sp=0x00000033e2cfc6b0
Event: 75.141 Thread 0x0000014041865ff0 DEOPT UNPACKING pc=0x00000140506a66e3 sp=0x00000033e2cfbb48 mode 0

Classes unloaded (0 events):
No events

Classes redefined (0 events):
No events

Internal exceptions (20 events):
Event: 0.102 Thread 0x0000014041865ff0 Exception <a 'java/lang/NoSuchMethodError'{0x000000069bb67ff0}: 'int java.lang.invoke.DirectMethodHandle$Holder.invokeStaticInit(java.lang.Object, java.lang.Object)'> (0x000000069bb67ff0) 
thrown [s\open\src\hotspot\share\interpreter\linkResolver.cpp, line 759]
Event: 0.423 Thread 0x0000014041865ff0 Exception <a 'java/lang/NoSuchMethodError'{0x000000069bac5fe8}: 'void java.lang.invoke.DirectMethodHandle$Holder.invokeStatic(java.lang.Object, java.lang.Object)'> (0x000000069bac5fe8) 
thrown [s\open\src\hotspot\share\interpreter\linkResolver.cpp, line 759]
Event: 0.449 Thread 0x0000014041865ff0 Exception <a 'java/lang/NoClassDefFoundError'{0x000000069bb4cfe8}: org/slf4j/impl/StaticMarkerBinder> (0x000000069bb4cfe8) 
thrown [s\open\src\hotspot\share\classfile\systemDictionary.cpp, line 245]
Event: 0.457 Thread 0x0000014041865ff0 Exception <a 'java/lang/NoSuchMethodError'{0x000000069bbeeae0}: 'java.lang.Object java.lang.invoke.DirectMethodHandle$Holder.invokeVirtual(java.lang.Object, java.lang.Object, java.lang.Object, java.lang.Object, java.lang.Object, java.lang.Object, java.lang.Object)'> (0x000000069bbeeae0) 
thrown [s\open\src\hotspot\share\interpreter\linkResolver.cpp, line 759]
Event: 0.458 Thread 0x0000014041865ff0 Exception <a 'java/lang/NoSuchMethodError'{0x000000069b400800}: 'java.lang.Object java.lang.invoke.Invokers$Holder.invoker(java.lang.Object, java.lang.Object, java.lang.Object)'> (0x000000069b400800) 
thrown [s\open\src\hotspot\share\interpreter\linkResolver.cpp, line 759]
Event: 0.459 Thread 0x0000014041865ff0 Exception <a 'java/lang/NoSuchMethodError'{0x000000069b4099d8}: 'java.lang.Object java.lang.invoke.DirectMethodHandle$Holder.invokeStatic(java.lang.Object, java.lang.Object, int)'> (0x000000069b4099d8) 
thrown [s\open\src\hotspot\share\interpreter\linkResolver.cpp, line 759]
Event: 0.460 Thread 0x0000014041865ff0 Exception <a 'java/lang/NoSuchMethodError'{0x000000069b4156c8}: 'void java.lang.invoke.DelegatingMethodHandle$Holder.delegate(java.lang.Object, java.lang.Object, int, java.lang.Object)'> (0x000000069b4156c8) 
thrown [s\open\src\hotspot\share\interpreter\linkResolver.cpp, line 759]
Event: 0.460 Thread 0x0000014041865ff0 Exception <a 'java/lang/NoSuchMethodError'{0x000000069b419890}: 'int java.lang.invoke.DirectMethodHandle$Holder.invokeSpecial(java.lang.Object, java.lang.Object, java.lang.Object)'> (0x000000069b419890) 
thrown [s\open\src\hotspot\share\interpreter\linkResolver.cpp, line 759]
Event: 0.462 Thread 0x0000014041865ff0 Exception <a 'java/lang/NoSuchMethodError'{0x000000069b42c9d8}: 'java.lang.Object java.lang.invoke.Invokers$Holder.invokeExact_MT(java.lang.Object, java.lang.Object, java.lang.Object, java.lang.Object)'> (0x000000069b42c9d8) 
thrown [s\open\src\hotspot\share\interpreter\linkResolver.cpp, line 759]
Event: 0.544 Thread 0x0000014041865ff0 Exception <a 'java/lang/NoSuchMethodError'{0x000000069b24b660}: 'void java.lang.invoke.DirectMethodHandle$Holder.invokeSpecial(java.lang.Object, java.lang.Object, java.lang.Object)'> (0x000000069b24b660) 
thrown [s\open\src\hotspot\share\interpreter\linkResolver.cpp, line 759]
Event: 0.549 Thread 0x0000014041865ff0 Implicit null exception at 0x0000014050c41390 to 0x0000014050c418f4
Event: 0.549 Thread 0x0000014041865ff0 Implicit null exception at 0x0000014050c2ce10 to 0x0000014050c2d374
Event: 0.558 Thread 0x0000014041865ff0 Exception <a 'java/lang/NoSuchMethodError'{0x000000069b3ac610}: 'java.lang.Object java.lang.invoke.DirectMethodHandle$Holder.invokeStaticInit(java.lang.Object)'> (0x000000069b3ac610) 
thrown [s\open\src\hotspot\share\interpreter\linkResolver.cpp, line 759]
Event: 0.584 Thread 0x0000014041865ff0 Exception <a 'java/lang/NoSuchMethodError'{0x000000069ac3eee8}: 'int java.lang.invoke.DirectMethodHandle$Holder.invokeVirtual(java.lang.Object, java.lang.Object, java.lang.Object)'> (0x000000069ac3eee8) 
thrown [s\open\src\hotspot\share\interpreter\linkResolver.cpp, line 759]
Event: 0.588 Thread 0x0000014041865ff0 Exception <a 'java/lang/NoSuchMethodError'{0x000000069ac81988}: 'java.lang.Object java.lang.invoke.DirectMethodHandle$Holder.invokeVirtual(java.lang.Object, java.lang.Object, java.lang.Object)'> (0x000000069ac81988) 
thrown [s\open\src\hotspot\share\interpreter\linkResolver.cpp, line 759]
Event: 0.634 Thread 0x0000014041865ff0 Exception <a 'java/lang/NoSuchMethodError'{0x000000069b850d78}: 'java.lang.Object java.lang.invoke.DirectMethodHandle$Holder.invokeStaticInit(java.lang.Object, int, int, int, int)'> (0x000000069b850d78) 
thrown [s\open\src\hotspot\share\interpreter\linkResolver.cpp, line 759]
Event: 0.681 Thread 0x0000014041865ff0 Exception <a 'java/lang/NoSuchMethodError'{0x000000069b89acf8}: 'java.lang.Object java.lang.invoke.DirectMethodHandle$Holder.invokeStaticInit(java.lang.Object, java.lang.Object, int, int, int, int)'> (0x000000069b89acf8) 
thrown [s\open\src\hotspot\share\interpreter\linkResolver.cpp, line 759]
Event: 0.826 Thread 0x0000014041865ff0 Exception <a 'java/lang/NoSuchMethodError'{0x000000069b8c93b8}: 'void java.lang.invoke.DirectMethodHandle$Holder.invokeStatic(java.lang.Object, java.lang.Object, java.lang.Object)'> (0x000000069b8c93b8) 
thrown [s\open\src\hotspot\share\interpreter\linkResolver.cpp, line 759]
Event: 0.835 Thread 0x0000014041865ff0 Implicit null exception at 0x0000014050c241f2 to 0x0000014050c24840
Event: 0.836 Thread 0x0000014041865ff0 Implicit null exception at 0x0000014050c35f72 to 0x0000014050c365dc

VM Operations (20 events):
Event: 35.328 Executing VM operation: Cleanup done
Event: 39.344 Executing VM operation: Cleanup
Event: 39.344 Executing VM operation: Cleanup done
Event: 42.357 Executing VM operation: Cleanup
Event: 42.357 Executing VM operation: Cleanup done
Event: 46.382 Executing VM operation: Cleanup
Event: 46.383 Executing VM operation: Cleanup done
Event: 52.401 Executing VM operation: Cleanup
Event: 52.401 Executing VM operation: Cleanup done
Event: 53.416 Executing VM operation: Cleanup
Event: 53.416 Executing VM operation: Cleanup done
Event: 56.418 Executing VM operation: Cleanup
Event: 56.418 Executing VM operation: Cleanup done
Event: 57.431 Executing VM operation: Cleanup
Event: 57.431 Executing VM operation: Cleanup done
Event: 60.117 Executing VM operation: HandshakeAllThreads
Event: 60.117 Executing VM operation: HandshakeAllThreads done
Event: 71.193 Executing VM operation: Cleanup
Event: 71.193 Executing VM operation: Cleanup done
Event: 74.204 Executing VM operation: Cleanup

Events (20 events):
Event: 1.079 loading class jdk/internal/reflect/ByteVector done
Event: 1.079 loading class jdk/internal/reflect/ByteVectorImpl done
Event: 1.079 loading class jdk/internal/reflect/ClassFileAssembler
Event: 1.079 loading class jdk/internal/reflect/ClassFileAssembler done
Event: 1.080 loading class jdk/internal/reflect/UTF8
Event: 1.080 loading class jdk/internal/reflect/UTF8 done
Event: 1.080 loading class jdk/internal/reflect/Label
Event: 1.080 loading class jdk/internal/reflect/Label done
Event: 1.080 loading class jdk/internal/reflect/Label$PatchInfo
Event: 1.080 loading class jdk/internal/reflect/Label$PatchInfo done
Event: 1.080 loading class jdk/internal/reflect/MethodAccessorGenerator$1
Event: 1.080 loading class jdk/internal/reflect/MethodAccessorGenerator$1 done
Event: 1.080 loading class jdk/internal/reflect/ClassDefiner
Event: 1.080 loading class jdk/internal/reflect/ClassDefiner done
Event: 1.081 loading class jdk/internal/reflect/ClassDefiner$1
Event: 1.081 loading class jdk/internal/reflect/ClassDefiner$1 done
Event: 1.094 loading class java/util/AbstractList$ListItr
Event: 1.094 loading class java/util/AbstractList$ListItr done
Event: 26.134 loading class jdk/internal/misc/ScopedMemoryAccess$Scope$Handle
Event: 26.134 loading class jdk/internal/misc/ScopedMemoryAccess$Scope$Handle done


Dynamic libraries:
0x00007ff741030000 - 0x00007ff741040000 	E:\jdk-17\bin\java.exe
0x00007ffddbdc0000 - 0x00007ffddc027000 	C:\WINDOWS\SYSTEM32\ntdll.dll
0x00007ffdda040000 - 0x00007ffdda109000 	C:\WINDOWS\System32\KERNEL32.DLL
0x00007ffdd8b00000 - 0x00007ffdd8ef1000 	C:\WINDOWS\System32\KERNELBASE.dll
0x00007ffdd9a10000 - 0x00007ffdd9b5b000 	C:\WINDOWS\System32\ucrtbase.dll
0x00007ffdbaae0000 - 0x00007ffdbaaf9000 	E:\jdk-17\bin\jli.dll
0x00007ffddaa60000 - 0x00007ffddab1b000 	C:\WINDOWS\System32\ADVAPI32.dll
0x00007ffdb4e00000 - 0x00007ffdb4e1b000 	E:\jdk-17\bin\VCRUNTIME140.dll
0x00007ffddad60000 - 0x00007ffddae09000 	C:\WINDOWS\System32\msvcrt.dll
0x00007ffdd9d00000 - 0x00007ffdd9da7000 	C:\WINDOWS\System32\sechost.dll
0x00007ffddb050000 - 0x00007ffddb168000 	C:\WINDOWS\System32\RPCRT4.dll
0x00007ffdda110000 - 0x00007ffdda2d5000 	C:\WINDOWS\System32\USER32.dll
0x00007ffdbb930000 - 0x00007ffdbbbc3000 	C:\WINDOWS\WinSxS\amd64_microsoft.windows.common-controls_6595b64144ccf1df_6.0.26100.7922_none_3e089e1ee3342171\COMCTL32.dll
0x00007ffdd8800000 - 0x00007ffdd8827000 	C:\WINDOWS\System32\win32u.dll
0x00007ffdd9eb0000 - 0x00007ffdd9edb000 	C:\WINDOWS\System32\GDI32.dll
0x00007ffdd8f00000 - 0x00007ffdd902a000 	C:\WINDOWS\System32\gdi32full.dll
0x00007ffdd8750000 - 0x00007ffdd87f3000 	C:\WINDOWS\System32\msvcp_win.dll
0x00007ffdc84d0000 - 0x00007ffdc84db000 	C:\WINDOWS\SYSTEM32\VERSION.dll
0x00007ffddae10000 - 0x00007ffddae41000 	C:\WINDOWS\System32\IMM32.DLL
0x00007ffdd2b70000 - 0x00007ffdd2b7c000 	E:\jdk-17\bin\vcruntime140_1.dll
0x00007ffda6a40000 - 0x00007ffda6ace000 	E:\jdk-17\bin\msvcp140.dll
0x00007ffd7cda0000 - 0x00007ffd7d980000 	E:\jdk-17\bin\server\jvm.dll
0x00007ffdda2e0000 - 0x00007ffdda2e8000 	C:\WINDOWS\System32\PSAPI.DLL
0x00007ffda0010000 - 0x00007ffda001a000 	C:\WINDOWS\SYSTEM32\WSOCK32.dll
0x00007ffdd64e0000 - 0x00007ffdd6515000 	C:\WINDOWS\SYSTEM32\WINMM.dll
0x00007ffddb6c0000 - 0x00007ffddb734000 	C:\WINDOWS\System32\WS2_32.dll
0x00007ffdd73f0000 - 0x00007ffdd740b000 	C:\WINDOWS\SYSTEM32\kernel.appcore.dll
0x00007ffdd1450000 - 0x00007ffdd145a000 	E:\jdk-17\bin\jimage.dll
0x00007ffdd61b0000 - 0x00007ffdd63f2000 	C:\WINDOWS\SYSTEM32\DBGHELP.DLL
0x00007ffddb740000 - 0x00007ffddbac2000 	C:\WINDOWS\System32\combase.dll
0x00007ffddac20000 - 0x00007ffddacf7000 	C:\WINDOWS\System32\OLEAUT32.dll
0x00007ffdd6440000 - 0x00007ffdd647b000 	C:\WINDOWS\SYSTEM32\dbgcore.DLL
0x00007ffdd86a0000 - 0x00007ffdd8745000 	C:\WINDOWS\System32\bcryptPrimitives.dll
0x00007ffdb0160000 - 0x00007ffdb0185000 	E:\jdk-17\bin\java.dll
0x00007ffd92cf0000 - 0x00007ffd92dc7000 	E:\jdk-17\bin\jsvml.dll
0x00007ffdda2f0000 - 0x00007ffddaa4f000 	C:\WINDOWS\System32\SHELL32.dll
0x00007ffdd98a0000 - 0x00007ffdd9a0a000 	C:\WINDOWS\System32\wintypes.dll
0x00007ffdd9030000 - 0x00007ffdd9894000 	C:\WINDOWS\System32\windows.storage.dll
0x00007ffddab20000 - 0x00007ffddac17000 	C:\WINDOWS\System32\SHCORE.dll
0x00007ffddbd10000 - 0x00007ffddbd77000 	C:\WINDOWS\System32\shlwapi.dll
0x00007ffdd85c0000 - 0x00007ffdd85e9000 	C:\WINDOWS\SYSTEM32\profapi.dll
0x00007ffdb4de0000 - 0x00007ffdb4df9000 	E:\jdk-17\bin\net.dll
0x00007ffdd21d0000 - 0x00007ffdd22f7000 	C:\WINDOWS\SYSTEM32\WINHTTP.dll
0x00007ffdd7940000 - 0x00007ffdd79ab000 	C:\WINDOWS\system32\mswsock.dll
0x00007ffdb0090000 - 0x00007ffdb00a6000 	E:\jdk-17\bin\nio.dll
0x00007ffdaff90000 - 0x00007ffdaffa8000 	E:\jdk-17\bin\zip.dll
0x00007ffdc8810000 - 0x00007ffdc8820000 	E:\jdk-17\bin\verify.dll
0x00007ffdbfea0000 - 0x00007ffdbfec7000 	C:\Users\ThanhCong\.gradle\native\c067742578af261105cb4f569cf0c3c89f3d7b1fecec35dd04571415982c5e48\windows-amd64\native-platform.dll
0x00007ffdd2ba0000 - 0x00007ffdd2baa000 	C:\Users\ThanhCong\.gradle\native\jansi\1.18\windows64\jansi.dll
0x00007ffdc3840000 - 0x00007ffdc384a000 	E:\jdk-17\bin\management.dll
0x00007ffdc36c0000 - 0x00007ffdc36cb000 	E:\jdk-17\bin\management_ext.dll
0x00007ffdd7d40000 - 0x00007ffdd7d5b000 	C:\WINDOWS\SYSTEM32\CRYPTSP.dll
0x00007ffdd7350000 - 0x00007ffdd7389000 	C:\WINDOWS\system32\rsaenh.dll
0x00007ffdd79f0000 - 0x00007ffdd7a22000 	C:\WINDOWS\SYSTEM32\USERENV.dll
0x00007ffdd8590000 - 0x00007ffdd85ba000 	C:\WINDOWS\SYSTEM32\bcrypt.dll
0x00007ffdd7ba0000 - 0x00007ffdd7bac000 	C:\WINDOWS\SYSTEM32\CRYPTBASE.dll
0x00007ffdd6e90000 - 0x00007ffdd6ec3000 	C:\WINDOWS\SYSTEM32\IPHLPAPI.DLL
0x00007ffddae50000 - 0x00007ffddae5a000 	C:\WINDOWS\System32\NSI.dll
0x00007ffdd2330000 - 0x00007ffdd234d000 	C:\WINDOWS\SYSTEM32\dhcpcsvc6.DLL
0x00007ffdd2300000 - 0x00007ffdd2323000 	C:\WINDOWS\SYSTEM32\dhcpcsvc.DLL
0x00007ffdd6ed0000 - 0x00007ffdd6ffa000 	C:\WINDOWS\SYSTEM32\DNSAPI.dll
0x00007ffdc39e0000 - 0x00007ffdc39ee000 	E:\jdk-17\bin\sunmscapi.dll
0x00007ffdd8830000 - 0x00007ffdd89a7000 	C:\WINDOWS\System32\CRYPT32.dll
0x00007ffdd7ea0000 - 0x00007ffdd7ed0000 	C:\WINDOWS\SYSTEM32\ncrypt.dll
0x00007ffdd7e50000 - 0x00007ffdd7e8f000 	C:\WINDOWS\SYSTEM32\NTASN1.dll
0x00007ffdb49f0000 - 0x00007ffdb49f8000 	C:\WINDOWS\system32\wshunix.dll

dbghelp: loaded successfully - version: 4.0.5 - missing functions: none
symbol engine: initialized successfully - sym options: 0x614 - pdb path: .;E:\jdk-17\bin;C:\WINDOWS\SYSTEM32;C:\WINDOWS\WinSxS\amd64_microsoft.windows.common-controls_6595b64144ccf1df_6.0.26100.7922_none_3e089e1ee3342171;E:\jdk-17\bin\server;C:\Users\ThanhCong\.gradle\native\c067742578af261105cb4f569cf0c3c89f3d7b1fecec35dd04571415982c5e48\windows-amd64;C:\Users\ThanhCong\.gradle\native\jansi\1.18\windows64

VM Arguments:
jvm_args: -Dorg.gradle.appname=gradlew 
java_command: org.gradle.wrapper.GradleWrapperMain .clean build
java_class_path (initial): D:\RikkeiSoft\BaseProject\basemvvm-android\\gradle\wrapper\gradle-wrapper.jar
Launcher Type: SUN_STANDARD

[Global flags]
     intx CICompilerCount                          = 4                                         {product} {ergonomic}
     uint ConcGCThreads                            = 2                                         {product} {ergonomic}
     uint G1ConcRefinementThreads                  = 8                                         {product} {ergonomic}
   size_t G1HeapRegionSize                         = 4194304                                   {product} {ergonomic}
    uintx GCDrainStackTargetSize                   = 64                                        {product} {ergonomic}
   size_t InitialHeapSize                          = 398458880                                 {product} {ergonomic}
   size_t MarkStackSize                            = 4194304                                   {product} {ergonomic}
   size_t MaxHeapSize                              = 6375342080                                {product} {ergonomic}
   size_t MaxNewSize                               = 3825205248                                {product} {ergonomic}
   size_t MinHeapDeltaBytes                        = 4194304                                   {product} {ergonomic}
   size_t MinHeapSize                              = 8388608                                   {product} {ergonomic}
    uintx NonNMethodCodeHeapSize                   = 5839372                                {pd product} {ergonomic}
    uintx NonProfiledCodeHeapSize                  = 122909434                              {pd product} {ergonomic}
    uintx ProfiledCodeHeapSize                     = 122909434                              {pd product} {ergonomic}
    uintx ReservedCodeCacheSize                    = 251658240                              {pd product} {ergonomic}
     bool SegmentedCodeCache                       = true                                      {product} {ergonomic}
   size_t SoftMaxHeapSize                          = 6375342080                             {manageable} {ergonomic}
     bool UseCompressedClassPointers               = true                           {product lp64_product} {ergonomic}
     bool UseCompressedOops                        = true                           {product lp64_product} {ergonomic}
     bool UseG1GC                                  = true                                      {product} {ergonomic}
     bool UseLargePagesIndividualAllocation        = false                                  {pd product} {ergonomic}

Logging:
Log output configuration:
 #0: stdout all=warning uptime,level,tags
 #1: stderr all=off uptime,level,tags

Environment Variables:
JAVA_HOME=E:\jdk-17
CLASSPATH=D:\RikkeiSoft\BaseProject\basemvvm-android\\gradle\wrapper\gradle-wrapper.jar
PATH=e:\cursor\resources\app\bin;C:\Program Files\Common Files\Oracle\Java\javapath;C:\Program Files (x86)\Common Files\Oracle\Java\java8path;C:\Program Files (x86)\Common Files\Oracle\Java\javapath;C:\WINDOWS\system32;C:\WINDOWS;C:\WINDOWS\System32\Wbem;C:\WINDOWS\System32\WindowsPowerShell\v1.0\;C:\WINDOWS\System32\OpenSSH\;C:\Program Files\dotnet\;C:\Program Files\Git\cmd;C:\Program Files (x86)\Microsoft SQL Server\160\Tools\Binn\;C:\Program Files\Microsoft SQL Server\160\Tools\Binn\;C:\Program Files\Microsoft SQL Server\Client SDK\ODBC\170\Tools\Binn\;C:\Program Files\Microsoft SQL Server\160\DTS\Binn\;C:\Program Files (x86)\Microsoft SQL Server\160\DTS\Binn\;C:\Users\ThanhCong\AppData\Local\Programs\Python\Python312\;C:\Program Files\MySQL\MySQL Shell 8.0\bin\;C:\Users\ThanhCo;E:\jdk-17\bin;E:\jdk-17\bin;C:\Users\ThanhCong\AppData\Local\Programs\Python\Python312\Scripts;E:\apache-maven-3.9.11-bin\apache-maven-3.9.11\bin;E:\apache-tomcat-10.1.48\apache-tomcat-10.1.48\bin;C:\Program Files\Cloudflare\Cloudflare WARP\;E:\;C:\Program Files\MySQL\MySQL Shell 8.0\bin\;C:\Users\ThanhCong\AppData\Local\Programs\Python\Python312\Scripts\;C:\Users\ThanhCong\AppData\Local\Programs\Python\Python312\;e:\cursor\resources\app\bin;C:\Program Files\Common Files\Oracle\Java\javapath;C:\Program Files (x86)\Common Files\Oracle\Java\java8path;C:\Program Files (x86)\Common Files\Oracle\Java\javapath;C:\WINDOWS\system32;C:\WINDOWS;C:\WINDOWS\System32\Wbem;C:\WINDOWS\System32\WindowsPowerShell\v1.0\;C:\WINDOWS\System32\OpenSSH\;C:\Program Files\dotnet\;C:\Program Files\Git\cmd;C:\Program Files (x86)\Microsoft SQL Server\160\Tools\Binn\;C:\Program Files\Microsoft SQL Server\160\Tools\Binn\;C:\Program Files\Microsoft SQL Server\Client SDK\ODBC\170\Tools\Binn\;C:\Program Files\Microsoft SQL Server\160\DTS\Binn\;C:\Program Files (x86)\Microsoft SQL Server\160\DTS\Binn\;C:\Users\ThanhCong\AppData\Local\Programs\Python\Python312\;C:\Program Files\MySQL\MySQL Shell 8.0\bin\;C:\Users\ThanhCo;E:\j
USERNAME=ThanhCong
OS=Windows_NT
PROCESSOR_IDENTIFIER=Intel64 Family 6 Model 140 Stepping 2, GenuineIntel



---------------  S Y S T E M  ---------------

OS:
Call to GetFileVersionInfoSize failed
OS uptime: 29 days 3:03 hours
Hyper-V role detected

CPU: total 8 (initial active 8) (4 cores per cpu, 2 threads per core) family 6 model 140 stepping 2 microcode 0x3c, cx8, cmov, fxsr, ht, mmx, 3dnowpref, sse, sse2, sse3, ssse3, sse4.1, sse4.2, popcnt, lzcnt, tsc, tscinvbit, avx, avx2, aes, erms, clmul, bmi1, bmi2, adx, avx512f, avx512dq, avx512cd, avx512bw, avx512vl, sha, fma, vzeroupper, avx512_vpopcntdq, avx512_vpclmulqdq, avx512_vaes, avx512_vnni, clflush, clflushopt, clwb, avx512_vbmi2, avx512_vbmi, hv

Memory: 4k page, system-wide physical 24314M (4782M free)
TotalPageFile size 47546M (AvailPageFile size 0M)
current process WorkingSet (physical memory assigned to process): 101M, peak: 114M
current process commit charge ("private bytes"): 497M, peak: 510M

vm_info: Java HotSpot(TM) 64-Bit Server VM (17.0.12+8-LTS-286) for windows-amd64 JRE (17.0.12+8-LTS-286), built on Jun  5 2024 06:46:59 by "mach5one" with MS VC++ 17.6 (VS2022)

END.
