#
# There is insufficient memory for the Java Runtime Environment to continue.
# Native memory allocation (mmap) failed to map 48234496 bytes. Error detail: G1 virtual space
# Possible reasons:
#   The system is out of physical RAM or swap space
#   This process is running with CompressedOops enabled, and the Java Heap may be blocking the growth of the native heap
# Possible solutions:
#   Reduce memory load on the system
#   Increase physical memory or swap space
#   Check if swap backing store is full
#   Decrease Java heap size (-Xmx/-Xms)
#   Decrease number of Java threads
#   Decrease Java thread stack sizes (-Xss)
#   Set larger code cache with -XX:ReservedCodeCacheSize=
#   JVM is running with Unscaled Compressed Oops mode in which the Java heap is
#     placed in the first 4GB address space. The Java Heap base address is the
#     maximum limit for the native heap growth. Please use -XX:HeapBaseMinAddress
#     to set the Java Heap base and to place the Java Heap above 4GB virtual address.
# This output file may be truncated or incomplete.
#
#  Out of Memory Error (os_windows.cpp:3898), pid=64984, tid=51816
#
# JRE version: OpenJDK Runtime Environment (21.0.7) (build 21.0.7+-13880790-b1038.58)
# Java VM: OpenJDK 64-Bit Server VM (21.0.7+-13880790-b1038.58, mixed mode, tiered, compressed oops, compressed class ptrs, g1 gc, windows-amd64)
# No core dump will be written. Minidumps are not enabled by default on client versions of Windows
#

---------------  S U M M A R Y ------------

Command Line: --add-opens=java.base/java.util=ALL-UNNAMED --add-opens=java.base/java.lang=ALL-UNNAMED --add-opens=java.base/java.lang.invoke=ALL-UNNAMED --add-opens=java.prefs/java.util.prefs=ALL-UNNAMED --add-opens=java.base/java.nio.charset=ALL-UNNAMED --add-opens=java.base/java.net=ALL-UNNAMED --add-opens=java.base/java.util.concurrent.atomic=ALL-UNNAMED -Xmx2048m -Dfile.encoding=UTF-8 -Duser.country=US -Duser.language=en -Duser.variant -javaagent:C:\Users\ThanhCong\.gradle\wrapper\dists\gradle-8.4-bin\1w5dpkrfk8irigvoxmyhowfim\gradle-8.4\lib\agents\gradle-instrumentation-agent-8.4.jar org.gradle.launcher.daemon.bootstrap.GradleDaemon 8.4

Host: 11th Gen Intel(R) Core(TM) i5-11320H @ 3.20GHz, 8 cores, 23G,  Windows 11 , 64 bit Build 26100 (10.0.26100.7920)
Time: Tue Jun 30 11:55:07 2026 SE Asia Standard Time elapsed time: 15.204044 seconds (0d 0h 0m 15s)

---------------  T H R E A D  ---------------

Current thread (0x000001ffab72e800):  VMThread "VM Thread"          [id=51816, stack(0x000000fe15300000,0x000000fe15400000) (1024K)]

Stack: [0x000000fe15300000,0x000000fe15400000]
Native frames: (J=compiled Java code, j=interpreted, Vv=VM code, C=native code)
V  [jvm.dll+0x6d25c9]
V  [jvm.dll+0x860923]
V  [jvm.dll+0x862e7e]
V  [jvm.dll+0x863563]
V  [jvm.dll+0x27f156]
V  [jvm.dll+0x6ceee5]
V  [jvm.dll+0x6c29aa]
V  [jvm.dll+0x355ebb]
V  [jvm.dll+0x35db16]
V  [jvm.dll+0x3afb16]
V  [jvm.dll+0x3afde8]
V  [jvm.dll+0x32855c]
V  [jvm.dll+0x3285e7]
V  [jvm.dll+0x36e47c]
V  [jvm.dll+0x36cc2e]
V  [jvm.dll+0x327cb1]
V  [jvm.dll+0x36c330]
V  [jvm.dll+0x8692e8]
V  [jvm.dll+0x86a664]
V  [jvm.dll+0x86aba0]
V  [jvm.dll+0x86ae33]
V  [jvm.dll+0x808d08]
V  [jvm.dll+0x6d0e1d]
C  [ucrtbase.dll+0x37b0]
C  [KERNEL32.DLL+0x2e8d7]
C  [ntdll.dll+0x8c48c]

VM_Operation (0x000000fe15efe270): G1CollectForAllocation, mode: safepoint, requested by thread 0x000001ffb274dab0


---------------  P R O C E S S  ---------------

Threads class SMR info:
_java_thread_list=0x000001ffb67c9a40, length=42, elements={
0x000001ff920db170, 0x000001ffabce2620, 0x000001ffabd1d5e0, 0x000001ffabd1e040,
0x000001ffabd39900, 0x000001ffabd3a360, 0x000001ffabd3adc0, 0x000001ffabd3b820,
0x000001ffabd3e5c0, 0x000001ffabd526a0, 0x000001ffac186a80, 0x000001ffb1e06850,
0x000001ffb146b5f0, 0x000001ffb2491b30, 0x000001ffb1f61b20, 0x000001ffb23419d0,
0x000001ffb20e49a0, 0x000001ffb20e5010, 0x000001ffb20e77a0, 0x000001ffb20e8b50,
0x000001ffb20e7e30, 0x000001ffb20e84c0, 0x000001ffb20e56d0, 0x000001ffb20e7110,
0x000001ffb20e6a80, 0x000001ffb274c070, 0x000001ffb274dab0, 0x000001ffb274ee60,
0x000001ffb274b9e0, 0x000001ffb274e140, 0x000001ffb274f4f0, 0x000001ffb274e7d0,
0x000001ffb274fb80, 0x000001ffb274cd90, 0x000001ffb274d420, 0x000001ffb2750f30,
0x000001ffb27515c0, 0x000001ffb2750210, 0x000001ffb2751c50, 0x000001ffb27522e0,
0x000001ffb3ae5f00, 0x000001ffb208c540
}

Java Threads: ( => current thread )
  0x000001ff920db170 JavaThread "main"                              [_thread_blocked, id=68780, stack(0x000000fe14c00000,0x000000fe14d00000) (1024K)]
  0x000001ffabce2620 JavaThread "Common-Cleaner"             daemon [_thread_blocked, id=18912, stack(0x000000fe15400000,0x000000fe15500000) (1024K)]
  0x000001ffabd1d5e0 JavaThread "Reference Handler"          daemon [_thread_blocked, id=63680, stack(0x000000fe15500000,0x000000fe15600000) (1024K)]
  0x000001ffabd1e040 JavaThread "Finalizer"                  daemon [_thread_blocked, id=14776, stack(0x000000fe15600000,0x000000fe15700000) (1024K)]
  0x000001ffabd39900 JavaThread "Signal Dispatcher"          daemon [_thread_blocked, id=59876, stack(0x000000fe15700000,0x000000fe15800000) (1024K)]
  0x000001ffabd3a360 JavaThread "Attach Listener"            daemon [_thread_blocked, id=65960, stack(0x000000fe15800000,0x000000fe15900000) (1024K)]
  0x000001ffabd3adc0 JavaThread "Service Thread"             daemon [_thread_blocked, id=76616, stack(0x000000fe15900000,0x000000fe15a00000) (1024K)]
  0x000001ffabd3b820 JavaThread "Monitor Deflation Thread"   daemon [_thread_blocked, id=73708, stack(0x000000fe15a00000,0x000000fe15b00000) (1024K)]
  0x000001ffabd3e5c0 JavaThread "C2 CompilerThread0"         daemon [_thread_blocked, id=77592, stack(0x000000fe15b00000,0x000000fe15c00000) (1024K)]
  0x000001ffabd526a0 JavaThread "C1 CompilerThread0"         daemon [_thread_blocked, id=60228, stack(0x000000fe15c00000,0x000000fe15d00000) (1024K)]
  0x000001ffac186a80 JavaThread "Notification Thread"        daemon [_thread_blocked, id=55600, stack(0x000000fe15d00000,0x000000fe15e00000) (1024K)]
  0x000001ffb1e06850 JavaThread "Daemon health stats"               [_thread_blocked, id=28956, stack(0x000000fe15f00000,0x000000fe16000000) (1024K)]
  0x000001ffb146b5f0 JavaThread "Incoming local TCP Connector on port 53377"        [_thread_in_native, id=65216, stack(0x000000fe16700000,0x000000fe16800000) (1024K)]
  0x000001ffb2491b30 JavaThread "Daemon periodic checks"            [_thread_blocked, id=58564, stack(0x000000fe16800000,0x000000fe16900000) (1024K)]
  0x000001ffb1f61b20 JavaThread "Daemon"                            [_thread_blocked, id=79404, stack(0x000000fe16900000,0x000000fe16a00000) (1024K)]
  0x000001ffb23419d0 JavaThread "Handler for socket connection from /127.0.0.1:53377 to /127.0.0.1:53378"        [_thread_in_native, id=78892, stack(0x000000fe16a00000,0x000000fe16b00000) (1024K)]
  0x000001ffb20e49a0 JavaThread "Cancel handler"                    [_thread_blocked, id=79360, stack(0x000000fe16b00000,0x000000fe16c00000) (1024K)]
  0x000001ffb20e5010 JavaThread "Daemon worker"                     [_thread_blocked, id=36012, stack(0x000000fe16c00000,0x000000fe16d00000) (1024K)]
  0x000001ffb20e77a0 JavaThread "Asynchronous log dispatcher for DefaultDaemonConnection: socket connection from /127.0.0.1:53377 to /127.0.0.1:53378"        [_thread_blocked, id=77328, stack(0x000000fe16d00000,0x000000fe16e00000) (1024K)]
  0x000001ffb20e8b50 JavaThread "Stdin handler"                     [_thread_blocked, id=51872, stack(0x000000fe16e00000,0x000000fe16f00000) (1024K)]
  0x000001ffb20e7e30 JavaThread "Daemon client event forwarder"        [_thread_blocked, id=50508, stack(0x000000fe16f00000,0x000000fe17000000) (1024K)]
  0x000001ffb20e84c0 JavaThread "Cache worker for journal cache (C:\Users\ThanhCong\.gradle\caches\journal-1)"        [_thread_blocked, id=76772, stack(0x000000fe17100000,0x000000fe17200000) (1024K)]
  0x000001ffb20e56d0 JavaThread "File lock request listener"        [_thread_in_native, id=37604, stack(0x000000fe17200000,0x000000fe17300000) (1024K)]
  0x000001ffb20e7110 JavaThread "Cache worker for file hash cache (C:\Users\ThanhCong\.gradle\caches\8.4\fileHashes)"        [_thread_blocked, id=54952, stack(0x000000fe17400000,0x000000fe17500000) (1024K)]
  0x000001ffb20e6a80 JavaThread "File watcher server"        daemon [_thread_in_native, id=41476, stack(0x000000fe17500000,0x000000fe17600000) (1024K)]
  0x000001ffb274c070 JavaThread "File watcher consumer"      daemon [_thread_blocked, id=52888, stack(0x000000fe17600000,0x000000fe17700000) (1024K)]
  0x000001ffb274dab0 JavaThread "jar transforms"                    [_thread_blocked, id=61392, stack(0x000000fe15e00000,0x000000fe15f00000) (1024K)]
  0x000001ffb274ee60 JavaThread "jar transforms Thread 2"           [_thread_blocked, id=53796, stack(0x000000fe17300000,0x000000fe17400000) (1024K)]
  0x000001ffb274b9e0 JavaThread "jar transforms Thread 3"           [_thread_blocked, id=77408, stack(0x000000fe17700000,0x000000fe17800000) (1024K)]
  0x000001ffb274e140 JavaThread "jar transforms Thread 4"           [_thread_blocked, id=38248, stack(0x000000fe17800000,0x000000fe17900000) (1024K)]
  0x000001ffb274f4f0 JavaThread "jar transforms Thread 5"           [_thread_blocked, id=61280, stack(0x000000fe17900000,0x000000fe17a00000) (1024K)]
  0x000001ffb274e7d0 JavaThread "jar transforms Thread 6"           [_thread_blocked, id=64720, stack(0x000000fe17a00000,0x000000fe17b00000) (1024K)]
  0x000001ffb274fb80 JavaThread "jar transforms Thread 7"           [_thread_blocked, id=63808, stack(0x000000fe17b00000,0x000000fe17c00000) (1024K)]
  0x000001ffb274cd90 JavaThread "jar transforms Thread 8"           [_thread_blocked, id=75844, stack(0x000000fe17c00000,0x000000fe17d00000) (1024K)]
  0x000001ffb274d420 JavaThread "Cache worker for checksums cache (D:\RikkeiSoft\BaseProject\basemvvm-android\.gradle\8.4\checksums)"        [_thread_blocked, id=43964, stack(0x000000fe17e00000,0x000000fe17f00000) (1024K)]
  0x000001ffb2750f30 JavaThread "Cache worker for file hash cache (D:\RikkeiSoft\BaseProject\basemvvm-android\.gradle\8.4\fileHashes)"        [_thread_blocked, id=67120, stack(0x000000fe17f00000,0x000000fe18000000) (1024K)]
  0x000001ffb27515c0 JavaThread "Cache worker for cache directory md-supplier (C:\Users\ThanhCong\.gradle\caches\8.4\md-supplier)"        [_thread_blocked, id=56428, stack(0x000000fe18000000,0x000000fe18100000) (1024K)]
  0x000001ffb2750210 JavaThread "Cache worker for file content cache (C:\Users\ThanhCong\.gradle\caches\8.4\fileContent)"        [_thread_blocked, id=56668, stack(0x000000fe18100000,0x000000fe18200000) (1024K)]
  0x000001ffb2751c50 JavaThread "Cache worker for cache directory md-rule (C:\Users\ThanhCong\.gradle\caches\8.4\md-rule)"        [_thread_blocked, id=70884, stack(0x000000fe18200000,0x000000fe18300000) (1024K)]
  0x000001ffb27522e0 JavaThread "Cache worker for execution history cache (C:\Users\ThanhCong\.gradle\caches\8.4\executionHistory)"        [_thread_blocked, id=43352, stack(0x000000fe18300000,0x000000fe18400000) (1024K)]
  0x000001ffb3ae5f00 JavaThread "C2 CompilerThread1"         daemon [_thread_blocked, id=52300, stack(0x000000fe17d00000,0x000000fe17e00000) (1024K)]
  0x000001ffb208c540 JavaThread "C2 CompilerThread2"         daemon [_thread_blocked, id=73540, stack(0x000000fe18400000,0x000000fe18500000) (1024K)]
Total: 42

Other Threads:
=>0x000001ffab72e800 VMThread "VM Thread"                           [id=51816, stack(0x000000fe15300000,0x000000fe15400000) (1024K)]
  0x000001ffab707e70 WatcherThread "VM Periodic Task Thread"        [id=74652, stack(0x000000fe15200000,0x000000fe15300000) (1024K)]
  0x000001ff944c6940 WorkerThread "GC Thread#0"                     [id=59128, stack(0x000000fe14d00000,0x000000fe14e00000) (1024K)]
  0x000001ffb137e280 WorkerThread "GC Thread#1"                     [id=56632, stack(0x000000fe16000000,0x000000fe16100000) (1024K)]
  0x000001ffb17b5100 WorkerThread "GC Thread#2"                     [id=66972, stack(0x000000fe16100000,0x000000fe16200000) (1024K)]
  0x000001ffb17b54a0 WorkerThread "GC Thread#3"                     [id=75588, stack(0x000000fe16200000,0x000000fe16300000) (1024K)]
  0x000001ffb15a88e0 WorkerThread "GC Thread#4"                     [id=68392, stack(0x000000fe16300000,0x000000fe16400000) (1024K)]
  0x000001ffb15a8c80 WorkerThread "GC Thread#5"                     [id=66828, stack(0x000000fe16400000,0x000000fe16500000) (1024K)]
  0x000001ffb15a9020 WorkerThread "GC Thread#6"                     [id=53080, stack(0x000000fe16500000,0x000000fe16600000) (1024K)]
  0x000001ffac32d040 WorkerThread "GC Thread#7"                     [id=64160, stack(0x000000fe16600000,0x000000fe16700000) (1024K)]
  0x000001ff944d7830 ConcurrentGCThread "G1 Main Marker"            [id=58544, stack(0x000000fe14e00000,0x000000fe14f00000) (1024K)]
  0x000001ff944d8240 WorkerThread "G1 Conc#0"                       [id=55320, stack(0x000000fe14f00000,0x000000fe15000000) (1024K)]
  0x000001ffb2259b20 WorkerThread "G1 Conc#1"                       [id=58380, stack(0x000000fe17000000,0x000000fe17100000) (1024K)]
  0x000001ffab6b5e90 ConcurrentGCThread "G1 Refine#0"               [id=63232, stack(0x000000fe15000000,0x000000fe15100000) (1024K)]
  0x000001ffab6b76c0 ConcurrentGCThread "G1 Service"                [id=6384, stack(0x000000fe15100000,0x000000fe15200000) (1024K)]
Total: 15

Threads with active compile tasks:
C2 CompilerThread0  15233 6978       4       org.objectweb.asm.AnnotationWriter::create (50 bytes)
C2 CompilerThread1  15233 6984       4       java.io.OutputStream::write (9 bytes)
C2 CompilerThread2  15233 6983       4       org.objectweb.asm.MethodWriter::visitTypeAnnotation (45 bytes)
Total: 3

VM state: at safepoint (normal execution)

VM Mutex/Monitor currently owned by a thread:  ([mutex/lock_event])
[0x00007ffd5dc21468] Threads_lock - owner thread: 0x000001ffab72e800
[0x00007ffd5dc21568] Heap_lock - owner thread: 0x000001ffb274dab0

Heap address: 0x0000000080000000, size: 2048 MB, Compressed Oops mode: 32-bit

CDS archive(s) not mapped
Compressed class space mapped at: 0x0000000100000000-0x0000000140000000, reserved size: 1073741824
Narrow klass base: 0x0000000000000000, Narrow klass shift: 3, Narrow klass range: 0x140000000

GC Precious Log:
 CardTable entry size: 512
 Card Set container configuration: InlinePtr #cards 5 size 8 Array Of Cards #cards 12 size 40 Howl #buckets 4 coarsen threshold 1843 Howl Bitmap #cards 512 size 80 coarsen threshold 460 Card regions per heap region 1 cards per card region 2048
 CPUs: 8 total, 8 available
 Memory: 24314M
 Large Page Support: Disabled
 NUMA Support: Disabled
 Compressed Oops: Enabled (32-bit)
 Heap Region Size: 1M
 Heap Min Capacity: 8M
 Heap Initial Capacity: 380M
 Heap Max Capacity: 2G
 Pre-touch: Disabled
 Parallel Workers: 8
 Concurrent Workers: 2
 Concurrent Refinement Workers: 8
 Periodic GC: Disabled

Heap:
 garbage-first heap   total 233472K, used 78694K [0x0000000080000000, 0x0000000100000000)
  region size 1024K, 10 young (10240K), 10 survivors (10240K)
 Metaspace       used 58985K, committed 60352K, reserved 1114112K
  class space    used 7959K, committed 8640K, reserved 1048576K

Heap Regions: E=young(eden), S=young(survivor), O=old, HS=humongous(starts), HC=humongous(continues), CS=collection set, F=free, TAMS=top-at-mark-start, PB=parsable bottom
|   0|0x0000000080000000, 0x0000000080100000, 0x0000000080100000|100%|HS|  |TAMS 0x0000000080000000| PB 0x0000000080000000| Complete 
|   1|0x0000000080100000, 0x0000000080200000, 0x0000000080200000|100%|HC|  |TAMS 0x0000000080100000| PB 0x0000000080100000| Complete 
|   2|0x0000000080200000, 0x0000000080300000, 0x0000000080300000|100%|HC|  |TAMS 0x0000000080200000| PB 0x0000000080200000| Complete 
|   3|0x0000000080300000, 0x0000000080400000, 0x0000000080400000|100%|HC|  |TAMS 0x0000000080300000| PB 0x0000000080300000| Complete 
|   4|0x0000000080400000, 0x0000000080500000, 0x0000000080500000|100%| O|  |TAMS 0x0000000080400000| PB 0x0000000080400000| Untracked 
|   5|0x0000000080500000, 0x0000000080600000, 0x0000000080600000|100%| O|  |TAMS 0x0000000080500000| PB 0x0000000080500000| Untracked 
|   6|0x0000000080600000, 0x0000000080700000, 0x0000000080700000|100%| O|  |TAMS 0x0000000080600000| PB 0x0000000080600000| Untracked 
|   7|0x0000000080700000, 0x0000000080800000, 0x0000000080800000|100%| O|  |TAMS 0x0000000080700000| PB 0x0000000080700000| Untracked 
|   8|0x0000000080800000, 0x0000000080900000, 0x0000000080900000|100%| O|  |TAMS 0x0000000080800000| PB 0x0000000080800000| Untracked 
|   9|0x0000000080900000, 0x0000000080a00000, 0x0000000080a00000|100%| O|  |TAMS 0x0000000080900000| PB 0x0000000080900000| Untracked 
|  10|0x0000000080a00000, 0x0000000080b00000, 0x0000000080b00000|100%| O|  |TAMS 0x0000000080a00000| PB 0x0000000080a00000| Untracked 
|  11|0x0000000080b00000, 0x0000000080c00000, 0x0000000080c00000|100%|HS|  |TAMS 0x0000000080b00000| PB 0x0000000080b00000| Complete 
|  12|0x0000000080c00000, 0x0000000080d00000, 0x0000000080d00000|100%| O|  |TAMS 0x0000000080c00000| PB 0x0000000080c00000| Untracked 
|  13|0x0000000080d00000, 0x0000000080e00000, 0x0000000080e00000|100%| O|  |TAMS 0x0000000080d00000| PB 0x0000000080d00000| Untracked 
|  14|0x0000000080e00000, 0x0000000080f00000, 0x0000000080f00000|100%| O|  |TAMS 0x0000000080e00000| PB 0x0000000080e00000| Untracked 
|  15|0x0000000080f00000, 0x0000000081000000, 0x0000000081000000|100%| O|  |TAMS 0x0000000080f00000| PB 0x0000000080f00000| Untracked 
|  16|0x0000000081000000, 0x0000000081100000, 0x0000000081100000|100%| O|  |TAMS 0x0000000081000000| PB 0x0000000081000000| Untracked 
|  17|0x0000000081100000, 0x0000000081200000, 0x0000000081200000|100%| O|  |TAMS 0x0000000081100000| PB 0x0000000081100000| Untracked 
|  18|0x0000000081200000, 0x0000000081300000, 0x0000000081300000|100%| O|  |TAMS 0x0000000081200000| PB 0x0000000081200000| Untracked 
|  19|0x0000000081300000, 0x0000000081400000, 0x0000000081400000|100%| O|  |TAMS 0x0000000081300000| PB 0x0000000081300000| Untracked 
|  20|0x0000000081400000, 0x0000000081500000, 0x0000000081500000|100%| O|  |TAMS 0x0000000081400000| PB 0x0000000081400000| Untracked 
|  21|0x0000000081500000, 0x0000000081600000, 0x0000000081600000|100%|HS|  |TAMS 0x0000000081500000| PB 0x0000000081500000| Complete 
|  22|0x0000000081600000, 0x0000000081700000, 0x0000000081700000|100%|HC|  |TAMS 0x0000000081600000| PB 0x0000000081600000| Complete 
|  23|0x0000000081700000, 0x0000000081800000, 0x0000000081800000|100%|HC|  |TAMS 0x0000000081700000| PB 0x0000000081700000| Complete 
|  24|0x0000000081800000, 0x0000000081900000, 0x0000000081900000|100%|HC|  |TAMS 0x0000000081800000| PB 0x0000000081800000| Complete 
|  25|0x0000000081900000, 0x0000000081a00000, 0x0000000081a00000|100%|HC|  |TAMS 0x0000000081900000| PB 0x0000000081900000| Complete 
|  26|0x0000000081a00000, 0x0000000081b00000, 0x0000000081b00000|100%|HC|  |TAMS 0x0000000081a00000| PB 0x0000000081a00000| Complete 
|  27|0x0000000081b00000, 0x0000000081c00000, 0x0000000081c00000|100%|HS|  |TAMS 0x0000000081b00000| PB 0x0000000081b00000| Complete 
|  28|0x0000000081c00000, 0x0000000081d00000, 0x0000000081d00000|100%|HC|  |TAMS 0x0000000081c00000| PB 0x0000000081c00000| Complete 
|  29|0x0000000081d00000, 0x0000000081e00000, 0x0000000081e00000|100%|HC|  |TAMS 0x0000000081d00000| PB 0x0000000081d00000| Complete 
|  30|0x0000000081e00000, 0x0000000081f00000, 0x0000000081f00000|100%|HC|  |TAMS 0x0000000081e00000| PB 0x0000000081e00000| Complete 
|  31|0x0000000081f00000, 0x0000000082000000, 0x0000000082000000|100%|HS|  |TAMS 0x0000000081f00000| PB 0x0000000081f00000| Complete 
|  32|0x0000000082000000, 0x0000000082100000, 0x0000000082100000|100%|HC|  |TAMS 0x0000000082000000| PB 0x0000000082000000| Complete 
|  33|0x0000000082100000, 0x0000000082200000, 0x0000000082200000|100%|HS|  |TAMS 0x0000000082100000| PB 0x0000000082100000| Complete 
|  34|0x0000000082200000, 0x0000000082300000, 0x0000000082300000|100%|HS|  |TAMS 0x0000000082200000| PB 0x0000000082200000| Complete 
|  35|0x0000000082300000, 0x0000000082400000, 0x0000000082400000|100%| O|  |TAMS 0x0000000082300000| PB 0x0000000082300000| Untracked 
|  36|0x0000000082400000, 0x0000000082500000, 0x0000000082500000|100%|HS|  |TAMS 0x0000000082400000| PB 0x0000000082400000| Complete 
|  37|0x0000000082500000, 0x0000000082600000, 0x0000000082600000|100%|HC|  |TAMS 0x0000000082500000| PB 0x0000000082500000| Complete 
|  38|0x0000000082600000, 0x0000000082700000, 0x0000000082700000|100%|HC|  |TAMS 0x0000000082600000| PB 0x0000000082600000| Complete 
|  39|0x0000000082700000, 0x0000000082800000, 0x0000000082800000|100%|HC|  |TAMS 0x0000000082700000| PB 0x0000000082700000| Complete 
|  40|0x0000000082800000, 0x0000000082900000, 0x0000000082900000|100%|HC|  |TAMS 0x0000000082800000| PB 0x0000000082800000| Complete 
|  41|0x0000000082900000, 0x0000000082a00000, 0x0000000082a00000|100%|HC|  |TAMS 0x0000000082900000| PB 0x0000000082900000| Complete 
|  42|0x0000000082a00000, 0x0000000082b00000, 0x0000000082b00000|100%|HS|  |TAMS 0x0000000082a00000| PB 0x0000000082a00000| Complete 
|  43|0x0000000082b00000, 0x0000000082c00000, 0x0000000082c00000|100%|HC|  |TAMS 0x0000000082b00000| PB 0x0000000082b00000| Complete 
|  44|0x0000000082c00000, 0x0000000082d00000, 0x0000000082d00000|100%|HC|  |TAMS 0x0000000082c00000| PB 0x0000000082c00000| Complete 
|  45|0x0000000082d00000, 0x0000000082e00000, 0x0000000082e00000|100%|HC|  |TAMS 0x0000000082d00000| PB 0x0000000082d00000| Complete 
|  46|0x0000000082e00000, 0x0000000082f00000, 0x0000000082f00000|100%|HS|  |TAMS 0x0000000082e00000| PB 0x0000000082e00000| Complete 
|  47|0x0000000082f00000, 0x0000000083000000, 0x0000000083000000|100%|HC|  |TAMS 0x0000000082f00000| PB 0x0000000082f00000| Complete 
|  48|0x0000000083000000, 0x0000000083100000, 0x0000000083100000|100%|HS|  |TAMS 0x0000000083000000| PB 0x0000000083000000| Complete 
|  49|0x0000000083100000, 0x0000000083200000, 0x0000000083200000|100%| O|  |TAMS 0x0000000083100000| PB 0x0000000083100000| Untracked 
|  50|0x0000000083200000, 0x0000000083300000, 0x0000000083300000|100%| O|  |TAMS 0x0000000083200000| PB 0x0000000083200000| Untracked 
|  51|0x0000000083300000, 0x0000000083400000, 0x0000000083400000|100%| O|  |TAMS 0x0000000083300000| PB 0x0000000083300000| Untracked 
|  52|0x0000000083400000, 0x0000000083500000, 0x0000000083500000|100%| O|  |TAMS 0x0000000083400000| PB 0x0000000083400000| Untracked 
|  53|0x0000000083500000, 0x0000000083600000, 0x0000000083600000|100%| O|  |TAMS 0x0000000083500000| PB 0x0000000083500000| Untracked 
|  54|0x0000000083600000, 0x0000000083700000, 0x0000000083700000|100%| O|  |TAMS 0x0000000083600000| PB 0x0000000083600000| Untracked 
|  55|0x0000000083700000, 0x0000000083800000, 0x0000000083800000|100%| O|  |TAMS 0x0000000083700000| PB 0x0000000083700000| Untracked 
|  56|0x0000000083800000, 0x0000000083900000, 0x0000000083900000|100%| O|  |TAMS 0x0000000083800000| PB 0x0000000083800000| Untracked 
|  57|0x0000000083900000, 0x0000000083a00000, 0x0000000083a00000|100%| O|  |TAMS 0x0000000083900000| PB 0x0000000083900000| Untracked 
|  58|0x0000000083a00000, 0x0000000083a00000, 0x0000000083b00000|  0%| F|  |TAMS 0x0000000083a00000| PB 0x0000000083a00000| Untracked 
|  59|0x0000000083b00000, 0x0000000083c00000, 0x0000000083c00000|100%| O|  |TAMS 0x0000000083b00000| PB 0x0000000083b00000| Untracked 
|  60|0x0000000083c00000, 0x0000000083d00000, 0x0000000083d00000|100%| O|  |TAMS 0x0000000083c00000| PB 0x0000000083c00000| Untracked 
|  61|0x0000000083d00000, 0x0000000083e00000, 0x0000000083e00000|100%| O|  |TAMS 0x0000000083d00000| PB 0x0000000083d00000| Untracked 
|  62|0x0000000083e00000, 0x0000000083f00000, 0x0000000083f00000|100%| O|  |TAMS 0x0000000083e00000| PB 0x0000000083e00000| Untracked 
|  63|0x0000000083f00000, 0x0000000084000000, 0x0000000084000000|100%| O|  |TAMS 0x0000000083f00000| PB 0x0000000083f00000| Untracked 
|  64|0x0000000084000000, 0x0000000084100000, 0x0000000084100000|100%| O|  |TAMS 0x0000000084000000| PB 0x0000000084000000| Untracked 
|  65|0x0000000084100000, 0x00000000841af388, 0x0000000084200000| 68%| O|  |TAMS 0x0000000084100000| PB 0x0000000084100000| Untracked 
|  66|0x0000000084200000, 0x0000000084200000, 0x0000000084300000|  0%| F|  |TAMS 0x0000000084200000| PB 0x0000000084200000| Untracked 
|  67|0x0000000084300000, 0x0000000084300000, 0x0000000084400000|  0%| F|  |TAMS 0x0000000084300000| PB 0x0000000084300000| Untracked 
|  68|0x0000000084400000, 0x0000000084400000, 0x0000000084500000|  0%| F|  |TAMS 0x0000000084400000| PB 0x0000000084400000| Untracked 
|  69|0x0000000084500000, 0x0000000084500000, 0x0000000084600000|  0%| F|  |TAMS 0x0000000084500000| PB 0x0000000084500000| Untracked 
|  70|0x0000000084600000, 0x0000000084600000, 0x0000000084700000|  0%| F|  |TAMS 0x0000000084600000| PB 0x0000000084600000| Untracked 
|  71|0x0000000084700000, 0x0000000084700000, 0x0000000084800000|  0%| F|  |TAMS 0x0000000084700000| PB 0x0000000084700000| Untracked 
|  72|0x0000000084800000, 0x0000000084800000, 0x0000000084900000|  0%| F|  |TAMS 0x0000000084800000| PB 0x0000000084800000| Untracked 
|  73|0x0000000084900000, 0x0000000084900000, 0x0000000084a00000|  0%| F|  |TAMS 0x0000000084900000| PB 0x0000000084900000| Untracked 
|  74|0x0000000084a00000, 0x0000000084a00000, 0x0000000084b00000|  0%| F|  |TAMS 0x0000000084a00000| PB 0x0000000084a00000| Untracked 
|  75|0x0000000084b00000, 0x0000000084b00000, 0x0000000084c00000|  0%| F|  |TAMS 0x0000000084b00000| PB 0x0000000084b00000| Untracked 
|  76|0x0000000084c00000, 0x0000000084c00000, 0x0000000084d00000|  0%| F|  |TAMS 0x0000000084c00000| PB 0x0000000084c00000| Untracked 
|  77|0x0000000084d00000, 0x0000000084d00000, 0x0000000084e00000|  0%| F|  |TAMS 0x0000000084d00000| PB 0x0000000084d00000| Untracked 
|  78|0x0000000084e00000, 0x0000000084e00000, 0x0000000084f00000|  0%| F|  |TAMS 0x0000000084e00000| PB 0x0000000084e00000| Untracked 
|  79|0x0000000084f00000, 0x0000000084f2a828, 0x0000000085000000| 16%| S|CS|TAMS 0x0000000084f00000| PB 0x0000000084f00000| Complete 
|  80|0x0000000085000000, 0x0000000085100000, 0x0000000085100000|100%| S|CS|TAMS 0x0000000085000000| PB 0x0000000085000000| Complete 
|  81|0x0000000085100000, 0x0000000085100000, 0x0000000085200000|  0%| F|  |TAMS 0x0000000085100000| PB 0x0000000085100000| Untracked 
|  82|0x0000000085200000, 0x0000000085300000, 0x0000000085300000|100%| S|CS|TAMS 0x0000000085200000| PB 0x0000000085200000| Complete 
|  83|0x0000000085300000, 0x0000000085400000, 0x0000000085400000|100%| S|CS|TAMS 0x0000000085300000| PB 0x0000000085300000| Complete 
|  84|0x0000000085400000, 0x0000000085500000, 0x0000000085500000|100%| S|CS|TAMS 0x0000000085400000| PB 0x0000000085400000| Complete 
|  85|0x0000000085500000, 0x0000000085600000, 0x0000000085600000|100%| S|CS|TAMS 0x0000000085500000| PB 0x0000000085500000| Complete 
|  86|0x0000000085600000, 0x0000000085700000, 0x0000000085700000|100%| S|CS|TAMS 0x0000000085600000| PB 0x0000000085600000| Complete 
|  87|0x0000000085700000, 0x0000000085800000, 0x0000000085800000|100%| S|CS|TAMS 0x0000000085700000| PB 0x0000000085700000| Complete 
|  88|0x0000000085800000, 0x0000000085900000, 0x0000000085900000|100%| S|CS|TAMS 0x0000000085800000| PB 0x0000000085800000| Complete 
|  89|0x0000000085900000, 0x0000000085900000, 0x0000000085a00000|  0%| F|  |TAMS 0x0000000085900000| PB 0x0000000085900000| Untracked 
|  90|0x0000000085a00000, 0x0000000085a00000, 0x0000000085b00000|  0%| F|  |TAMS 0x0000000085a00000| PB 0x0000000085a00000| Untracked 
|  91|0x0000000085b00000, 0x0000000085b00000, 0x0000000085c00000|  0%| F|  |TAMS 0x0000000085b00000| PB 0x0000000085b00000| Untracked 
|  92|0x0000000085c00000, 0x0000000085c00000, 0x0000000085d00000|  0%| F|  |TAMS 0x0000000085c00000| PB 0x0000000085c00000| Untracked 
|  93|0x0000000085d00000, 0x0000000085d00000, 0x0000000085e00000|  0%| F|  |TAMS 0x0000000085d00000| PB 0x0000000085d00000| Untracked 
|  94|0x0000000085e00000, 0x0000000085e00000, 0x0000000085f00000|  0%| F|  |TAMS 0x0000000085e00000| PB 0x0000000085e00000| Untracked 
|  95|0x0000000085f00000, 0x0000000085f00000, 0x0000000086000000|  0%| F|  |TAMS 0x0000000085f00000| PB 0x0000000085f00000| Untracked 
|  96|0x0000000086000000, 0x0000000086100000, 0x0000000086100000|100%| S|CS|TAMS 0x0000000086000000| PB 0x0000000086000000| Complete 
|  97|0x0000000086100000, 0x0000000086100000, 0x0000000086200000|  0%| F|  |TAMS 0x0000000086100000| PB 0x0000000086100000| Untracked 
|  98|0x0000000086200000, 0x0000000086200000, 0x0000000086300000|  0%| F|  |TAMS 0x0000000086200000| PB 0x0000000086200000| Untracked 
|  99|0x0000000086300000, 0x0000000086300000, 0x0000000086400000|  0%| F|  |TAMS 0x0000000086300000| PB 0x0000000086300000| Untracked 
| 100|0x0000000086400000, 0x0000000086400000, 0x0000000086500000|  0%| F|  |TAMS 0x0000000086400000| PB 0x0000000086400000| Untracked 
| 101|0x0000000086500000, 0x0000000086500000, 0x0000000086600000|  0%| F|  |TAMS 0x0000000086500000| PB 0x0000000086500000| Untracked 
| 102|0x0000000086600000, 0x0000000086600000, 0x0000000086700000|  0%| F|  |TAMS 0x0000000086600000| PB 0x0000000086600000| Untracked 
| 103|0x0000000086700000, 0x0000000086700000, 0x0000000086800000|  0%| F|  |TAMS 0x0000000086700000| PB 0x0000000086700000| Untracked 
| 104|0x0000000086800000, 0x0000000086800000, 0x0000000086900000|  0%| F|  |TAMS 0x0000000086800000| PB 0x0000000086800000| Untracked 
| 105|0x0000000086900000, 0x0000000086900000, 0x0000000086a00000|  0%| F|  |TAMS 0x0000000086900000| PB 0x0000000086900000| Untracked 
| 106|0x0000000086a00000, 0x0000000086a00000, 0x0000000086b00000|  0%| F|  |TAMS 0x0000000086a00000| PB 0x0000000086a00000| Untracked 
| 107|0x0000000086b00000, 0x0000000086b00000, 0x0000000086c00000|  0%| F|  |TAMS 0x0000000086b00000| PB 0x0000000086b00000| Untracked 
| 108|0x0000000086c00000, 0x0000000086c00000, 0x0000000086d00000|  0%| F|  |TAMS 0x0000000086c00000| PB 0x0000000086c00000| Untracked 
| 109|0x0000000086d00000, 0x0000000086d00000, 0x0000000086e00000|  0%| F|  |TAMS 0x0000000086d00000| PB 0x0000000086d00000| Untracked 
| 110|0x0000000086e00000, 0x0000000086e00000, 0x0000000086f00000|  0%| F|  |TAMS 0x0000000086e00000| PB 0x0000000086e00000| Untracked 
| 111|0x0000000086f00000, 0x0000000086f00000, 0x0000000087000000|  0%| F|  |TAMS 0x0000000086f00000| PB 0x0000000086f00000| Untracked 
| 112|0x0000000087000000, 0x0000000087000000, 0x0000000087100000|  0%| F|  |TAMS 0x0000000087000000| PB 0x0000000087000000| Untracked 
| 113|0x0000000087100000, 0x0000000087100000, 0x0000000087200000|  0%| F|  |TAMS 0x0000000087100000| PB 0x0000000087100000| Untracked 
| 114|0x0000000087200000, 0x0000000087200000, 0x0000000087300000|  0%| F|  |TAMS 0x0000000087200000| PB 0x0000000087200000| Untracked 
| 115|0x0000000087300000, 0x0000000087300000, 0x0000000087400000|  0%| F|  |TAMS 0x0000000087300000| PB 0x0000000087300000| Untracked 
| 116|0x0000000087400000, 0x0000000087400000, 0x0000000087500000|  0%| F|  |TAMS 0x0000000087400000| PB 0x0000000087400000| Untracked 
| 117|0x0000000087500000, 0x0000000087500000, 0x0000000087600000|  0%| F|  |TAMS 0x0000000087500000| PB 0x0000000087500000| Untracked 
| 118|0x0000000087600000, 0x0000000087600000, 0x0000000087700000|  0%| F|  |TAMS 0x0000000087600000| PB 0x0000000087600000| Untracked 
| 119|0x0000000087700000, 0x0000000087700000, 0x0000000087800000|  0%| F|  |TAMS 0x0000000087700000| PB 0x0000000087700000| Untracked 
| 120|0x0000000087800000, 0x0000000087800000, 0x0000000087900000|  0%| F|  |TAMS 0x0000000087800000| PB 0x0000000087800000| Untracked 
| 121|0x0000000087900000, 0x0000000087900000, 0x0000000087a00000|  0%| F|  |TAMS 0x0000000087900000| PB 0x0000000087900000| Untracked 
| 122|0x0000000087a00000, 0x0000000087a00000, 0x0000000087b00000|  0%| F|  |TAMS 0x0000000087a00000| PB 0x0000000087a00000| Untracked 
| 123|0x0000000087b00000, 0x0000000087b00000, 0x0000000087c00000|  0%| F|  |TAMS 0x0000000087b00000| PB 0x0000000087b00000| Untracked 
| 124|0x0000000087c00000, 0x0000000087c00000, 0x0000000087d00000|  0%| F|  |TAMS 0x0000000087c00000| PB 0x0000000087c00000| Untracked 
| 125|0x0000000087d00000, 0x0000000087d00000, 0x0000000087e00000|  0%| F|  |TAMS 0x0000000087d00000| PB 0x0000000087d00000| Untracked 
| 126|0x0000000087e00000, 0x0000000087e00000, 0x0000000087f00000|  0%| F|  |TAMS 0x0000000087e00000| PB 0x0000000087e00000| Untracked 
| 127|0x0000000087f00000, 0x0000000087f00000, 0x0000000088000000|  0%| F|  |TAMS 0x0000000087f00000| PB 0x0000000087f00000| Untracked 
| 128|0x0000000088000000, 0x0000000088000000, 0x0000000088100000|  0%| F|  |TAMS 0x0000000088000000| PB 0x0000000088000000| Untracked 
| 129|0x0000000088100000, 0x0000000088100000, 0x0000000088200000|  0%| F|  |TAMS 0x0000000088100000| PB 0x0000000088100000| Untracked 
| 130|0x0000000088200000, 0x0000000088200000, 0x0000000088300000|  0%| F|  |TAMS 0x0000000088200000| PB 0x0000000088200000| Untracked 
| 131|0x0000000088300000, 0x0000000088300000, 0x0000000088400000|  0%| F|  |TAMS 0x0000000088300000| PB 0x0000000088300000| Untracked 
| 132|0x0000000088400000, 0x0000000088400000, 0x0000000088500000|  0%| F|  |TAMS 0x0000000088400000| PB 0x0000000088400000| Untracked 
| 133|0x0000000088500000, 0x0000000088500000, 0x0000000088600000|  0%| F|  |TAMS 0x0000000088500000| PB 0x0000000088500000| Untracked 
| 134|0x0000000088600000, 0x0000000088600000, 0x0000000088700000|  0%| F|  |TAMS 0x0000000088600000| PB 0x0000000088600000| Untracked 
| 135|0x0000000088700000, 0x0000000088700000, 0x0000000088800000|  0%| F|  |TAMS 0x0000000088700000| PB 0x0000000088700000| Untracked 
| 136|0x0000000088800000, 0x0000000088800000, 0x0000000088900000|  0%| F|  |TAMS 0x0000000088800000| PB 0x0000000088800000| Untracked 
| 137|0x0000000088900000, 0x0000000088900000, 0x0000000088a00000|  0%| F|  |TAMS 0x0000000088900000| PB 0x0000000088900000| Untracked 
| 138|0x0000000088a00000, 0x0000000088a00000, 0x0000000088b00000|  0%| F|  |TAMS 0x0000000088a00000| PB 0x0000000088a00000| Untracked 
| 139|0x0000000088b00000, 0x0000000088b00000, 0x0000000088c00000|  0%| F|  |TAMS 0x0000000088b00000| PB 0x0000000088b00000| Untracked 
| 140|0x0000000088c00000, 0x0000000088c00000, 0x0000000088d00000|  0%| F|  |TAMS 0x0000000088c00000| PB 0x0000000088c00000| Untracked 
| 141|0x0000000088d00000, 0x0000000088d00000, 0x0000000088e00000|  0%| F|  |TAMS 0x0000000088d00000| PB 0x0000000088d00000| Untracked 
| 142|0x0000000088e00000, 0x0000000088e00000, 0x0000000088f00000|  0%| F|  |TAMS 0x0000000088e00000| PB 0x0000000088e00000| Untracked 
| 143|0x0000000088f00000, 0x0000000088f00000, 0x0000000089000000|  0%| F|  |TAMS 0x0000000088f00000| PB 0x0000000088f00000| Untracked 
| 144|0x0000000089000000, 0x0000000089000000, 0x0000000089100000|  0%| F|  |TAMS 0x0000000089000000| PB 0x0000000089000000| Untracked 
| 145|0x0000000089100000, 0x0000000089100000, 0x0000000089200000|  0%| F|  |TAMS 0x0000000089100000| PB 0x0000000089100000| Untracked 
| 146|0x0000000089200000, 0x0000000089200000, 0x0000000089300000|  0%| F|  |TAMS 0x0000000089200000| PB 0x0000000089200000| Untracked 
| 147|0x0000000089300000, 0x0000000089300000, 0x0000000089400000|  0%| F|  |TAMS 0x0000000089300000| PB 0x0000000089300000| Untracked 
| 148|0x0000000089400000, 0x0000000089400000, 0x0000000089500000|  0%| F|  |TAMS 0x0000000089400000| PB 0x0000000089400000| Untracked 
| 149|0x0000000089500000, 0x0000000089500000, 0x0000000089600000|  0%| F|  |TAMS 0x0000000089500000| PB 0x0000000089500000| Untracked 
| 150|0x0000000089600000, 0x0000000089600000, 0x0000000089700000|  0%| F|  |TAMS 0x0000000089600000| PB 0x0000000089600000| Untracked 
| 151|0x0000000089700000, 0x0000000089700000, 0x0000000089800000|  0%| F|  |TAMS 0x0000000089700000| PB 0x0000000089700000| Untracked 
| 152|0x0000000089800000, 0x0000000089800000, 0x0000000089900000|  0%| F|  |TAMS 0x0000000089800000| PB 0x0000000089800000| Untracked 
| 153|0x0000000089900000, 0x0000000089900000, 0x0000000089a00000|  0%| F|  |TAMS 0x0000000089900000| PB 0x0000000089900000| Untracked 
| 154|0x0000000089a00000, 0x0000000089a00000, 0x0000000089b00000|  0%| F|  |TAMS 0x0000000089a00000| PB 0x0000000089a00000| Untracked 
| 155|0x0000000089b00000, 0x0000000089b00000, 0x0000000089c00000|  0%| F|  |TAMS 0x0000000089b00000| PB 0x0000000089b00000| Untracked 
| 156|0x0000000089c00000, 0x0000000089c00000, 0x0000000089d00000|  0%| F|  |TAMS 0x0000000089c00000| PB 0x0000000089c00000| Untracked 
| 157|0x0000000089d00000, 0x0000000089d00000, 0x0000000089e00000|  0%| F|  |TAMS 0x0000000089d00000| PB 0x0000000089d00000| Untracked 
| 158|0x0000000089e00000, 0x0000000089e00000, 0x0000000089f00000|  0%| F|  |TAMS 0x0000000089e00000| PB 0x0000000089e00000| Untracked 
| 159|0x0000000089f00000, 0x0000000089f00000, 0x000000008a000000|  0%| F|  |TAMS 0x0000000089f00000| PB 0x0000000089f00000| Untracked 
| 160|0x000000008a000000, 0x000000008a000000, 0x000000008a100000|  0%| F|  |TAMS 0x000000008a000000| PB 0x000000008a000000| Untracked 
| 161|0x000000008a100000, 0x000000008a100000, 0x000000008a200000|  0%| F|  |TAMS 0x000000008a100000| PB 0x000000008a100000| Untracked 
| 162|0x000000008a200000, 0x000000008a200000, 0x000000008a300000|  0%| F|  |TAMS 0x000000008a200000| PB 0x000000008a200000| Untracked 
| 163|0x000000008a300000, 0x000000008a300000, 0x000000008a400000|  0%| F|  |TAMS 0x000000008a300000| PB 0x000000008a300000| Untracked 
| 164|0x000000008a400000, 0x000000008a400000, 0x000000008a500000|  0%| F|  |TAMS 0x000000008a400000| PB 0x000000008a400000| Untracked 
| 165|0x000000008a500000, 0x000000008a500000, 0x000000008a600000|  0%| F|  |TAMS 0x000000008a500000| PB 0x000000008a500000| Untracked 
| 166|0x000000008a600000, 0x000000008a600000, 0x000000008a700000|  0%| F|  |TAMS 0x000000008a600000| PB 0x000000008a600000| Untracked 
| 167|0x000000008a700000, 0x000000008a700000, 0x000000008a800000|  0%| F|  |TAMS 0x000000008a700000| PB 0x000000008a700000| Untracked 
| 168|0x000000008a800000, 0x000000008a800000, 0x000000008a900000|  0%| F|  |TAMS 0x000000008a800000| PB 0x000000008a800000| Untracked 
| 169|0x000000008a900000, 0x000000008a900000, 0x000000008aa00000|  0%| F|  |TAMS 0x000000008a900000| PB 0x000000008a900000| Untracked 
| 170|0x000000008aa00000, 0x000000008aa00000, 0x000000008ab00000|  0%| F|  |TAMS 0x000000008aa00000| PB 0x000000008aa00000| Untracked 
| 171|0x000000008ab00000, 0x000000008ab00000, 0x000000008ac00000|  0%| F|  |TAMS 0x000000008ab00000| PB 0x000000008ab00000| Untracked 
| 172|0x000000008ac00000, 0x000000008ac00000, 0x000000008ad00000|  0%| F|  |TAMS 0x000000008ac00000| PB 0x000000008ac00000| Untracked 
| 173|0x000000008ad00000, 0x000000008ad00000, 0x000000008ae00000|  0%| F|  |TAMS 0x000000008ad00000| PB 0x000000008ad00000| Untracked 
| 174|0x000000008ae00000, 0x000000008ae00000, 0x000000008af00000|  0%| F|  |TAMS 0x000000008ae00000| PB 0x000000008ae00000| Untracked 
| 175|0x000000008af00000, 0x000000008af00000, 0x000000008b000000|  0%| F|  |TAMS 0x000000008af00000| PB 0x000000008af00000| Untracked 
| 176|0x000000008b000000, 0x000000008b000000, 0x000000008b100000|  0%| F|  |TAMS 0x000000008b000000| PB 0x000000008b000000| Untracked 
| 177|0x000000008b100000, 0x000000008b100000, 0x000000008b200000|  0%| F|  |TAMS 0x000000008b100000| PB 0x000000008b100000| Untracked 
| 178|0x000000008b200000, 0x000000008b200000, 0x000000008b300000|  0%| F|  |TAMS 0x000000008b200000| PB 0x000000008b200000| Untracked 
| 179|0x000000008b300000, 0x000000008b300000, 0x000000008b400000|  0%| F|  |TAMS 0x000000008b300000| PB 0x000000008b300000| Untracked 
| 180|0x000000008b400000, 0x000000008b400000, 0x000000008b500000|  0%| F|  |TAMS 0x000000008b400000| PB 0x000000008b400000| Untracked 
| 181|0x000000008b500000, 0x000000008b500000, 0x000000008b600000|  0%| F|  |TAMS 0x000000008b500000| PB 0x000000008b500000| Untracked 
| 182|0x000000008b600000, 0x000000008b600000, 0x000000008b700000|  0%| F|  |TAMS 0x000000008b600000| PB 0x000000008b600000| Untracked 
| 183|0x000000008b700000, 0x000000008b700000, 0x000000008b800000|  0%| F|  |TAMS 0x000000008b700000| PB 0x000000008b700000| Untracked 
| 184|0x000000008b800000, 0x000000008b800000, 0x000000008b900000|  0%| F|  |TAMS 0x000000008b800000| PB 0x000000008b800000| Untracked 
| 185|0x000000008b900000, 0x000000008b900000, 0x000000008ba00000|  0%| F|  |TAMS 0x000000008b900000| PB 0x000000008b900000| Untracked 
| 186|0x000000008ba00000, 0x000000008ba00000, 0x000000008bb00000|  0%| F|  |TAMS 0x000000008ba00000| PB 0x000000008ba00000| Untracked 
| 187|0x000000008bb00000, 0x000000008bb00000, 0x000000008bc00000|  0%| F|  |TAMS 0x000000008bb00000| PB 0x000000008bb00000| Untracked 
| 188|0x000000008bc00000, 0x000000008bc00000, 0x000000008bd00000|  0%| F|  |TAMS 0x000000008bc00000| PB 0x000000008bc00000| Untracked 
| 189|0x000000008bd00000, 0x000000008bd00000, 0x000000008be00000|  0%| F|  |TAMS 0x000000008bd00000| PB 0x000000008bd00000| Untracked 
| 190|0x000000008be00000, 0x000000008be00000, 0x000000008bf00000|  0%| F|  |TAMS 0x000000008be00000| PB 0x000000008be00000| Untracked 
| 191|0x000000008bf00000, 0x000000008bf00000, 0x000000008c000000|  0%| F|  |TAMS 0x000000008bf00000| PB 0x000000008bf00000| Untracked 
| 192|0x000000008c000000, 0x000000008c000000, 0x000000008c100000|  0%| F|  |TAMS 0x000000008c000000| PB 0x000000008c000000| Untracked 
| 193|0x000000008c100000, 0x000000008c100000, 0x000000008c200000|  0%| F|  |TAMS 0x000000008c100000| PB 0x000000008c100000| Untracked 
| 194|0x000000008c200000, 0x000000008c200000, 0x000000008c300000|  0%| F|  |TAMS 0x000000008c200000| PB 0x000000008c200000| Untracked 
| 195|0x000000008c300000, 0x000000008c300000, 0x000000008c400000|  0%| F|  |TAMS 0x000000008c300000| PB 0x000000008c300000| Untracked 
| 196|0x000000008c400000, 0x000000008c400000, 0x000000008c500000|  0%| F|  |TAMS 0x000000008c400000| PB 0x000000008c400000| Untracked 
| 197|0x000000008c500000, 0x000000008c500000, 0x000000008c600000|  0%| F|  |TAMS 0x000000008c500000| PB 0x000000008c500000| Untracked 
| 198|0x000000008c600000, 0x000000008c600000, 0x000000008c700000|  0%| F|  |TAMS 0x000000008c600000| PB 0x000000008c600000| Untracked 
| 199|0x000000008c700000, 0x000000008c700000, 0x000000008c800000|  0%| F|  |TAMS 0x000000008c700000| PB 0x000000008c700000| Untracked 
| 200|0x000000008c800000, 0x000000008c800000, 0x000000008c900000|  0%| F|  |TAMS 0x000000008c800000| PB 0x000000008c800000| Untracked 
| 201|0x000000008c900000, 0x000000008c900000, 0x000000008ca00000|  0%| F|  |TAMS 0x000000008c900000| PB 0x000000008c900000| Untracked 
| 202|0x000000008ca00000, 0x000000008ca00000, 0x000000008cb00000|  0%| F|  |TAMS 0x000000008ca00000| PB 0x000000008ca00000| Untracked 
| 203|0x000000008cb00000, 0x000000008cb00000, 0x000000008cc00000|  0%| F|  |TAMS 0x000000008cb00000| PB 0x000000008cb00000| Untracked 
| 204|0x000000008cc00000, 0x000000008cc00000, 0x000000008cd00000|  0%| F|  |TAMS 0x000000008cc00000| PB 0x000000008cc00000| Untracked 
| 205|0x000000008cd00000, 0x000000008cd00000, 0x000000008ce00000|  0%| F|  |TAMS 0x000000008cd00000| PB 0x000000008cd00000| Untracked 
| 206|0x000000008ce00000, 0x000000008ce00000, 0x000000008cf00000|  0%| F|  |TAMS 0x000000008ce00000| PB 0x000000008ce00000| Untracked 
| 207|0x000000008cf00000, 0x000000008cf00000, 0x000000008d000000|  0%| F|  |TAMS 0x000000008cf00000| PB 0x000000008cf00000| Untracked 
| 208|0x000000008d000000, 0x000000008d000000, 0x000000008d100000|  0%| F|  |TAMS 0x000000008d000000| PB 0x000000008d000000| Untracked 
| 209|0x000000008d100000, 0x000000008d100000, 0x000000008d200000|  0%| F|  |TAMS 0x000000008d100000| PB 0x000000008d100000| Untracked 
| 210|0x000000008d200000, 0x000000008d200000, 0x000000008d300000|  0%| F|  |TAMS 0x000000008d200000| PB 0x000000008d200000| Untracked 
| 211|0x000000008d300000, 0x000000008d300000, 0x000000008d400000|  0%| F|  |TAMS 0x000000008d300000| PB 0x000000008d300000| Untracked 
| 212|0x000000008d400000, 0x000000008d400000, 0x000000008d500000|  0%| F|  |TAMS 0x000000008d400000| PB 0x000000008d400000| Untracked 
| 213|0x000000008d500000, 0x000000008d500000, 0x000000008d600000|  0%| F|  |TAMS 0x000000008d500000| PB 0x000000008d500000| Untracked 
| 330|0x0000000094a00000, 0x0000000094a00000, 0x0000000094b00000|  0%| F|  |TAMS 0x0000000094a00000| PB 0x0000000094a00000| Untracked 
| 331|0x0000000094b00000, 0x0000000094b00000, 0x0000000094c00000|  0%| F|  |TAMS 0x0000000094b00000| PB 0x0000000094b00000| Untracked 
| 332|0x0000000094c00000, 0x0000000094c00000, 0x0000000094d00000|  0%| F|  |TAMS 0x0000000094c00000| PB 0x0000000094c00000| Untracked 
| 333|0x0000000094d00000, 0x0000000094d00000, 0x0000000094e00000|  0%| F|  |TAMS 0x0000000094d00000| PB 0x0000000094d00000| Untracked 
| 334|0x0000000094e00000, 0x0000000094e00000, 0x0000000094f00000|  0%| F|  |TAMS 0x0000000094e00000| PB 0x0000000094e00000| Untracked 
| 335|0x0000000094f00000, 0x0000000094f00000, 0x0000000095000000|  0%| F|  |TAMS 0x0000000094f00000| PB 0x0000000094f00000| Untracked 
| 336|0x0000000095000000, 0x0000000095000000, 0x0000000095100000|  0%| F|  |TAMS 0x0000000095000000| PB 0x0000000095000000| Untracked 
| 337|0x0000000095100000, 0x0000000095100000, 0x0000000095200000|  0%| F|  |TAMS 0x0000000095100000| PB 0x0000000095100000| Untracked 
| 338|0x0000000095200000, 0x0000000095200000, 0x0000000095300000|  0%| F|  |TAMS 0x0000000095200000| PB 0x0000000095200000| Untracked 
| 379|0x0000000097b00000, 0x0000000097b00000, 0x0000000097c00000|  0%| F|  |TAMS 0x0000000097b00000| PB 0x0000000097b00000| Untracked 
|2044|0x00000000ffc00000, 0x00000000ffc00000, 0x00000000ffd00000|  0%| F|  |TAMS 0x00000000ffc00000| PB 0x00000000ffc00000| Untracked 
|2045|0x00000000ffd00000, 0x00000000ffe00000, 0x00000000ffe00000|100%| O|  |TAMS 0x00000000ffd00000| PB 0x00000000ffd00000| Untracked 
|2046|0x00000000ffe00000, 0x00000000fff00000, 0x00000000fff00000|100%| O|  |TAMS 0x00000000ffe00000| PB 0x00000000ffe00000| Untracked 
|2047|0x00000000fff00000, 0x0000000100000000, 0x0000000100000000|100%| O|  |TAMS 0x00000000fff00000| PB 0x00000000fff00000| Untracked 

Card table byte_map: [0x000001ffa6cf0000,0x000001ffa70f0000] _byte_map_base: 0x000001ffa68f0000

Marking Bits: (CMBitMap*) 0x000001ff944c6f50
 Bits: [0x000001ffa70f0000, 0x000001ffa90f0000)

Polling page: 0x000001ff92230000

Metaspace:

Usage:
  Non-class:     49.83 MB used.
      Class:      7.77 MB used.
       Both:     57.60 MB used.

Virtual space:
  Non-class space:       64.00 MB reserved,      50.50 MB ( 79%) committed,  1 nodes.
      Class space:        1.00 GB reserved,       8.44 MB ( <1%) committed,  1 nodes.
             Both:        1.06 GB reserved,      58.94 MB (  5%) committed. 

Chunk freelists:
   Non-Class:  12.67 MB
       Class:  7.48 MB
        Both:  20.14 MB

MaxMetaspaceSize: unlimited
CompressedClassSpaceSize: 1.00 GB
Initial GC threshold: 21.00 MB
Current GC threshold: 98.12 MB
CDS: off
 - commit_granule_bytes: 65536.
 - commit_granule_words: 8192.
 - virtual_space_node_default_size: 8388608.
 - enlarge_chunks_in_place: 1.
 - use_allocation_guard: 0.


Internal statistics:

num_allocs_failed_limit: 6.
num_arena_births: 2402.
num_arena_deaths: 26.
num_vsnodes_births: 2.
num_vsnodes_deaths: 0.
num_space_committed: 943.
num_space_uncommitted: 0.
num_chunks_returned_to_freelist: 42.
num_chunks_taken_from_freelist: 4567.
num_chunk_merges: 14.
num_chunk_splits: 2996.
num_chunks_enlarged: 1904.
num_inconsistent_stats: 0.

CodeHeap 'non-profiled nmethods': size=120000Kb used=4704Kb max_used=4959Kb free=115295Kb
 bounds [0x000001ff9f090000, 0x000001ff9f580000, 0x000001ffa65c0000]
CodeHeap 'profiled nmethods': size=120000Kb used=9873Kb max_used=12496Kb free=110126Kb
 bounds [0x000001ff975c0000, 0x000001ff98210000, 0x000001ff9eaf0000]
CodeHeap 'non-nmethods': size=5760Kb used=2948Kb max_used=3050Kb free=2811Kb
 bounds [0x000001ff9eaf0000, 0x000001ff9ee00000, 0x000001ff9f090000]
 total_blobs=6486 nmethods=5623 adapters=767
 compilation: enabled
              stopped_count=0, restarted_count=0
 full_count=0

Compilation events (20 events):
Event: 14.015 Thread 0x000001ffabd526a0 6989       3       org.apache.commons.compress.archivers.zip.ExtraFieldUtils::mergeCentralDirectoryData (232 bytes)
Event: 14.016 Thread 0x000001ffabd526a0 nmethod 6989 0x000001ff97676c10 code [0x000001ff97676ec0, 0x000001ff97677c08]
Event: 14.016 Thread 0x000001ffabd526a0 6990       3       org.apache.commons.compress.archivers.zip.ZipArchiveEntry::getAllExtraFieldsNoCopy (31 bytes)
Event: 14.016 Thread 0x000001ffabd526a0 nmethod 6990 0x000001ff97606890 code [0x000001ff97606a80, 0x000001ff97606f40]
Event: 14.016 Thread 0x000001ffabd526a0 6991       3       org.apache.commons.compress.archivers.zip.ZipArchiveEntry::getUnparseableOnly (25 bytes)
Event: 14.016 Thread 0x000001ffabd526a0 nmethod 6991 0x000001ff97937e90 code [0x000001ff97938040, 0x000001ff97938390]
Event: 14.018 Thread 0x000001ffb3ae5f00 nmethod 6963 0x000001ff9f439810 code [0x000001ff9f439d80, 0x000001ff9f43d860]
Event: 14.018 Thread 0x000001ffabd3e5c0 nmethod 6982 0x000001ff9f405990 code [0x000001ff9f405c80, 0x000001ff9f407bd8]
Event: 14.018 Thread 0x000001ffb3ae5f00 6984       4       java.io.OutputStream::write (9 bytes)
Event: 14.018 Thread 0x000001ffabd3e5c0 6992       4       org.apache.commons.compress.archivers.zip.ZipArchiveEntry::getName (19 bytes)
Event: 14.018 Thread 0x000001ffabd3e5c0 nmethod 6992 0x000001ff9f0b7310 code [0x000001ff9f0b74a0, 0x000001ff9f0b7550]
Event: 14.018 Thread 0x000001ffabd3e5c0 6993       4       org.apache.commons.compress.archivers.zip.NioZipEncoding::canEncode (11 bytes)
Event: 14.019 Thread 0x000001ffabd3e5c0 nmethod 6993 0x000001ff9f439410 code [0x000001ff9f4395c0, 0x000001ff9f4396b8]
Event: 14.019 Thread 0x000001ffabd3e5c0 6974       4       org.objectweb.asm.TypePath::put (42 bytes)
Event: 14.020 Thread 0x000001ffabd3e5c0 nmethod 6974 0x000001ff9f405390 code [0x000001ff9f405540, 0x000001ff9f405740]
Event: 14.020 Thread 0x000001ffabd3e5c0 6978       4       org.objectweb.asm.AnnotationWriter::create (50 bytes)
Event: 14.021 Thread 0x000001ffb208c540 nmethod 6981 0x000001ff9f1d5590 code [0x000001ff9f1d57e0, 0x000001ff9f1d6778]
Event: 14.021 Thread 0x000001ffb208c540 6979       4       org.objectweb.asm.TypeReference::putTarget (385 bytes)
Event: 14.023 Thread 0x000001ffb208c540 nmethod 6979 0x000001ff9f115d10 code [0x000001ff9f115ee0, 0x000001ff9f116238]
Event: 14.023 Thread 0x000001ffb208c540 6983       4       org.objectweb.asm.MethodWriter::visitTypeAnnotation (45 bytes)

GC Heap History (20 events):
Event: 9.509 GC heap after
{Heap after GC invocations=11 (full 0):
 garbage-first heap   total 233472K, used 64914K [0x0000000080000000, 0x0000000100000000)
  region size 1024K, 7 young (7168K), 7 survivors (7168K)
 Metaspace       used 47233K, committed 48384K, reserved 1114112K
  class space    used 6563K, committed 7104K, reserved 1048576K
}
Event: 10.670 GC heap before
{Heap before GC invocations=11 (full 0):
 garbage-first heap   total 233472K, used 134546K [0x0000000080000000, 0x0000000100000000)
  region size 1024K, 71 young (72704K), 7 survivors (7168K)
 Metaspace       used 55468K, committed 56640K, reserved 1114112K
  class space    used 7463K, committed 8000K, reserved 1048576K
}
Event: 10.686 GC heap after
{Heap after GC invocations=12 (full 0):
 garbage-first heap   total 233472K, used 69943K [0x0000000080000000, 0x0000000100000000)
  region size 1024K, 12 young (12288K), 12 survivors (12288K)
 Metaspace       used 55468K, committed 56640K, reserved 1114112K
  class space    used 7463K, committed 8000K, reserved 1048576K
}
Event: 11.378 GC heap before
{Heap before GC invocations=13 (full 0):
 garbage-first heap   total 233472K, used 195895K [0x0000000080000000, 0x0000000100000000)
  region size 1024K, 135 young (138240K), 12 survivors (12288K)
 Metaspace       used 58493K, committed 59712K, reserved 1114112K
  class space    used 7920K, committed 8512K, reserved 1048576K
}
Event: 11.386 GC heap after
{Heap after GC invocations=14 (full 0):
 garbage-first heap   total 233472K, used 72738K [0x0000000080000000, 0x0000000100000000)
  region size 1024K, 9 young (9216K), 9 survivors (9216K)
 Metaspace       used 58493K, committed 59712K, reserved 1114112K
  class space    used 7920K, committed 8512K, reserved 1048576K
}
Event: 11.902 GC heap before
{Heap before GC invocations=14 (full 0):
 garbage-first heap   total 233472K, used 204834K [0x0000000080000000, 0x0000000100000000)
  region size 1024K, 136 young (139264K), 9 survivors (9216K)
 Metaspace       used 58719K, committed 59968K, reserved 1114112K
  class space    used 7935K, committed 8512K, reserved 1048576K
}
Event: 11.907 GC heap after
{Heap after GC invocations=15 (full 0):
 garbage-first heap   total 233472K, used 71416K [0x0000000080000000, 0x0000000100000000)
  region size 1024K, 8 young (8192K), 8 survivors (8192K)
 Metaspace       used 58719K, committed 59968K, reserved 1114112K
  class space    used 7935K, committed 8512K, reserved 1048576K
}
Event: 12.390 GC heap before
{Heap before GC invocations=15 (full 0):
 garbage-first heap   total 233472K, used 202488K [0x0000000080000000, 0x0000000100000000)
  region size 1024K, 136 young (139264K), 8 survivors (8192K)
 Metaspace       used 58925K, committed 60288K, reserved 1114112K
  class space    used 7963K, committed 8640K, reserved 1048576K
}
Event: 12.395 GC heap after
{Heap after GC invocations=16 (full 0):
 garbage-first heap   total 233472K, used 72234K [0x0000000080000000, 0x0000000100000000)
  region size 1024K, 8 young (8192K), 8 survivors (8192K)
 Metaspace       used 58925K, committed 60288K, reserved 1114112K
  class space    used 7963K, committed 8640K, reserved 1048576K
}
Event: 12.794 GC heap before
{Heap before GC invocations=16 (full 0):
 garbage-first heap   total 233472K, used 203306K [0x0000000080000000, 0x0000000100000000)
  region size 1024K, 136 young (139264K), 8 survivors (8192K)
 Metaspace       used 58962K, committed 60288K, reserved 1114112K
  class space    used 7963K, committed 8640K, reserved 1048576K
}
Event: 12.799 GC heap after
{Heap after GC invocations=17 (full 0):
 garbage-first heap   total 233472K, used 73446K [0x0000000080000000, 0x0000000100000000)
  region size 1024K, 10 young (10240K), 10 survivors (10240K)
 Metaspace       used 58962K, committed 60288K, reserved 1114112K
  class space    used 7963K, committed 8640K, reserved 1048576K
}
Event: 13.145 GC heap before
{Heap before GC invocations=18 (full 0):
 garbage-first heap   total 233472K, used 202470K [0x0000000080000000, 0x0000000100000000)
  region size 1024K, 136 young (139264K), 10 survivors (10240K)
 Metaspace       used 58980K, committed 60352K, reserved 1114112K
  class space    used 7963K, committed 8640K, reserved 1048576K
}
Event: 13.150 GC heap after
{Heap after GC invocations=19 (full 0):
 garbage-first heap   total 233472K, used 74281K [0x0000000080000000, 0x0000000100000000)
  region size 1024K, 10 young (10240K), 10 survivors (10240K)
 Metaspace       used 58980K, committed 60352K, reserved 1114112K
  class space    used 7963K, committed 8640K, reserved 1048576K
}
Event: 13.462 GC heap before
{Heap before GC invocations=19 (full 0):
 garbage-first heap   total 233472K, used 203305K [0x0000000080000000, 0x0000000100000000)
  region size 1024K, 136 young (139264K), 10 survivors (10240K)
 Metaspace       used 58985K, committed 60352K, reserved 1114112K
  class space    used 7963K, committed 8640K, reserved 1048576K
}
Event: 13.469 GC heap after
{Heap after GC invocations=20 (full 0):
 garbage-first heap   total 233472K, used 74918K [0x0000000080000000, 0x0000000100000000)
  region size 1024K, 6 young (6144K), 6 survivors (6144K)
 Metaspace       used 58985K, committed 60352K, reserved 1114112K
  class space    used 7963K, committed 8640K, reserved 1048576K
}
Event: 13.696 GC heap before
{Heap before GC invocations=20 (full 0):
 garbage-first heap   total 233472K, used 208038K [0x0000000080000000, 0x0000000100000000)
  region size 1024K, 136 young (139264K), 6 survivors (6144K)
 Metaspace       used 58985K, committed 60352K, reserved 1114112K
  class space    used 7964K, committed 8640K, reserved 1048576K
}
Event: 13.701 GC heap after
{Heap after GC invocations=21 (full 0):
 garbage-first heap   total 233472K, used 76446K [0x0000000080000000, 0x0000000100000000)
  region size 1024K, 7 young (7168K), 7 survivors (7168K)
 Metaspace       used 58985K, committed 60352K, reserved 1114112K
  class space    used 7964K, committed 8640K, reserved 1048576K
}
Event: 13.866 GC heap before
{Heap before GC invocations=22 (full 0):
 garbage-first heap   total 233472K, used 208542K [0x0000000080000000, 0x0000000100000000)
  region size 1024K, 136 young (139264K), 7 survivors (7168K)
 Metaspace       used 58968K, committed 60352K, reserved 1114112K
  class space    used 7959K, committed 8640K, reserved 1048576K
}
Event: 13.871 GC heap after
{Heap after GC invocations=23 (full 0):
 garbage-first heap   total 233472K, used 77188K [0x0000000080000000, 0x0000000100000000)
  region size 1024K, 8 young (8192K), 8 survivors (8192K)
 Metaspace       used 58968K, committed 60352K, reserved 1114112K
  class space    used 7959K, committed 8640K, reserved 1048576K
}
Event: 14.025 GC heap before
{Heap before GC invocations=23 (full 0):
 garbage-first heap   total 233472K, used 208260K [0x0000000080000000, 0x0000000100000000)
  region size 1024K, 136 young (139264K), 8 survivors (8192K)
 Metaspace       used 58985K, committed 60352K, reserved 1114112K
  class space    used 7959K, committed 8640K, reserved 1048576K
}

Dll operation events (3 events):
Event: 0.127 Loaded shared library E:\AndroidFolder\jbr\bin\java.dll
Event: 0.175 Loaded shared library E:\AndroidFolder\jbr\bin\zip.dll
Event: 0.562 Loaded shared library E:\AndroidFolder\jbr\bin\verify.dll

Deoptimization events (20 events):
Event: 14.010 Thread 0x000001ffb274dab0 Uncommon trap: trap_request=0xffffffde fr.pc=0x000001ff9f5491e8 relative=0x0000000000000268
Event: 14.010 Thread 0x000001ffb274dab0 Uncommon trap: reason=class_check action=maybe_recompile pc=0x000001ff9f5491e8 method=java.io.OutputStream.write([B)V @ 5 c2
Event: 14.010 Thread 0x000001ffb274dab0 DEOPT PACKING pc=0x000001ff9f5491e8 sp=0x000000fe15efe7d0
Event: 14.010 Thread 0x000001ffb274dab0 DEOPT UNPACKING pc=0x000001ff9eb47da2 sp=0x000000fe15efe7a8 mode 2
Event: 14.010 Thread 0x000001ffb274dab0 Uncommon trap: trap_request=0xffffffde fr.pc=0x000001ff9f5491e8 relative=0x0000000000000268
Event: 14.010 Thread 0x000001ffb274dab0 Uncommon trap: reason=class_check action=maybe_recompile pc=0x000001ff9f5491e8 method=java.io.OutputStream.write([B)V @ 5 c2
Event: 14.010 Thread 0x000001ffb274dab0 DEOPT PACKING pc=0x000001ff9f5491e8 sp=0x000000fe15efe7d0
Event: 14.010 Thread 0x000001ffb274dab0 DEOPT UNPACKING pc=0x000001ff9eb47da2 sp=0x000000fe15efe7a8 mode 2
Event: 14.010 Thread 0x000001ffb274dab0 Uncommon trap: trap_request=0xffffffde fr.pc=0x000001ff9f5491e8 relative=0x0000000000000268
Event: 14.010 Thread 0x000001ffb274dab0 Uncommon trap: reason=class_check action=maybe_recompile pc=0x000001ff9f5491e8 method=java.io.OutputStream.write([B)V @ 5 c2
Event: 14.010 Thread 0x000001ffb274dab0 DEOPT PACKING pc=0x000001ff9f5491e8 sp=0x000000fe15efe7d0
Event: 14.010 Thread 0x000001ffb274dab0 DEOPT UNPACKING pc=0x000001ff9eb47da2 sp=0x000000fe15efe7a8 mode 2
Event: 14.016 Thread 0x000001ffb274dab0 Uncommon trap: trap_request=0xffffff45 fr.pc=0x000001ff9f11e5d4 relative=0x00000000000009f4
Event: 14.016 Thread 0x000001ffb274dab0 Uncommon trap: reason=unstable_if action=reinterpret pc=0x000001ff9f11e5d4 method=java.io.BufferedOutputStream.flushBuffer()V @ 4 c2
Event: 14.016 Thread 0x000001ffb274dab0 DEOPT PACKING pc=0x000001ff9f11e5d4 sp=0x000000fe15efe720
Event: 14.016 Thread 0x000001ffb274dab0 DEOPT UNPACKING pc=0x000001ff9eb47da2 sp=0x000000fe15efe608 mode 2
Event: 14.018 Thread 0x000001ffb274dab0 Uncommon trap: trap_request=0xffffff45 fr.pc=0x000001ff9f2b264c relative=0x000000000000056c
Event: 14.018 Thread 0x000001ffb274dab0 Uncommon trap: reason=unstable_if action=reinterpret pc=0x000001ff9f2b264c method=java.io.BufferedOutputStream.flushBuffer()V @ 4 c2
Event: 14.018 Thread 0x000001ffb274dab0 DEOPT PACKING pc=0x000001ff9f2b264c sp=0x000000fe15efe670
Event: 14.018 Thread 0x000001ffb274dab0 DEOPT UNPACKING pc=0x000001ff9eb47da2 sp=0x000000fe15efe600 mode 2

Classes loaded (20 events):
Event: 11.129 Loading class java/util/HashMap$EntrySpliterator
Event: 11.129 Loading class java/util/HashMap$EntrySpliterator done
Event: 11.129 Loading class java/util/stream/SortedOps$OfRef
Event: 11.129 Loading class java/util/stream/ReferencePipeline$StatefulOp
Event: 11.129 Loading class java/util/stream/ReferencePipeline$StatefulOp done
Event: 11.130 Loading class java/util/stream/SortedOps$OfRef done
Event: 11.130 Loading class java/util/stream/SortedOps$RefSortingSink
Event: 11.130 Loading class java/util/stream/SortedOps$AbstractRefSortingSink
Event: 11.130 Loading class java/util/stream/SortedOps$AbstractRefSortingSink done
Event: 11.130 Loading class java/util/stream/SortedOps$RefSortingSink done
Event: 11.169 Loading class java/util/zip/ZipInputStream
Event: 11.169 Loading class java/util/zip/ZipInputStream done
Event: 11.346 Loading class java/lang/foreign/MemorySegment
Event: 11.346 Loading class java/lang/foreign/MemorySegment done
Event: 11.660 Loading class java/security/Key
Event: 11.660 Loading class java/security/Key done
Event: 12.194 Loading class java/util/concurrent/LinkedBlockingDeque$Itr
Event: 12.194 Loading class java/util/concurrent/LinkedBlockingDeque$AbstractItr
Event: 12.194 Loading class java/util/concurrent/LinkedBlockingDeque$AbstractItr done
Event: 12.194 Loading class java/util/concurrent/LinkedBlockingDeque$Itr done

Classes unloaded (16 events):
Event: 10.725 Thread 0x000001ffab72e800 Unloading class 0x000000010049f800 'java/lang/invoke/LambdaForm$MH+0x000000010049f800'
Event: 10.725 Thread 0x000001ffab72e800 Unloading class 0x000000010049f400 'java/lang/invoke/LambdaForm$MH+0x000000010049f400'
Event: 10.725 Thread 0x000001ffab72e800 Unloading class 0x000000010049f000 'java/lang/invoke/LambdaForm$MH+0x000000010049f000'
Event: 10.725 Thread 0x000001ffab72e800 Unloading class 0x000000010049e800 'java/lang/invoke/LambdaForm$DMH+0x000000010049e800'
Event: 10.725 Thread 0x000001ffab72e800 Unloading class 0x000000010049e000 'java/lang/invoke/LambdaForm$DMH+0x000000010049e000'
Event: 10.725 Thread 0x000001ffab72e800 Unloading class 0x000000010049dc00 'java/lang/invoke/LambdaForm$DMH+0x000000010049dc00'
Event: 10.725 Thread 0x000001ffab72e800 Unloading class 0x000000010049d400 'java/lang/invoke/LambdaForm$DMH+0x000000010049d400'
Event: 10.725 Thread 0x000001ffab72e800 Unloading class 0x000000010049d000 'java/lang/invoke/LambdaForm$DMH+0x000000010049d000'
Event: 10.725 Thread 0x000001ffab72e800 Unloading class 0x000000010049cc00 'java/lang/invoke/LambdaForm$DMH+0x000000010049cc00'
Event: 10.725 Thread 0x000001ffab72e800 Unloading class 0x000000010049c400 'java/lang/invoke/LambdaForm$DMH+0x000000010049c400'
Event: 10.725 Thread 0x000001ffab72e800 Unloading class 0x000000010049c800 'java/lang/invoke/LambdaForm$DMH+0x000000010049c800'
Event: 13.725 Thread 0x000001ffab72e800 Unloading class 0x00000001007b0968 '_BuildScript_$_run_closure1$_closure2'
Event: 13.725 Thread 0x000001ffab72e800 Unloading class 0x00000001007b0558 '_BuildScript_$_run_closure1'
Event: 13.725 Thread 0x000001ffab72e800 Unloading class 0x00000001007b0000 '_BuildScript_'
Event: 13.725 Thread 0x000001ffab72e800 Unloading class 0x000000010074c558 '_BuildScript_$_run_closure1'
Event: 13.725 Thread 0x000001ffab72e800 Unloading class 0x000000010074c000 '_BuildScript_'

Classes redefined (0 events):
No events

Internal exceptions (20 events):
Event: 10.636 Thread 0x000001ffb20e5010 Exception <a 'java/lang/ClassNotFoundException'{0x000000008a15f3a8}: org/gradle/api/internal/initialization/DefaultScriptHandler_DecoratedCustomizer> (0x000000008a15f3a8) 
thrown [s\src\hotspot\share\classfile\systemDictionary.cpp, line 312]
Event: 10.780 Thread 0x000001ffb20e5010 Exception <a 'java/lang/NoSuchMethodError'{0x0000000094fc7fb0}: 'java.lang.Object java.lang.invoke.DirectMethodHandle$Holder.newInvokeSpecial(java.lang.Object, java.lang.Object, java.lang.Object, java.lang.Object, java.lang.Object, java.lang.Object, java.lang.Object, java.lang.Object, java.lang.Object, java.lang.Object, java.lang.Object, java.lang.Object, java.lang.Object, java.lang.Object, java.lang.Object, java.lang.Object, java.lang.Object, java.lang.Object, java.lang.Object, java.lang.Object, java.lang
Event: 10.863 Thread 0x000001ffb20e5010 Implicit null exception at 0x000001ff9f3591ef to 0x000001ff9f3592a0
Event: 10.875 Thread 0x000001ffb20e5010 Exception <a 'java/lang/ClassNotFoundException'{0x0000000094bfbd18}: org/gradle/api/internal/artifacts/dsl/dependencies/DefaultDependencyHandler_DecoratedBeanInfo> (0x0000000094bfbd18) 
thrown [s\src\hotspot\share\classfile\systemDictionary.cpp, line 312]
Event: 10.876 Thread 0x000001ffb20e5010 Exception <a 'java/lang/ClassNotFoundException'{0x0000000094a139d0}: org/gradle/api/internal/artifacts/dsl/dependencies/DefaultDependencyHandlerBeanInfo> (0x0000000094a139d0) 
thrown [s\src\hotspot\share\classfile\systemDictionary.cpp, line 312]
Event: 10.877 Thread 0x000001ffb20e5010 Exception <a 'java/lang/ClassNotFoundException'{0x0000000094a2b380}: org/gradle/api/internal/artifacts/dsl/dependencies/DefaultDependencyHandlerCustomizer> (0x0000000094a2b380) 
thrown [s\src\hotspot\share\classfile\systemDictionary.cpp, line 312]
Event: 10.884 Thread 0x000001ffb20e5010 Exception <a 'java/lang/ClassNotFoundException'{0x0000000094a77888}: org/gradle/api/internal/artifacts/dsl/dependencies/DefaultDependencyHandler_DecoratedCustomizer> (0x0000000094a77888) 
thrown [s\src\hotspot\share\classfile\systemDictionary.cpp, line 312]
Event: 10.889 Thread 0x000001ffb20e5010 Exception <a 'java/lang/ClassNotFoundException'{0x0000000094abc680}: sync_studio_tooling2_brghxwddv4gjthzdi4pvlzpdo$_run_closure1BeanInfo> (0x0000000094abc680) 
thrown [s\src\hotspot\share\classfile\systemDictionary.cpp, line 312]
Event: 10.889 Thread 0x000001ffb20e5010 Exception <a 'java/lang/ClassNotFoundException'{0x0000000094ac3a58}: sync_studio_tooling2_brghxwddv4gjthzdi4pvlzpdo$_run_closure1Customizer> (0x0000000094ac3a58) 
thrown [s\src\hotspot\share\classfile\systemDictionary.cpp, line 312]
Event: 10.957 Thread 0x000001ffb20e5010 Exception <a 'java/lang/NoSuchMethodError'{0x000000008d3a5c40}: 'java.lang.Object java.lang.invoke.DirectMethodHandle$Holder.newInvokeSpecial(java.lang.Object, java.lang.Object, java.lang.Object, java.lang.Object, java.lang.Object, java.lang.Object, java.lang.Object, java.lang.Object, java.lang.Object)'> (0x000000008d3a5c40) 
thrown [s\src\hotspot\share\interpreter\linkResolver.cpp, line 784]
Event: 10.961 Thread 0x000001ffb20e5010 Exception <a 'java/lang/NoSuchMethodError'{0x000000008d3e7e60}: 'java.lang.Object java.lang.invoke.DirectMethodHandle$Holder.newInvokeSpecial(java.lang.Object, int, java.lang.Object)'> (0x000000008d3e7e60) 
thrown [s\src\hotspot\share\interpreter\linkResolver.cpp, line 784]
Event: 11.120 Thread 0x000001ffb20e5010 Exception <a 'java/lang/NoSuchMethodError'{0x000000008c9abd78}: 'int java.lang.invoke.DirectMethodHandle$Holder.invokeStaticInit(java.lang.Object)'> (0x000000008c9abd78) 
thrown [s\src\hotspot\share\interpreter\linkResolver.cpp, line 784]
Event: 11.126 Thread 0x000001ffb274b9e0 Implicit null exception at 0x000001ff9f10d2e6 to 0x000001ff9f10de94
Event: 11.126 Thread 0x000001ffb274dab0 Implicit null exception at 0x000001ff9f10d2e6 to 0x000001ff9f10de94
Event: 11.168 Thread 0x000001ffb274b9e0 Exception <a 'sun/nio/fs/WindowsException'{0x000000008bfa0040}> (0x000000008bfa0040) 
thrown [s\src\hotspot\share\prims\jni.cpp, line 537]
Event: 11.431 Thread 0x000001ffb274b9e0 Implicit null exception at 0x000001ff9f1d075f to 0x000001ff9f1d1ea0
Event: 11.436 Thread 0x000001ffb274b9e0 Exception <a 'sun/nio/fs/WindowsException'{0x000000008c661418}> (0x000000008c661418) 
thrown [s\src\hotspot\share\prims\jni.cpp, line 537]
Event: 11.437 Thread 0x000001ffb274b9e0 Exception <a 'sun/nio/fs/WindowsException'{0x000000008c6615b8}> (0x000000008c6615b8) 
thrown [s\src\hotspot\share\prims\jni.cpp, line 537]
Event: 11.656 Thread 0x000001ffb274dab0 Exception <a 'sun/nio/fs/WindowsException'{0x0000000088433578}> (0x0000000088433578) 
thrown [s\src\hotspot\share\prims\jni.cpp, line 537]
Event: 11.970 Thread 0x000001ffb274dab0 Implicit null exception at 0x000001ff9f4202e5 to 0x000001ff9f420836

ZGC Phase Switch (0 events):
No events

VM Operations (20 events):
Event: 12.395 Executing VM operation: G1CollectForAllocation (G1 Evacuation Pause) done
Event: 12.794 Executing VM operation: G1CollectForAllocation (G1 Evacuation Pause)
Event: 12.799 Executing VM operation: G1CollectForAllocation (G1 Evacuation Pause) done
Event: 12.821 Executing VM operation: G1PauseRemark
Event: 12.824 Executing VM operation: G1PauseRemark done
Event: 12.832 Executing VM operation: G1PauseCleanup
Event: 12.832 Executing VM operation: G1PauseCleanup done
Event: 13.145 Executing VM operation: G1CollectForAllocation (G1 Evacuation Pause)
Event: 13.150 Executing VM operation: G1CollectForAllocation (G1 Evacuation Pause) done
Event: 13.462 Executing VM operation: G1CollectForAllocation (G1 Evacuation Pause)
Event: 13.469 Executing VM operation: G1CollectForAllocation (G1 Evacuation Pause) done
Event: 13.696 Executing VM operation: G1CollectForAllocation (G1 Evacuation Pause)
Event: 13.701 Executing VM operation: G1CollectForAllocation (G1 Evacuation Pause) done
Event: 13.725 Executing VM operation: G1PauseRemark
Event: 13.731 Executing VM operation: G1PauseRemark done
Event: 13.743 Executing VM operation: G1PauseCleanup
Event: 13.743 Executing VM operation: G1PauseCleanup done
Event: 13.866 Executing VM operation: G1CollectForAllocation (G1 Evacuation Pause)
Event: 13.871 Executing VM operation: G1CollectForAllocation (G1 Evacuation Pause) done
Event: 14.025 Executing VM operation: G1CollectForAllocation (G1 Evacuation Pause)

Memory protections (0 events):
No events

Nmethod flushes (20 events):
Event: 13.730 Thread 0x000001ffab72e800 flushing  nmethod 0x000001ff98068b90
Event: 13.730 Thread 0x000001ffab72e800 flushing  nmethod 0x000001ff98069610
Event: 13.730 Thread 0x000001ffab72e800 flushing  nmethod 0x000001ff9806a390
Event: 13.730 Thread 0x000001ffab72e800 flushing  nmethod 0x000001ff9806bb10
Event: 13.730 Thread 0x000001ffab72e800 flushing  nmethod 0x000001ff980cee10
Event: 13.730 Thread 0x000001ffab72e800 flushing  nmethod 0x000001ff980d0010
Event: 13.730 Thread 0x000001ffab72e800 flushing  nmethod 0x000001ff980f6b10
Event: 13.730 Thread 0x000001ffab72e800 flushing  nmethod 0x000001ff980f7390
Event: 13.730 Thread 0x000001ffab72e800 flushing  nmethod 0x000001ff980f7810
Event: 13.730 Thread 0x000001ffab72e800 flushing  nmethod 0x000001ff980f8610
Event: 13.730 Thread 0x000001ffab72e800 flushing  nmethod 0x000001ff980fae90
Event: 13.730 Thread 0x000001ffab72e800 flushing  nmethod 0x000001ff980fbb90
Event: 13.730 Thread 0x000001ffab72e800 flushing  nmethod 0x000001ff98196190
Event: 13.730 Thread 0x000001ffab72e800 flushing  nmethod 0x000001ff981dae90
Event: 13.730 Thread 0x000001ffab72e800 flushing  nmethod 0x000001ff98135d90
Event: 13.730 Thread 0x000001ffab72e800 flushing  nmethod 0x000001ff98137d10
Event: 13.730 Thread 0x000001ffab72e800 flushing  nmethod 0x000001ff9815e390
Event: 13.730 Thread 0x000001ffab72e800 flushing  nmethod 0x000001ff9815f010
Event: 13.730 Thread 0x000001ffab72e800 flushing  nmethod 0x000001ff98160a10
Event: 13.730 Thread 0x000001ffab72e800 flushing  nmethod 0x000001ff98184b90

Events (20 events):
Event: 6.722 Thread 0x000001ffb20e5010 Thread added: 0x000001ffb274f4f0
Event: 6.722 Thread 0x000001ffb20e5010 Thread added: 0x000001ffb274e7d0
Event: 6.722 Thread 0x000001ffb20e5010 Thread added: 0x000001ffb274fb80
Event: 6.722 Thread 0x000001ffb20e5010 Thread added: 0x000001ffb274cd90
Event: 7.105 Thread 0x000001ffabd526a0 Thread added: 0x000001ffb27879e0
Event: 7.207 Thread 0x000001ffabd526a0 Thread added: 0x000001ffb4226d50
Event: 7.362 Thread 0x000001ffb4226d50 Thread exited: 0x000001ffb4226d50
Event: 7.796 Thread 0x000001ffb20e5010 Thread added: 0x000001ffb274d420
Event: 7.861 Thread 0x000001ffb20e5010 Thread added: 0x000001ffb2750f30
Event: 7.914 Thread 0x000001ffb20e5010 Thread added: 0x000001ffb27515c0
Event: 7.956 Thread 0x000001ffb20e5010 Thread added: 0x000001ffb2750210
Event: 8.121 Thread 0x000001ffb20e5010 Thread added: 0x000001ffb2751c50
Event: 8.235 Thread 0x000001ffb20e5010 Thread added: 0x000001ffb27522e0
Event: 8.810 Thread 0x000001ffabd526a0 Thread added: 0x000001ffb282acc0
Event: 11.090 Thread 0x000001ffb282acc0 Thread exited: 0x000001ffb282acc0
Event: 11.092 Thread 0x000001ffb27879e0 Thread exited: 0x000001ffb27879e0
Event: 11.202 Thread 0x000001ffabd3e5c0 Thread added: 0x000001ffb3ae5f00
Event: 11.237 Thread 0x000001ffabd526a0 Thread added: 0x000001ffb602a690
Event: 13.937 Thread 0x000001ffb602a690 Thread exited: 0x000001ffb602a690
Event: 13.994 Thread 0x000001ffabd3e5c0 Thread added: 0x000001ffb208c540


Dynamic libraries:
0x00007ff7998e0000 - 0x00007ff7998ea000 	E:\AndroidFolder\jbr\bin\java.exe
0x00007ffddbdc0000 - 0x00007ffddc027000 	C:\WINDOWS\SYSTEM32\ntdll.dll
0x00007ffdda040000 - 0x00007ffdda109000 	C:\WINDOWS\System32\KERNEL32.DLL
0x00007ffdd8b00000 - 0x00007ffdd8ef1000 	C:\WINDOWS\System32\KERNELBASE.dll
0x00007ffdd9a10000 - 0x00007ffdd9b5b000 	C:\WINDOWS\System32\ucrtbase.dll
0x00007ffdc31b0000 - 0x00007ffdc31c8000 	E:\AndroidFolder\jbr\bin\jli.dll
0x00007ffdda110000 - 0x00007ffdda2d5000 	C:\WINDOWS\System32\USER32.dll
0x00007ffdd8800000 - 0x00007ffdd8827000 	C:\WINDOWS\System32\win32u.dll
0x00007ffdd9eb0000 - 0x00007ffdd9edb000 	C:\WINDOWS\System32\GDI32.dll
0x00007ffdbb930000 - 0x00007ffdbbbc3000 	C:\WINDOWS\WinSxS\amd64_microsoft.windows.common-controls_6595b64144ccf1df_6.0.26100.7922_none_3e089e1ee3342171\COMCTL32.dll
0x00007ffdd8f00000 - 0x00007ffdd902a000 	C:\WINDOWS\System32\gdi32full.dll
0x00007ffddad60000 - 0x00007ffddae09000 	C:\WINDOWS\System32\msvcrt.dll
0x00007ffdd8750000 - 0x00007ffdd87f3000 	C:\WINDOWS\System32\msvcp_win.dll
0x00007ffdc3e40000 - 0x00007ffdc3e5b000 	E:\AndroidFolder\jbr\bin\VCRUNTIME140.dll
0x00007ffddae10000 - 0x00007ffddae41000 	C:\WINDOWS\System32\IMM32.DLL
0x00007ffdd5580000 - 0x00007ffdd558c000 	E:\AndroidFolder\jbr\bin\vcruntime140_1.dll
0x00007ffdad6e0000 - 0x00007ffdad76d000 	E:\AndroidFolder\jbr\bin\msvcp140.dll
0x00007ffd5d070000 - 0x00007ffd5dcfe000 	E:\AndroidFolder\jbr\bin\server\jvm.dll
0x00007ffddaa60000 - 0x00007ffddab1b000 	C:\WINDOWS\System32\ADVAPI32.dll
0x00007ffdd9d00000 - 0x00007ffdd9da7000 	C:\WINDOWS\System32\sechost.dll
0x00007ffddb050000 - 0x00007ffddb168000 	C:\WINDOWS\System32\RPCRT4.dll
0x00007ffddb6c0000 - 0x00007ffddb734000 	C:\WINDOWS\System32\WS2_32.dll
0x00007ffdd64e0000 - 0x00007ffdd6515000 	C:\WINDOWS\SYSTEM32\WINMM.dll
0x00007ffdc84d0000 - 0x00007ffdc84db000 	C:\WINDOWS\SYSTEM32\VERSION.dll
0x00007ffdd8500000 - 0x00007ffdd855e000 	C:\WINDOWS\SYSTEM32\POWRPROF.dll
0x00007ffdd84e0000 - 0x00007ffdd84f4000 	C:\WINDOWS\SYSTEM32\UMPDC.dll
0x00007ffdd73f0000 - 0x00007ffdd740b000 	C:\WINDOWS\SYSTEM32\kernel.appcore.dll
0x00007ffdd2b40000 - 0x00007ffdd2b4a000 	E:\AndroidFolder\jbr\bin\jimage.dll
0x00007ffdd61b0000 - 0x00007ffdd63f2000 	C:\WINDOWS\SYSTEM32\DBGHELP.DLL
0x00007ffddb740000 - 0x00007ffddbac2000 	C:\WINDOWS\System32\combase.dll
0x00007ffddac20000 - 0x00007ffddacf7000 	C:\WINDOWS\System32\OLEAUT32.dll
0x00007ffdd6440000 - 0x00007ffdd647b000 	C:\WINDOWS\SYSTEM32\dbgcore.DLL
0x00007ffdd86a0000 - 0x00007ffdd8745000 	C:\WINDOWS\System32\bcryptPrimitives.dll
0x00007ffdd2b30000 - 0x00007ffdd2b3e000 	E:\AndroidFolder\jbr\bin\instrument.dll
0x00007ffdc3b00000 - 0x00007ffdc3b20000 	E:\AndroidFolder\jbr\bin\java.dll
0x00007ffdbb130000 - 0x00007ffdbb148000 	E:\AndroidFolder\jbr\bin\zip.dll
0x00007ffdda2f0000 - 0x00007ffddaa4f000 	C:\WINDOWS\System32\SHELL32.dll
0x00007ffdd98a0000 - 0x00007ffdd9a0a000 	C:\WINDOWS\System32\wintypes.dll
0x00007ffdd9030000 - 0x00007ffdd9894000 	C:\WINDOWS\System32\windows.storage.dll
0x00007ffddab20000 - 0x00007ffddac17000 	C:\WINDOWS\System32\SHCORE.dll
0x00007ffddbd10000 - 0x00007ffddbd77000 	C:\WINDOWS\System32\shlwapi.dll
0x00007ffdd85c0000 - 0x00007ffdd85e9000 	C:\WINDOWS\SYSTEM32\profapi.dll
0x00007ffdb6a10000 - 0x00007ffdb6a20000 	E:\AndroidFolder\jbr\bin\net.dll
0x00007ffdd21d0000 - 0x00007ffdd22f7000 	C:\WINDOWS\SYSTEM32\WINHTTP.dll
0x00007ffdd7940000 - 0x00007ffdd79ab000 	C:\WINDOWS\system32\mswsock.dll
0x00007ffdb4c50000 - 0x00007ffdb4c66000 	E:\AndroidFolder\jbr\bin\nio.dll
0x00007ffdb6550000 - 0x00007ffdb6560000 	E:\AndroidFolder\jbr\bin\verify.dll
0x00007ffdb11c0000 - 0x00007ffdb11e7000 	C:\Users\ThanhCong\.gradle\native\c067742578af261105cb4f569cf0c3c89f3d7b1fecec35dd04571415982c5e48\windows-amd64\native-platform.dll
0x00007ffd94bd0000 - 0x00007ffd94d14000 	C:\Users\ThanhCong\.gradle\native\38dada09dfb8b06ba9b0570ebf7e218e3eb74d4ef43ca46872605cf95ebc2f47\windows-amd64\native-platform-file-events.dll
0x00007ffdb4e60000 - 0x00007ffdb4e69000 	E:\AndroidFolder\jbr\bin\management.dll
0x00007ffdb4c40000 - 0x00007ffdb4c4b000 	E:\AndroidFolder\jbr\bin\management_ext.dll
0x00007ffdda2e0000 - 0x00007ffdda2e8000 	C:\WINDOWS\System32\PSAPI.DLL
0x00007ffdd7d40000 - 0x00007ffdd7d5b000 	C:\WINDOWS\SYSTEM32\CRYPTSP.dll
0x00007ffdd7350000 - 0x00007ffdd7389000 	C:\WINDOWS\system32\rsaenh.dll
0x00007ffdd79f0000 - 0x00007ffdd7a22000 	C:\WINDOWS\SYSTEM32\USERENV.dll
0x00007ffdd8590000 - 0x00007ffdd85ba000 	C:\WINDOWS\SYSTEM32\bcrypt.dll
0x00007ffdd7ba0000 - 0x00007ffdd7bac000 	C:\WINDOWS\SYSTEM32\CRYPTBASE.dll
0x00007ffdd6e90000 - 0x00007ffdd6ec3000 	C:\WINDOWS\SYSTEM32\IPHLPAPI.DLL
0x00007ffddae50000 - 0x00007ffddae5a000 	C:\WINDOWS\System32\NSI.dll
0x00007ffdb5500000 - 0x00007ffdb5509000 	E:\AndroidFolder\jbr\bin\extnet.dll
0x00007ffdb49f0000 - 0x00007ffdb49f8000 	C:\WINDOWS\system32\wshunix.dll
0x00007ffdd7510000 - 0x00007ffdd7546000 	C:\WINDOWS\SYSTEM32\ntmarta.dll

dbghelp: loaded successfully - version: 4.0.5 - missing functions: none
symbol engine: initialized successfully - sym options: 0x614 - pdb path: .;E:\AndroidFolder\jbr\bin;C:\WINDOWS\SYSTEM32;C:\WINDOWS\WinSxS\amd64_microsoft.windows.common-controls_6595b64144ccf1df_6.0.26100.7922_none_3e089e1ee3342171;E:\AndroidFolder\jbr\bin\server;C:\Users\ThanhCong\.gradle\native\c067742578af261105cb4f569cf0c3c89f3d7b1fecec35dd04571415982c5e48\windows-amd64;C:\Users\ThanhCong\.gradle\native\38dada09dfb8b06ba9b0570ebf7e218e3eb74d4ef43ca46872605cf95ebc2f47\windows-amd64

VM Arguments:
jvm_args: --add-opens=java.base/java.util=ALL-UNNAMED --add-opens=java.base/java.lang=ALL-UNNAMED --add-opens=java.base/java.lang.invoke=ALL-UNNAMED --add-opens=java.prefs/java.util.prefs=ALL-UNNAMED --add-opens=java.base/java.nio.charset=ALL-UNNAMED --add-opens=java.base/java.net=ALL-UNNAMED --add-opens=java.base/java.util.concurrent.atomic=ALL-UNNAMED -Xmx2048m -Dfile.encoding=UTF-8 -Duser.country=US -Duser.language=en -Duser.variant -javaagent:C:\Users\ThanhCong\.gradle\wrapper\dists\gradle-8.4-bin\1w5dpkrfk8irigvoxmyhowfim\gradle-8.4\lib\agents\gradle-instrumentation-agent-8.4.jar 
java_command: org.gradle.launcher.daemon.bootstrap.GradleDaemon 8.4
java_class_path (initial): C:\Users\ThanhCong\.gradle\wrapper\dists\gradle-8.4-bin\1w5dpkrfk8irigvoxmyhowfim\gradle-8.4\lib\gradle-launcher-8.4.jar
Launcher Type: SUN_STANDARD

[Global flags]
     intx CICompilerCount                          = 4                                         {product} {ergonomic}
     uint ConcGCThreads                            = 2                                         {product} {ergonomic}
     uint G1ConcRefinementThreads                  = 8                                         {product} {ergonomic}
   size_t G1HeapRegionSize                         = 1048576                                   {product} {ergonomic}
    uintx GCDrainStackTargetSize                   = 64                                        {product} {ergonomic}
   size_t InitialHeapSize                          = 398458880                                 {product} {ergonomic}
   size_t MarkStackSize                            = 4194304                                   {product} {ergonomic}
   size_t MaxHeapSize                              = 2147483648                                {product} {command line}
   size_t MaxNewSize                               = 1287651328                                {product} {ergonomic}
   size_t MinHeapDeltaBytes                        = 1048576                                   {product} {ergonomic}
   size_t MinHeapSize                              = 8388608                                   {product} {ergonomic}
    uintx NonNMethodCodeHeapSize                   = 5839372                                {pd product} {ergonomic}
    uintx NonProfiledCodeHeapSize                  = 122909434                              {pd product} {ergonomic}
    uintx ProfiledCodeHeapSize                     = 122909434                              {pd product} {ergonomic}
    uintx ReservedCodeCacheSize                    = 251658240                              {pd product} {ergonomic}
     bool SegmentedCodeCache                       = true                                      {product} {ergonomic}
   size_t SoftMaxHeapSize                          = 2147483648                             {manageable} {ergonomic}
     bool UseCompressedOops                        = true                           {product lp64_product} {ergonomic}
     bool UseG1GC                                  = true                                      {product} {ergonomic}
     bool UseLargePagesIndividualAllocation        = false                                  {pd product} {ergonomic}

Logging:
Log output configuration:
 #0: stdout all=warning uptime,level,tags foldmultilines=false
 #1: stderr all=off uptime,level,tags foldmultilines=false

Environment Variables:
JAVA_HOME=E:\jdk-17
PATH=e:\cursor\resources\app\bin;C:\Program Files\Common Files\Oracle\Java\javapath;C:\Program Files (x86)\Common Files\Oracle\Java\java8path;C:\Program Files (x86)\Common Files\Oracle\Java\javapath;C:\WINDOWS\system32;C:\WINDOWS;C:\WINDOWS\System32\Wbem;C:\WINDOWS\System32\WindowsPowerShell\v1.0\;C:\WINDOWS\System32\OpenSSH\;C:\Program Files\dotnet\;C:\Program Files\Git\cmd;C:\Program Files (x86)\Microsoft SQL Server\160\Tools\Binn\;C:\Program Files\Microsoft SQL Server\160\Tools\Binn\;C:\Program Files\Microsoft SQL Server\Client SDK\ODBC\170\Tools\Binn\;C:\Program Files\Microsoft SQL Server\160\DTS\Binn\;C:\Program Files (x86)\Microsoft SQL Server\160\DTS\Binn\;C:\Users\ThanhCong\AppData\Local\Programs\Python\Python312\;C:\Program Files\MySQL\MySQL Shell 8.0\bin\;C:\Users\ThanhCo;E:\jdk-17\bin;E:\jdk-17\bin;C:\Users\ThanhCong\AppData\Local\Programs\Python\Python312\Scripts;E:\apache-maven-3.9.11-bin\apache-maven-3.9.11\bin;E:\apache-tomcat-10.1.48\apache-tomcat-10.1.48\bin;C:\Program Files\Cloudflare\Cloudflare WARP\;E:\;C:\Program Files\MySQL\MySQL Shell 8.0\bin\;C:\Users\ThanhCong\AppData\Local\Programs\Python\Python312\Scripts\;C:\Users\ThanhCong\AppData\Local\Programs\Python\Python312\;e:\cursor\resources\app\bin;C:\Program Files\Common Files\Oracle\Java\javapath;C:\Program Files (x86)\Common Files\Oracle\Java\java8path;C:\Program Files (x86)\Common Files\Oracle\Java\javapath;C:\WINDOWS\system32;C:\WINDOWS;C:\WINDOWS\System32\Wbem;C:\WINDOWS\System32\WindowsPowerShell\v1.0\;C:\WINDOWS\System32\OpenSSH\;C:\Program Files\dotnet\;C:\Program Files\Git\cmd;C:\Program Files (x86)\Microsoft SQL Server\160\Tools\Binn\;C:\Program Files\Microsoft SQL Server\160\Tools\Binn\;C:\Program Files\Microsoft SQL Server\Client SDK\ODBC\170\Tools\Binn\;C:\Program Files\Microsoft SQL Server\160\DTS\Binn\;C:\Program Files (x86)\Microsoft SQL Server\160\DTS\Binn\;C:\Users\ThanhCong\AppData\Local\Programs\Python\Python312\;C:\Program Files\MySQL\MySQL Shell 8.0\bin\;C:\Users\ThanhCo;E:\jdk-17\bin;E:\jdk-17\bin;C:\Users\ThanhCong\AppData\Local\Programs\Python\Python312\Scripts;E:\apache-maven-3.9.11-bin\apache-maven-3.9.11\bin;E:\apache-tomcat-10.1.48\apache-tomcat-10.1.48\bin;C:\Program Files\Docker\Docker\resources\bin;C:\Program Files\Cloudflare\Cloudflare WARP\;C:\Program Files\MySQL\MySQL Shell 8.0\bin\;C:\Users\ThanhCong\AppData\Local\Programs\Python\Python312\Scripts\;C:\Users\ThanhCong\AppData\Local\Programs\Python\Python312\;e:\cursor\resources\app\bin;C:\Program Files\Common Files\Oracle\Java\javapath;C:\Program Files (x86)\Common Files\Oracle\Java\java8path;C:\Program Files (x86)\Common Files\Oracle\Java\javapath;C:\WINDOWS\system32;C:\WINDOWS;C:\WINDOWS\System32\Wbem;C:\WINDOWS\System32\WindowsPowerShell\v1.0\;C:\WINDOWS\System32\OpenSSH\;C:\Program Files\dotnet\;C:\Program Files\Git\cmd;C:\Program Files (x86)\Microsoft SQL Server\160\Tools\Binn\;C:\Program Files\Microsoft SQL Server\160\Tools\Binn\;C:\Program Files\Microsoft SQL Server\Client SDK\ODBC\170\Tools\Binn\;C:\Program Files\Microsoft SQL Server\160\DTS\Binn\;C:\Program Files (x86)\Microsoft SQL Server\160\DTS\Binn\;C:\Users\ThanhCong\AppData\Local\Programs\Python\Python312\;C:\Program Files\MySQL\MySQL Shell 8.0\bin\;C:\Users\ThanhCo;E:\jdk-17\bin;E:\jdk-17\bin;C:\Users\ThanhCong\AppData\Local\Programs\Python\Python312\Scripts;E:\apache-maven-3.9.11-bin\apache-maven-3.9.11\bin;E:\apache-tomcat-10.1.48\apache-tomcat-10.1.48\bin;C:\Program Files\Docker\Docker\resources\bin;C:\Program Files\Cloudflare\Cloudflare WARP\;C:\Users\ThanhCong\AppData\Local\Programs\Microsoft VS Code\bin;E:\flutter\bin;E:\Antigravity\bin;C:\Users\ThanhCong\AppData\Local\Programs\Microsoft VS Code\bin;E:\flutter\bin;E:\Antigravity\bin;C:\Users\ThanhCong\.local\bin;C:\Users\ThanhCong\AppData\Roaming\npm;C:\Users\ThanhCong\AppData\Local\Programs\Antigravity IDE\bin;C:\Users\ThanhCong\AppData\Local\Programs\cursor\resources\app\bin
USERNAME=ThanhCong
OS=Windows_NT
PROCESSOR_IDENTIFIER=Intel64 Family 6 Model 140 Stepping 2, GenuineIntel
TMP=C:\Users\THANHC~1\AppData\Local\Temp
TEMP=C:\Users\THANHC~1\AppData\Local\Temp




Periodic native trim disabled

JNI global refs:
JNI global refs: 28, weak refs: 4

JNI global refs memory usage: 835, weak refs: 833

Process memory usage:
Resident Set Size: 441620K (1% of 24898340K total physical memory with 2833816K free physical memory)

OOME stack traces (most recent first):
Classloader memory used:
Loader org.gradle.internal.classloader.VisitableURLClassLoader                         : 29506K
Loader bootstrap                                                                       : 22265K
Loader org.gradle.initialization.MixInLegacyTypesClassLoader                           : 5573K
Loader org.gradle.internal.classloader.VisitableURLClassLoader                         : 722K
Loader jdk.internal.loader.ClassLoaders$PlatformClassLoader                            : 500K
Loader jdk.internal.loader.ClassLoaders$AppClassLoader                                 : 227K
Loader jdk.internal.reflect.DelegatingClassLoader                                      : 148K
Loader org.gradle.groovy.scripts.internal.DefaultScriptCompilationHandler$ScriptClassLoader: 34936B
Loader org.codehaus.groovy.runtime.callsite.CallSiteClassLoader                        : 7200B

Classes loaded by more than one classloader:
Class org.gradle.api.GradleException                                                  : loaded 3 times (x 80B)
Class org.gradle.internal.classloader.FilteringClassLoader                            : loaded 2 times (x 103B)
Class org.gradle.internal.classloader.ClassLoaderHierarchy                            : loaded 2 times (x 68B)
Class org.gradle.api.internal.classpath.ManifestUtil                                  : loaded 2 times (x 69B)
Class org.gradle.internal.operations.MultipleBuildOperationFailures                   : loaded 2 times (x 93B)
Class org.gradle.internal.classloader.DefaultClassLoaderFactory                       : loaded 2 times (x 80B)
Class org.gradle.internal.classloader.ClassLoaderVisitor                              : loaded 2 times (x 74B)
Class org.gradle.api.internal.classpath.EffectiveClassPath                            : loaded 2 times (x 88B)
Class org.gradle.api.internal.DefaultClassPathProvider                                : loaded 2 times (x 74B)
Class [Lorg.gradle.api.internal.ClassPathProvider;                                    : loaded 2 times (x 67B)
Class org.gradle.api.internal.ClassPathProvider                                       : loaded 2 times (x 68B)
Class org.gradle.internal.service.UnknownServiceException                             : loaded 2 times (x 81B)
Class org.gradle.internal.classpath.TransformedClassPath                              : loaded 2 times (x 94B)
Class org.gradle.internal.service.ServiceLocator                                      : loaded 2 times (x 68B)
Class org.gradle.internal.InternalTransformer                                         : loaded 2 times (x 68B)
Class org.gradle.internal.time.DefaultTimer                                           : loaded 2 times (x 78B)
Class org.gradle.internal.classloader.ClasspathUtil$1                                 : loaded 2 times (x 74B)
Class org.gradle.api.internal.classpath.DefaultModuleRegistry$DefaultModule           : loaded 2 times (x 84B)
Class org.gradle.internal.time.DefaultCountdownTimer                                  : loaded 2 times (x 86B)
Class kotlin.Function                                                                 : loaded 2 times (x 68B)
Class org.gradle.api.internal.classpath.Module                                        : loaded 2 times (x 68B)
Class org.gradle.api.internal.classpath.UnknownModuleException                        : loaded 2 times (x 80B)
Class org.gradle.cache.GlobalCache                                                    : loaded 2 times (x 68B)
Class org.gradle.api.internal.DefaultClassPathRegistry                                : loaded 2 times (x 74B)
Class org.gradle.api.internal.ClassPathRegistry                                       : loaded 2 times (x 68B)
Class org.gradle.internal.classpath.DefaultClassPath$ImmutableUniqueList              : loaded 2 times (x 197B)
Class org.gradle.internal.classpath.ClassPath                                         : loaded 2 times (x 68B)
Class org.gradle.api.UncheckedIOException                                             : loaded 2 times (x 80B)
Class kotlin.UninitializedPropertyAccessException                                     : loaded 2 times (x 80B)
Class org.gradle.internal.installation.GradleInstallation$1                           : loaded 2 times (x 73B)
Class org.gradle.api.internal.classpath.ModuleRegistry                                : loaded 2 times (x 68B)
Class org.gradle.api.internal.classpath.DefaultModuleRegistry                         : loaded 2 times (x 84B)
Class org.gradle.internal.time.MonotonicClock                                         : loaded 2 times (x 75B)
Class org.gradle.internal.service.ServiceLookupException                              : loaded 2 times (x 80B)
Class org.gradle.internal.classloader.ClassLoaderFactory                              : loaded 2 times (x 68B)
Class org.gradle.internal.service.CachingServiceLocator                               : loaded 2 times (x 80B)
Class org.gradle.internal.time.TimeSource                                             : loaded 2 times (x 68B)
Class org.gradle.internal.exceptions.ResolutionProvider                               : loaded 2 times (x 68B)
Class org.gradle.internal.classloader.ClasspathUtil                                   : loaded 2 times (x 69B)
Class org.gradle.internal.time.TimeSource$1                                           : loaded 2 times (x 75B)
Class org.gradle.api.specs.Spec                                                       : loaded 2 times (x 68B)
Class org.gradle.internal.time.Clock                                                  : loaded 2 times (x 68B)
Class org.gradle.internal.classloader.VisitableURLClassLoader$InstrumentingVisitableURLClassLoader: loaded 2 times (x 121B)
Class org.gradle.internal.classloader.VisitableURLClassLoader$Spec                    : loaded 2 times (x 72B)
Class org.gradle.internal.classpath.DefaultClassPath                                  : loaded 2 times (x 88B)
Class org.gradle.internal.classloader.ClassLoaderSpec                                 : loaded 2 times (x 69B)
Class org.gradle.internal.classloader.VisitableURLClassLoader                         : loaded 2 times (x 115B)
Class org.gradle.internal.Cast                                                        : loaded 2 times (x 69B)
Class org.gradle.api.Action                                                           : loaded 2 times (x 68B)
Class org.gradle.internal.agents.InstrumentingClassLoader                             : loaded 2 times (x 68B)
Class org.gradle.internal.classpath.DefaultClassPath$ImmutableUniqueList$Builder      : loaded 2 times (x 73B)
Class kotlin.NotImplementedError                                                      : loaded 2 times (x 80B)
Class org.gradle.internal.exceptions.NonGradleCauseExceptionsHolder                   : loaded 2 times (x 68B)
Class org.gradle.internal.IoActions                                                   : loaded 2 times (x 69B)
Class org.gradle.internal.classloader.SystemClassLoaderSpec                           : loaded 2 times (x 69B)
Class org.gradle.internal.exceptions.MultiCauseException                              : loaded 2 times (x 68B)
Class org.gradle.internal.time.CountdownTimer                                         : loaded 2 times (x 68B)
Class kotlin.jvm.internal.Intrinsics                                                  : loaded 2 times (x 69B)
Class org.gradle.tooling.model.ProjectModel                                           : loaded 2 times (x 68B)
Class kotlin.KotlinNullPointerException                                               : loaded 2 times (x 81B)
Class org.gradle.internal.exceptions.DefaultMultiCauseException                       : loaded 2 times (x 93B)
Class org.gradle.internal.time.Time                                                   : loaded 2 times (x 69B)
Class org.gradle.internal.time.Timer                                                  : loaded 2 times (x 68B)
Class org.gradle.internal.installation.CurrentGradleInstallationLocator               : loaded 2 times (x 69B)
Class org.gradle.internal.service.DefaultServiceLocator                               : loaded 2 times (x 81B)
Class org.gradle.util.GradleVersion                                                   : loaded 2 times (x 77B)
Class org.gradle.internal.installation.CurrentGradleInstallation                      : loaded 2 times (x 71B)
Class org.gradle.util.internal.GUtil                                                  : loaded 2 times (x 69B)
Class org.gradle.internal.installation.GradleInstallation                             : loaded 2 times (x 73B)

---------------  S Y S T E M  ---------------

OS:
 Windows 11 , 64 bit Build 26100 (10.0.26100.7920)
OS uptime: 28 days 22:30 hours
Hyper-V role detected

CPU: total 8 (initial active 8) (4 cores per cpu, 2 threads per core) family 6 model 140 stepping 2 microcode 0x3c, cx8, cmov, fxsr, ht, mmx, 3dnowpref, sse, sse2, sse3, ssse3, sse4.1, sse4.2, popcnt, lzcnt, tsc, tscinvbit, avx, avx2, aes, erms, clmul, bmi1, bmi2, adx, avx512f, avx512dq, avx512cd, avx512bw, avx512vl, sha, fma, vzeroupper, avx512_vpopcntdq, avx512_vpclmulqdq, avx512_vaes, avx512_vnni, clflush, clflushopt, clwb, avx512_vbmi2, avx512_vbmi, hv, rdtscp, rdpid, fsrm, gfni, avx512_bitalg, f16c, cet_ibt, cet_ss, avx512_ifma
Processor Information for processor 0
  Max Mhz: 2496, Current Mhz: 2496, Mhz Limit: 2496
Processor Information for processor 1
  Max Mhz: 2496, Current Mhz: 2496, Mhz Limit: 2496
Processor Information for processor 2
  Max Mhz: 2496, Current Mhz: 2496, Mhz Limit: 2496
Processor Information for processor 3
  Max Mhz: 2496, Current Mhz: 2496, Mhz Limit: 2496
Processor Information for processor 4
  Max Mhz: 2496, Current Mhz: 2496, Mhz Limit: 2496
Processor Information for processor 5
  Max Mhz: 2496, Current Mhz: 2496, Mhz Limit: 2496
Processor Information for processor 6
  Max Mhz: 2496, Current Mhz: 1198, Mhz Limit: 2496
Processor Information for processor 7
  Max Mhz: 2496, Current Mhz: 2496, Mhz Limit: 2496

Memory: 4k page, system-wide physical 24314M (2767M free)
TotalPageFile size 47546M (AvailPageFile size 76M)
current process WorkingSet (physical memory assigned to process): 431M, peak: 443M
current process commit charge ("private bytes"): 476M, peak: 523M

vm_info: OpenJDK 64-Bit Server VM (21.0.7+-13880790-b1038.58) for windows-amd64 JRE (21.0.7+-13880790-b1038.58), built on 2025-08-04T20:56:21Z by "builder" with MS VC++ 16.10 / 16.11 (VS2019)

END.
