#
# There is insufficient memory for the Java Runtime Environment to continue.
# Native memory allocation (mmap) failed to map 48234496 bytes. Error detail: G1 virtual space
# Possible reasons:
#   The system is out of physical RAM or swap space
#   This process is running with CompressedOops enabled, and the Java Heap may be blocking the growth of the native heap
# Possible solutions:
#   Reduce memory load on the system
#   Increase physical memory or swap space
#   Check if swap backing store is full
#   Decrease Java heap size (-Xmx/-Xms)
#   Decrease number of Java threads
#   Decrease Java thread stack sizes (-Xss)
#   Set larger code cache with -XX:ReservedCodeCacheSize=
#   JVM is running with Unscaled Compressed Oops mode in which the Java heap is
#     placed in the first 4GB address space. The Java Heap base address is the
#     maximum limit for the native heap growth. Please use -XX:HeapBaseMinAddress
#     to set the Java Heap base and to place the Java Heap above 4GB virtual address.
# This output file may be truncated or incomplete.
#
#  Out of Memory Error (os_windows.cpp:3898), pid=60004, tid=63920
#
# JRE version: OpenJDK Runtime Environment (21.0.7) (build 21.0.7+-13880790-b1038.58)
# Java VM: OpenJDK 64-Bit Server VM (21.0.7+-13880790-b1038.58, mixed mode, tiered, compressed oops, compressed class ptrs, g1 gc, windows-amd64)
# No core dump will be written. Minidumps are not enabled by default on client versions of Windows
#

---------------  S U M M A R Y ------------

Command Line: --add-opens=java.base/java.util=ALL-UNNAMED --add-opens=java.base/java.lang=ALL-UNNAMED --add-opens=java.base/java.lang.invoke=ALL-UNNAMED --add-opens=java.prefs/java.util.prefs=ALL-UNNAMED --add-opens=java.base/java.nio.charset=ALL-UNNAMED --add-opens=java.base/java.net=ALL-UNNAMED --add-opens=java.base/java.util.concurrent.atomic=ALL-UNNAMED -Xmx2048m -Dfile.encoding=UTF-8 -Duser.country=US -Duser.language=en -Duser.variant -javaagent:C:\Users\ThanhCong\.gradle\wrapper\dists\gradle-8.4-bin\1w5dpkrfk8irigvoxmyhowfim\gradle-8.4\lib\agents\gradle-instrumentation-agent-8.4.jar org.gradle.launcher.daemon.bootstrap.GradleDaemon 8.4

Host: 11th Gen Intel(R) Core(TM) i5-11320H @ 3.20GHz, 8 cores, 23G,  Windows 11 , 64 bit Build 26100 (10.0.26100.7920)
Time: Tue Jun 30 11:57:26 2026 SE Asia Standard Time elapsed time: 9.330804 seconds (0d 0h 0m 9s)

---------------  T H R E A D  ---------------

Current thread (0x0000023b477ec0d0):  VMThread "VM Thread"          [id=63920, stack(0x000000a00bd00000,0x000000a00be00000) (1024K)]

Stack: [0x000000a00bd00000,0x000000a00be00000]
Native frames: (J=compiled Java code, j=interpreted, Vv=VM code, C=native code)
V  [jvm.dll+0x6d25c9]
V  [jvm.dll+0x860923]
V  [jvm.dll+0x862e7e]
V  [jvm.dll+0x863563]
V  [jvm.dll+0x27f156]
V  [jvm.dll+0x6ceee5]
V  [jvm.dll+0x6c29aa]
V  [jvm.dll+0x355ebb]
V  [jvm.dll+0x35db16]
V  [jvm.dll+0x3afb16]
V  [jvm.dll+0x3afde8]
V  [jvm.dll+0x32855c]
V  [jvm.dll+0x3285e7]
V  [jvm.dll+0x36e47c]
V  [jvm.dll+0x36cc2e]
V  [jvm.dll+0x327cb1]
V  [jvm.dll+0x36c330]
V  [jvm.dll+0x8692e8]
V  [jvm.dll+0x86a664]
V  [jvm.dll+0x86aba0]
V  [jvm.dll+0x86ae33]
V  [jvm.dll+0x808d08]
V  [jvm.dll+0x6d0e1d]
C  [ucrtbase.dll+0x37b0]
C  [KERNEL32.DLL+0x2e8d7]
C  [ntdll.dll+0x8c48c]

VM_Operation (0x000000a00d7f6700): G1CollectForAllocation, mode: safepoint, requested by thread 0x0000023b4dc7e570


---------------  P R O C E S S  ---------------

Threads class SMR info:
_java_thread_list=0x0000023b4fffed90, length=42, elements={
0x0000023b2dc0bd90, 0x0000023b47969630, 0x0000023b4796ae90, 0x0000023b4796b500,
0x0000023b4796d080, 0x0000023b47997300, 0x0000023b479984e0, 0x0000023b4798a5d0,
0x0000023b479a12c0, 0x0000023b479a24e0, 0x0000023b4c09a8e0, 0x0000023b4c0cb8b0,
0x0000023b4c54dbd0, 0x0000023b4d9a1440, 0x0000023b4d90d1d0, 0x0000023b4da09620,
0x0000023b4dbff530, 0x0000023b4dc1ecb0, 0x0000023b4dcd5040, 0x0000023b4dc7e570,
0x0000023b4dc7d850, 0x0000023b4dc7f290, 0x0000023b4dc7dee0, 0x0000023b4dc7ec00,
0x0000023b4dc7f920, 0x0000023b4dc7d1c0, 0x0000023b512569b0, 0x0000023b51256320,
0x0000023b512597a0, 0x0000023b512576d0, 0x0000023b51257040, 0x0000023b51258a80,
0x0000023b512583f0, 0x0000023b51259110, 0x0000023b4e5ff360, 0x0000023b4e5fe640,
0x0000023b4e600080, 0x0000023b4e600710, 0x0000023b4e600da0, 0x0000023b4e5fd920,
0x0000023b4e601430, 0x0000023b4e601ac0
}

Java Threads: ( => current thread )
  0x0000023b2dc0bd90 JavaThread "main"                              [_thread_blocked, id=4320, stack(0x000000a00b600000,0x000000a00b700000) (1024K)]
  0x0000023b47969630 JavaThread "Common-Cleaner"             daemon [_thread_blocked, id=79592, stack(0x000000a00be00000,0x000000a00bf00000) (1024K)]
  0x0000023b4796ae90 JavaThread "Reference Handler"          daemon [_thread_blocked, id=56904, stack(0x000000a00bf00000,0x000000a00c000000) (1024K)]
  0x0000023b4796b500 JavaThread "Finalizer"                  daemon [_thread_blocked, id=62560, stack(0x000000a00c000000,0x000000a00c100000) (1024K)]
  0x0000023b4796d080 JavaThread "Signal Dispatcher"          daemon [_thread_blocked, id=63612, stack(0x000000a00c100000,0x000000a00c200000) (1024K)]
  0x0000023b47997300 JavaThread "Attach Listener"            daemon [_thread_blocked, id=75328, stack(0x000000a00c200000,0x000000a00c300000) (1024K)]
  0x0000023b479984e0 JavaThread "Service Thread"             daemon [_thread_blocked, id=69492, stack(0x000000a00c300000,0x000000a00c400000) (1024K)]
  0x0000023b4798a5d0 JavaThread "Monitor Deflation Thread"   daemon [_thread_blocked, id=64132, stack(0x000000a00c400000,0x000000a00c500000) (1024K)]
  0x0000023b479a12c0 JavaThread "C2 CompilerThread0"         daemon [_thread_blocked, id=76696, stack(0x000000a00c500000,0x000000a00c600000) (1024K)]
  0x0000023b479a24e0 JavaThread "C1 CompilerThread0"         daemon [_thread_blocked, id=77548, stack(0x000000a00c600000,0x000000a00c700000) (1024K)]
  0x0000023b4c09a8e0 JavaThread "Notification Thread"        daemon [_thread_blocked, id=43692, stack(0x000000a00c700000,0x000000a00c800000) (1024K)]
  0x0000023b4c0cb8b0 JavaThread "C2 CompilerThread1"         daemon [_thread_blocked, id=63704, stack(0x000000a00c800000,0x000000a00c900000) (1024K)]
  0x0000023b4c54dbd0 JavaThread "C2 CompilerThread2"         daemon [_thread_blocked, id=75596, stack(0x000000a00c900000,0x000000a00ca00000) (1024K)]
  0x0000023b4d9a1440 JavaThread "Daemon health stats"               [_thread_blocked, id=63956, stack(0x000000a00d100000,0x000000a00d200000) (1024K)]
  0x0000023b4d90d1d0 JavaThread "Incoming local TCP Connector on port 61656"        [_thread_in_native, id=67320, stack(0x000000a00d200000,0x000000a00d300000) (1024K)]
  0x0000023b4da09620 JavaThread "Daemon periodic checks"            [_thread_blocked, id=44028, stack(0x000000a00d300000,0x000000a00d400000) (1024K)]
  0x0000023b4dbff530 JavaThread "Daemon"                            [_thread_blocked, id=1228, stack(0x000000a00d400000,0x000000a00d500000) (1024K)]
  0x0000023b4dc1ecb0 JavaThread "Handler for socket connection from /127.0.0.1:61656 to /127.0.0.1:61659"        [_thread_in_native, id=79032, stack(0x000000a00d500000,0x000000a00d600000) (1024K)]
  0x0000023b4dcd5040 JavaThread "Cancel handler"                    [_thread_blocked, id=70008, stack(0x000000a00d600000,0x000000a00d700000) (1024K)]
  0x0000023b4dc7e570 JavaThread "Daemon worker"                     [_thread_blocked, id=61676, stack(0x000000a00d700000,0x000000a00d800000) (1024K)]
  0x0000023b4dc7d850 JavaThread "Asynchronous log dispatcher for DefaultDaemonConnection: socket connection from /127.0.0.1:61656 to /127.0.0.1:61659"        [_thread_blocked, id=68108, stack(0x000000a00d800000,0x000000a00d900000) (1024K)]
  0x0000023b4dc7f290 JavaThread "Stdin handler"                     [_thread_blocked, id=74656, stack(0x000000a00d900000,0x000000a00da00000) (1024K)]
  0x0000023b4dc7dee0 JavaThread "Daemon client event forwarder"        [_thread_blocked, id=55780, stack(0x000000a00da00000,0x000000a00db00000) (1024K)]
  0x0000023b4dc7ec00 JavaThread "Cache worker for journal cache (C:\Users\ThanhCong\.gradle\caches\journal-1)"        [_thread_blocked, id=59532, stack(0x000000a00dc00000,0x000000a00dd00000) (1024K)]
  0x0000023b4dc7f920 JavaThread "File lock request listener"        [_thread_in_native, id=66964, stack(0x000000a00dd00000,0x000000a00de00000) (1024K)]
  0x0000023b4dc7d1c0 JavaThread "Cache worker for file hash cache (C:\Users\ThanhCong\.gradle\caches\8.4\fileHashes)"        [_thread_blocked, id=50148, stack(0x000000a00de00000,0x000000a00df00000) (1024K)]
  0x0000023b512569b0 JavaThread "File watcher server"        daemon [_thread_in_native, id=56892, stack(0x000000a00df00000,0x000000a00e000000) (1024K)]
  0x0000023b51256320 JavaThread "File watcher consumer"      daemon [_thread_blocked, id=73872, stack(0x000000a00e000000,0x000000a00e100000) (1024K)]
  0x0000023b512597a0 JavaThread "jar transforms"                    [_thread_blocked, id=52472, stack(0x000000a00e100000,0x000000a00e200000) (1024K)]
  0x0000023b512576d0 JavaThread "jar transforms Thread 2"           [_thread_blocked, id=60884, stack(0x000000a00e200000,0x000000a00e300000) (1024K)]
  0x0000023b51257040 JavaThread "jar transforms Thread 3"           [_thread_blocked, id=46068, stack(0x000000a00e300000,0x000000a00e400000) (1024K)]
  0x0000023b51258a80 JavaThread "jar transforms Thread 4"           [_thread_blocked, id=77088, stack(0x000000a00e400000,0x000000a00e500000) (1024K)]
  0x0000023b512583f0 JavaThread "jar transforms Thread 5"           [_thread_blocked, id=69256, stack(0x000000a00e500000,0x000000a00e600000) (1024K)]
  0x0000023b51259110 JavaThread "jar transforms Thread 6"           [_thread_blocked, id=62384, stack(0x000000a00e600000,0x000000a00e700000) (1024K)]
  0x0000023b4e5ff360 JavaThread "jar transforms Thread 7"           [_thread_blocked, id=62192, stack(0x000000a00e700000,0x000000a00e800000) (1024K)]
  0x0000023b4e5fe640 JavaThread "jar transforms Thread 8"           [_thread_blocked, id=45092, stack(0x000000a00e800000,0x000000a00e900000) (1024K)]
  0x0000023b4e600080 JavaThread "Cache worker for checksums cache (D:\RikkeiSoft\BaseProject\basemvvm-android\.gradle\8.4\checksums)"        [_thread_blocked, id=53344, stack(0x000000a00e900000,0x000000a00ea00000) (1024K)]
  0x0000023b4e600710 JavaThread "Cache worker for file hash cache (D:\RikkeiSoft\BaseProject\basemvvm-android\.gradle\8.4\fileHashes)"        [_thread_blocked, id=63964, stack(0x000000a00ea00000,0x000000a00eb00000) (1024K)]
  0x0000023b4e600da0 JavaThread "Cache worker for cache directory md-supplier (C:\Users\ThanhCong\.gradle\caches\8.4\md-supplier)"        [_thread_blocked, id=45252, stack(0x000000a00eb00000,0x000000a00ec00000) (1024K)]
  0x0000023b4e5fd920 JavaThread "Cache worker for file content cache (C:\Users\ThanhCong\.gradle\caches\8.4\fileContent)"        [_thread_blocked, id=52872, stack(0x000000a00ec00000,0x000000a00ed00000) (1024K)]
  0x0000023b4e601430 JavaThread "Cache worker for cache directory md-rule (C:\Users\ThanhCong\.gradle\caches\8.4\md-rule)"        [_thread_blocked, id=65492, stack(0x000000a00ed00000,0x000000a00ee00000) (1024K)]
  0x0000023b4e601ac0 JavaThread "Cache worker for execution history cache (C:\Users\ThanhCong\.gradle\caches\8.4\executionHistory)"        [_thread_blocked, id=50220, stack(0x000000a00ee00000,0x000000a00ef00000) (1024K)]
Total: 42

Other Threads:
=>0x0000023b477ec0d0 VMThread "VM Thread"                           [id=63920, stack(0x000000a00bd00000,0x000000a00be00000) (1024K)]
  0x0000023b478dba00 WatcherThread "VM Periodic Task Thread"        [id=51044, stack(0x000000a00bc00000,0x000000a00bd00000) (1024K)]
  0x0000023b30137280 WorkerThread "GC Thread#0"                     [id=76368, stack(0x000000a00b700000,0x000000a00b800000) (1024K)]
  0x0000023b4cba5b00 WorkerThread "GC Thread#1"                     [id=34676, stack(0x000000a00ca00000,0x000000a00cb00000) (1024K)]
  0x0000023b4cba5ea0 WorkerThread "GC Thread#2"                     [id=50864, stack(0x000000a00cb00000,0x000000a00cc00000) (1024K)]
  0x0000023b4cba6240 WorkerThread "GC Thread#3"                     [id=51648, stack(0x000000a00cc00000,0x000000a00cd00000) (1024K)]
  0x0000023b4cc75280 WorkerThread "GC Thread#4"                     [id=62532, stack(0x000000a00cd00000,0x000000a00ce00000) (1024K)]
  0x0000023b4c1fe870 WorkerThread "GC Thread#5"                     [id=11140, stack(0x000000a00ce00000,0x000000a00cf00000) (1024K)]
  0x0000023b4ccbed80 WorkerThread "GC Thread#6"                     [id=44984, stack(0x000000a00cf00000,0x000000a00d000000) (1024K)]
  0x0000023b4ccbf120 WorkerThread "GC Thread#7"                     [id=60056, stack(0x000000a00d000000,0x000000a00d100000) (1024K)]
  0x0000023b30148170 ConcurrentGCThread "G1 Main Marker"            [id=78720, stack(0x000000a00b800000,0x000000a00b900000) (1024K)]
  0x0000023b3014a160 WorkerThread "G1 Conc#0"                       [id=53960, stack(0x000000a00b900000,0x000000a00ba00000) (1024K)]
  0x0000023b4ccc0400 WorkerThread "G1 Conc#1"                       [id=46456, stack(0x000000a00db00000,0x000000a00dc00000) (1024K)]
  0x0000023b47750770 ConcurrentGCThread "G1 Refine#0"               [id=64096, stack(0x000000a00ba00000,0x000000a00bb00000) (1024K)]
  0x0000023b47750ba0 ConcurrentGCThread "G1 Service"                [id=53280, stack(0x000000a00bb00000,0x000000a00bc00000) (1024K)]
Total: 15

Threads with active compile tasks:
C2 CompilerThread0  9344 6891       4       java.lang.Integer::numberOfTrailingZeros (80 bytes)
C1 CompilerThread0  9344 6925   !   2       org.apache.groovy.parser.antlr4.GroovyParser::pathExpression (332 bytes)
C2 CompilerThread1  9344 6861 %     4       groovyjarjarantlr4.v4.runtime.atn.LexerATNSimulator::getReachableConfigSet @ 9 (198 bytes)
C2 CompilerThread2  9344 6895       4       java.util.BitSet::nextSetBit (102 bytes)
Total: 4

VM state: at safepoint (normal execution)

VM Mutex/Monitor currently owned by a thread:  ([mutex/lock_event])
[0x00007ffd5dc21468] Threads_lock - owner thread: 0x0000023b477ec0d0
[0x00007ffd5dc21568] Heap_lock - owner thread: 0x0000023b4dc7e570

Heap address: 0x0000000080000000, size: 2048 MB, Compressed Oops mode: 32-bit

CDS archive(s) not mapped
Compressed class space mapped at: 0x0000000100000000-0x0000000140000000, reserved size: 1073741824
Narrow klass base: 0x0000000000000000, Narrow klass shift: 3, Narrow klass range: 0x140000000

GC Precious Log:
 CardTable entry size: 512
 Card Set container configuration: InlinePtr #cards 5 size 8 Array Of Cards #cards 12 size 40 Howl #buckets 4 coarsen threshold 1843 Howl Bitmap #cards 512 size 80 coarsen threshold 460 Card regions per heap region 1 cards per card region 2048
 CPUs: 8 total, 8 available
 Memory: 24314M
 Large Page Support: Disabled
 NUMA Support: Disabled
 Compressed Oops: Enabled (32-bit)
 Heap Region Size: 1M
 Heap Min Capacity: 8M
 Heap Initial Capacity: 380M
 Heap Max Capacity: 2G
 Pre-touch: Disabled
 Parallel Workers: 8
 Concurrent Workers: 2
 Concurrent Refinement Workers: 8
 Periodic GC: Disabled

Heap:
 garbage-first heap   total 232448K, used 73752K [0x0000000080000000, 0x0000000100000000)
  region size 1024K, 8 young (8192K), 8 survivors (8192K)
 Metaspace       used 59055K, committed 60352K, reserved 1114112K
  class space    used 7957K, committed 8576K, reserved 1048576K

Heap Regions: E=young(eden), S=young(survivor), O=old, HS=humongous(starts), HC=humongous(continues), CS=collection set, F=free, TAMS=top-at-mark-start, PB=parsable bottom
|   0|0x0000000080000000, 0x0000000080100000, 0x0000000080100000|100%|HS|  |TAMS 0x0000000080000000| PB 0x0000000080000000| Complete 
|   1|0x0000000080100000, 0x0000000080200000, 0x0000000080200000|100%|HC|  |TAMS 0x0000000080100000| PB 0x0000000080100000| Complete 
|   2|0x0000000080200000, 0x0000000080300000, 0x0000000080300000|100%|HC|  |TAMS 0x0000000080200000| PB 0x0000000080200000| Complete 
|   3|0x0000000080300000, 0x0000000080400000, 0x0000000080400000|100%|HC|  |TAMS 0x0000000080300000| PB 0x0000000080300000| Complete 
|   4|0x0000000080400000, 0x0000000080500000, 0x0000000080500000|100%| O|  |TAMS 0x0000000080400000| PB 0x0000000080400000| Untracked 
|   5|0x0000000080500000, 0x0000000080600000, 0x0000000080600000|100%| O|  |TAMS 0x0000000080500000| PB 0x0000000080500000| Untracked 
|   6|0x0000000080600000, 0x0000000080700000, 0x0000000080700000|100%| O|  |TAMS 0x0000000080600000| PB 0x0000000080600000| Untracked 
|   7|0x0000000080700000, 0x0000000080800000, 0x0000000080800000|100%| O|  |TAMS 0x0000000080700000| PB 0x0000000080700000| Untracked 
|   8|0x0000000080800000, 0x0000000080900000, 0x0000000080900000|100%| O|  |TAMS 0x0000000080800000| PB 0x0000000080800000| Untracked 
|   9|0x0000000080900000, 0x0000000080a00000, 0x0000000080a00000|100%| O|  |TAMS 0x0000000080900000| PB 0x0000000080900000| Untracked 
|  10|0x0000000080a00000, 0x0000000080b00000, 0x0000000080b00000|100%| O|  |TAMS 0x0000000080a00000| PB 0x0000000080a00000| Untracked 
|  11|0x0000000080b00000, 0x0000000080c00000, 0x0000000080c00000|100%|HS|  |TAMS 0x0000000080b00000| PB 0x0000000080b00000| Complete 
|  12|0x0000000080c00000, 0x0000000080d00000, 0x0000000080d00000|100%| O|  |TAMS 0x0000000080c00000| PB 0x0000000080c00000| Untracked 
|  13|0x0000000080d00000, 0x0000000080e00000, 0x0000000080e00000|100%| O|  |TAMS 0x0000000080d00000| PB 0x0000000080d00000| Untracked 
|  14|0x0000000080e00000, 0x0000000080f00000, 0x0000000080f00000|100%| O|  |TAMS 0x0000000080e00000| PB 0x0000000080e00000| Untracked 
|  15|0x0000000080f00000, 0x0000000081000000, 0x0000000081000000|100%| O|  |TAMS 0x0000000080f00000| PB 0x0000000080f00000| Untracked 
|  16|0x0000000081000000, 0x0000000081100000, 0x0000000081100000|100%| O|  |TAMS 0x0000000081000000| PB 0x0000000081000000| Untracked 
|  17|0x0000000081100000, 0x0000000081200000, 0x0000000081200000|100%| O|  |TAMS 0x0000000081100000| PB 0x0000000081100000| Untracked 
|  18|0x0000000081200000, 0x0000000081300000, 0x0000000081300000|100%| O|  |TAMS 0x0000000081200000| PB 0x0000000081200000| Untracked 
|  19|0x0000000081300000, 0x0000000081400000, 0x0000000081400000|100%| O|  |TAMS 0x0000000081300000| PB 0x0000000081300000| Untracked 
|  20|0x0000000081400000, 0x0000000081500000, 0x0000000081500000|100%|HS|  |TAMS 0x0000000081400000| PB 0x0000000081400000| Complete 
|  21|0x0000000081500000, 0x0000000081600000, 0x0000000081600000|100%|HC|  |TAMS 0x0000000081500000| PB 0x0000000081500000| Complete 
|  22|0x0000000081600000, 0x0000000081700000, 0x0000000081700000|100%|HC|  |TAMS 0x0000000081600000| PB 0x0000000081600000| Complete 
|  23|0x0000000081700000, 0x0000000081800000, 0x0000000081800000|100%|HC|  |TAMS 0x0000000081700000| PB 0x0000000081700000| Complete 
|  24|0x0000000081800000, 0x0000000081900000, 0x0000000081900000|100%|HC|  |TAMS 0x0000000081800000| PB 0x0000000081800000| Complete 
|  25|0x0000000081900000, 0x0000000081a00000, 0x0000000081a00000|100%|HC|  |TAMS 0x0000000081900000| PB 0x0000000081900000| Complete 
|  26|0x0000000081a00000, 0x0000000081b00000, 0x0000000081b00000|100%|HS|  |TAMS 0x0000000081a00000| PB 0x0000000081a00000| Complete 
|  27|0x0000000081b00000, 0x0000000081c00000, 0x0000000081c00000|100%|HC|  |TAMS 0x0000000081b00000| PB 0x0000000081b00000| Complete 
|  28|0x0000000081c00000, 0x0000000081d00000, 0x0000000081d00000|100%|HC|  |TAMS 0x0000000081c00000| PB 0x0000000081c00000| Complete 
|  29|0x0000000081d00000, 0x0000000081e00000, 0x0000000081e00000|100%|HC|  |TAMS 0x0000000081d00000| PB 0x0000000081d00000| Complete 
|  30|0x0000000081e00000, 0x0000000081f00000, 0x0000000081f00000|100%| O|  |TAMS 0x0000000081e00000| PB 0x0000000081e00000| Untracked 
|  31|0x0000000081f00000, 0x0000000082000000, 0x0000000082000000|100%|HS|  |TAMS 0x0000000081f00000| PB 0x0000000081f00000| Complete 
|  32|0x0000000082000000, 0x0000000082100000, 0x0000000082100000|100%|HC|  |TAMS 0x0000000082000000| PB 0x0000000082000000| Complete 
|  33|0x0000000082100000, 0x0000000082200000, 0x0000000082200000|100%|HS|  |TAMS 0x0000000082100000| PB 0x0000000082100000| Complete 
|  34|0x0000000082200000, 0x0000000082300000, 0x0000000082300000|100%|HS|  |TAMS 0x0000000082200000| PB 0x0000000082200000| Complete 
|  35|0x0000000082300000, 0x0000000082400000, 0x0000000082400000|100%| O|  |TAMS 0x0000000082300000| PB 0x0000000082300000| Untracked 
|  36|0x0000000082400000, 0x0000000082500000, 0x0000000082500000|100%|HS|  |TAMS 0x0000000082400000| PB 0x0000000082400000| Complete 
|  37|0x0000000082500000, 0x0000000082600000, 0x0000000082600000|100%|HC|  |TAMS 0x0000000082500000| PB 0x0000000082500000| Complete 
|  38|0x0000000082600000, 0x0000000082700000, 0x0000000082700000|100%|HC|  |TAMS 0x0000000082600000| PB 0x0000000082600000| Complete 
|  39|0x0000000082700000, 0x0000000082800000, 0x0000000082800000|100%|HC|  |TAMS 0x0000000082700000| PB 0x0000000082700000| Complete 
|  40|0x0000000082800000, 0x0000000082900000, 0x0000000082900000|100%|HC|  |TAMS 0x0000000082800000| PB 0x0000000082800000| Complete 
|  41|0x0000000082900000, 0x0000000082a00000, 0x0000000082a00000|100%|HC|  |TAMS 0x0000000082900000| PB 0x0000000082900000| Complete 
|  42|0x0000000082a00000, 0x0000000082b00000, 0x0000000082b00000|100%|HS|  |TAMS 0x0000000082a00000| PB 0x0000000082a00000| Complete 
|  43|0x0000000082b00000, 0x0000000082c00000, 0x0000000082c00000|100%|HC|  |TAMS 0x0000000082b00000| PB 0x0000000082b00000| Complete 
|  44|0x0000000082c00000, 0x0000000082d00000, 0x0000000082d00000|100%|HC|  |TAMS 0x0000000082c00000| PB 0x0000000082c00000| Complete 
|  45|0x0000000082d00000, 0x0000000082e00000, 0x0000000082e00000|100%|HC|  |TAMS 0x0000000082d00000| PB 0x0000000082d00000| Complete 
|  46|0x0000000082e00000, 0x0000000082f00000, 0x0000000082f00000|100%|HS|  |TAMS 0x0000000082e00000| PB 0x0000000082e00000| Complete 
|  47|0x0000000082f00000, 0x0000000083000000, 0x0000000083000000|100%|HC|  |TAMS 0x0000000082f00000| PB 0x0000000082f00000| Complete 
|  48|0x0000000083000000, 0x0000000083100000, 0x0000000083100000|100%|HS|  |TAMS 0x0000000083000000| PB 0x0000000083000000| Complete 
|  49|0x0000000083100000, 0x0000000083200000, 0x0000000083200000|100%| O|  |TAMS 0x0000000083100000| PB 0x0000000083100000| Untracked 
|  50|0x0000000083200000, 0x0000000083300000, 0x0000000083300000|100%| O|  |TAMS 0x0000000083200000| PB 0x0000000083200000| Untracked 
|  51|0x0000000083300000, 0x0000000083400000, 0x0000000083400000|100%| O|  |TAMS 0x0000000083300000| PB 0x0000000083300000| Untracked 
|  52|0x0000000083400000, 0x0000000083500000, 0x0000000083500000|100%| O|  |TAMS 0x0000000083400000| PB 0x0000000083400000| Untracked 
|  53|0x0000000083500000, 0x0000000083600000, 0x0000000083600000|100%| O|  |TAMS 0x0000000083500000| PB 0x0000000083500000| Untracked 
|  54|0x0000000083600000, 0x0000000083700000, 0x0000000083700000|100%| O|  |TAMS 0x0000000083600000| PB 0x0000000083600000| Untracked 
|  55|0x0000000083700000, 0x0000000083800000, 0x0000000083800000|100%| O|  |TAMS 0x0000000083700000| PB 0x0000000083700000| Untracked 
|  56|0x0000000083800000, 0x0000000083900000, 0x0000000083900000|100%| O|  |TAMS 0x0000000083800000| PB 0x0000000083800000| Untracked 
|  57|0x0000000083900000, 0x0000000083a00000, 0x0000000083a00000|100%| O|  |TAMS 0x0000000083900000| PB 0x0000000083900000| Untracked 
|  58|0x0000000083a00000, 0x0000000083b00000, 0x0000000083b00000|100%| O|  |TAMS 0x0000000083a00000| PB 0x0000000083a00000| Untracked 
|  59|0x0000000083b00000, 0x0000000083b30600, 0x0000000083c00000| 18%| O|Cm|TAMS 0x0000000083b00000| PB 0x0000000083b00000| Complete 
|  60|0x0000000083c00000, 0x0000000083c00000, 0x0000000083d00000|  0%| F|  |TAMS 0x0000000083c00000| PB 0x0000000083c00000| Untracked 
|  61|0x0000000083d00000, 0x0000000083d00000, 0x0000000083e00000|  0%| F|  |TAMS 0x0000000083d00000| PB 0x0000000083d00000| Untracked 
|  62|0x0000000083e00000, 0x0000000083e00000, 0x0000000083f00000|  0%| F|  |TAMS 0x0000000083e00000| PB 0x0000000083e00000| Untracked 
|  63|0x0000000083f00000, 0x0000000083f00000, 0x0000000084000000|  0%| F|  |TAMS 0x0000000083f00000| PB 0x0000000083f00000| Untracked 
|  64|0x0000000084000000, 0x0000000084000000, 0x0000000084100000|  0%| F|  |TAMS 0x0000000084000000| PB 0x0000000084000000| Untracked 
|  65|0x0000000084100000, 0x0000000084100000, 0x0000000084200000|  0%| F|  |TAMS 0x0000000084100000| PB 0x0000000084100000| Untracked 
|  66|0x0000000084200000, 0x0000000084200000, 0x0000000084300000|  0%| F|  |TAMS 0x0000000084200000| PB 0x0000000084200000| Untracked 
|  67|0x0000000084300000, 0x0000000084300000, 0x0000000084400000|  0%| F|  |TAMS 0x0000000084300000| PB 0x0000000084300000| Untracked 
|  68|0x0000000084400000, 0x0000000084400000, 0x0000000084500000|  0%| F|  |TAMS 0x0000000084400000| PB 0x0000000084400000| Untracked 
|  69|0x0000000084500000, 0x0000000084500000, 0x0000000084600000|  0%| F|  |TAMS 0x0000000084500000| PB 0x0000000084500000| Untracked 
|  70|0x0000000084600000, 0x0000000084600000, 0x0000000084700000|  0%| F|  |TAMS 0x0000000084600000| PB 0x0000000084600000| Untracked 
|  71|0x0000000084700000, 0x0000000084700000, 0x0000000084800000|  0%| F|  |TAMS 0x0000000084700000| PB 0x0000000084700000| Untracked 
|  72|0x0000000084800000, 0x0000000084800000, 0x0000000084900000|  0%| F|  |TAMS 0x0000000084800000| PB 0x0000000084800000| Untracked 
|  73|0x0000000084900000, 0x0000000084900000, 0x0000000084a00000|  0%| F|  |TAMS 0x0000000084900000| PB 0x0000000084900000| Untracked 
|  74|0x0000000084a00000, 0x0000000084a00000, 0x0000000084b00000|  0%| F|  |TAMS 0x0000000084a00000| PB 0x0000000084a00000| Untracked 
|  75|0x0000000084b00000, 0x0000000084b00000, 0x0000000084c00000|  0%| F|  |TAMS 0x0000000084b00000| PB 0x0000000084b00000| Untracked 
|  76|0x0000000084c00000, 0x0000000084c00000, 0x0000000084d00000|  0%| F|  |TAMS 0x0000000084c00000| PB 0x0000000084c00000| Untracked 
|  77|0x0000000084d00000, 0x0000000084d00000, 0x0000000084e00000|  0%| F|  |TAMS 0x0000000084d00000| PB 0x0000000084d00000| Untracked 
|  78|0x0000000084e00000, 0x0000000084ed5a70, 0x0000000084f00000| 83%| S|CS|TAMS 0x0000000084e00000| PB 0x0000000084e00000| Complete 
|  79|0x0000000084f00000, 0x0000000085000000, 0x0000000085000000|100%| S|CS|TAMS 0x0000000084f00000| PB 0x0000000084f00000| Complete 
|  80|0x0000000085000000, 0x0000000085100000, 0x0000000085100000|100%| S|CS|TAMS 0x0000000085000000| PB 0x0000000085000000| Complete 
|  81|0x0000000085100000, 0x0000000085200000, 0x0000000085200000|100%| S|CS|TAMS 0x0000000085100000| PB 0x0000000085100000| Complete 
|  82|0x0000000085200000, 0x0000000085300000, 0x0000000085300000|100%| S|CS|TAMS 0x0000000085200000| PB 0x0000000085200000| Complete 
|  83|0x0000000085300000, 0x0000000085400000, 0x0000000085400000|100%| S|CS|TAMS 0x0000000085300000| PB 0x0000000085300000| Complete 
|  84|0x0000000085400000, 0x0000000085500000, 0x0000000085500000|100%| S|CS|TAMS 0x0000000085400000| PB 0x0000000085400000| Complete 
|  85|0x0000000085500000, 0x0000000085600000, 0x0000000085600000|100%| S|CS|TAMS 0x0000000085500000| PB 0x0000000085500000| Complete 
|  86|0x0000000085600000, 0x0000000085600000, 0x0000000085700000|  0%| F|  |TAMS 0x0000000085600000| PB 0x0000000085600000| Untracked 
|  87|0x0000000085700000, 0x0000000085700000, 0x0000000085800000|  0%| F|  |TAMS 0x0000000085700000| PB 0x0000000085700000| Untracked 
|  88|0x0000000085800000, 0x0000000085800000, 0x0000000085900000|  0%| F|  |TAMS 0x0000000085800000| PB 0x0000000085800000| Untracked 
|  89|0x0000000085900000, 0x0000000085900000, 0x0000000085a00000|  0%| F|  |TAMS 0x0000000085900000| PB 0x0000000085900000| Untracked 
|  90|0x0000000085a00000, 0x0000000085a00000, 0x0000000085b00000|  0%| F|  |TAMS 0x0000000085a00000| PB 0x0000000085a00000| Untracked 
|  91|0x0000000085b00000, 0x0000000085b00000, 0x0000000085c00000|  0%| F|  |TAMS 0x0000000085b00000| PB 0x0000000085b00000| Untracked 
|  92|0x0000000085c00000, 0x0000000085c00000, 0x0000000085d00000|  0%| F|  |TAMS 0x0000000085c00000| PB 0x0000000085c00000| Untracked 
|  93|0x0000000085d00000, 0x0000000085d00000, 0x0000000085e00000|  0%| F|  |TAMS 0x0000000085d00000| PB 0x0000000085d00000| Untracked 
|  94|0x0000000085e00000, 0x0000000085e00000, 0x0000000085f00000|  0%| F|  |TAMS 0x0000000085e00000| PB 0x0000000085e00000| Untracked 
|  95|0x0000000085f00000, 0x0000000085f00000, 0x0000000086000000|  0%| F|  |TAMS 0x0000000085f00000| PB 0x0000000085f00000| Untracked 
|  96|0x0000000086000000, 0x0000000086000000, 0x0000000086100000|  0%| F|  |TAMS 0x0000000086000000| PB 0x0000000086000000| Untracked 
|  97|0x0000000086100000, 0x0000000086100000, 0x0000000086200000|  0%| F|  |TAMS 0x0000000086100000| PB 0x0000000086100000| Untracked 
|  98|0x0000000086200000, 0x0000000086200000, 0x0000000086300000|  0%| F|  |TAMS 0x0000000086200000| PB 0x0000000086200000| Untracked 
|  99|0x0000000086300000, 0x0000000086300000, 0x0000000086400000|  0%| F|  |TAMS 0x0000000086300000| PB 0x0000000086300000| Untracked 
| 100|0x0000000086400000, 0x0000000086400000, 0x0000000086500000|  0%| F|  |TAMS 0x0000000086400000| PB 0x0000000086400000| Untracked 
| 101|0x0000000086500000, 0x0000000086500000, 0x0000000086600000|  0%| F|  |TAMS 0x0000000086500000| PB 0x0000000086500000| Untracked 
| 102|0x0000000086600000, 0x0000000086600000, 0x0000000086700000|  0%| F|  |TAMS 0x0000000086600000| PB 0x0000000086600000| Untracked 
| 103|0x0000000086700000, 0x0000000086700000, 0x0000000086800000|  0%| F|  |TAMS 0x0000000086700000| PB 0x0000000086700000| Untracked 
| 104|0x0000000086800000, 0x0000000086800000, 0x0000000086900000|  0%| F|  |TAMS 0x0000000086800000| PB 0x0000000086800000| Untracked 
| 105|0x0000000086900000, 0x0000000086900000, 0x0000000086a00000|  0%| F|  |TAMS 0x0000000086900000| PB 0x0000000086900000| Untracked 
| 106|0x0000000086a00000, 0x0000000086a00000, 0x0000000086b00000|  0%| F|  |TAMS 0x0000000086a00000| PB 0x0000000086a00000| Untracked 
| 107|0x0000000086b00000, 0x0000000086b00000, 0x0000000086c00000|  0%| F|  |TAMS 0x0000000086b00000| PB 0x0000000086b00000| Untracked 
| 108|0x0000000086c00000, 0x0000000086c00000, 0x0000000086d00000|  0%| F|  |TAMS 0x0000000086c00000| PB 0x0000000086c00000| Untracked 
| 109|0x0000000086d00000, 0x0000000086d00000, 0x0000000086e00000|  0%| F|  |TAMS 0x0000000086d00000| PB 0x0000000086d00000| Untracked 
| 110|0x0000000086e00000, 0x0000000086e00000, 0x0000000086f00000|  0%| F|  |TAMS 0x0000000086e00000| PB 0x0000000086e00000| Untracked 
| 111|0x0000000086f00000, 0x0000000086f00000, 0x0000000087000000|  0%| F|  |TAMS 0x0000000086f00000| PB 0x0000000086f00000| Untracked 
| 112|0x0000000087000000, 0x0000000087000000, 0x0000000087100000|  0%| F|  |TAMS 0x0000000087000000| PB 0x0000000087000000| Untracked 
| 113|0x0000000087100000, 0x0000000087100000, 0x0000000087200000|  0%| F|  |TAMS 0x0000000087100000| PB 0x0000000087100000| Untracked 
| 114|0x0000000087200000, 0x0000000087200000, 0x0000000087300000|  0%| F|  |TAMS 0x0000000087200000| PB 0x0000000087200000| Untracked 
| 115|0x0000000087300000, 0x0000000087300000, 0x0000000087400000|  0%| F|  |TAMS 0x0000000087300000| PB 0x0000000087300000| Untracked 
| 116|0x0000000087400000, 0x0000000087400000, 0x0000000087500000|  0%| F|  |TAMS 0x0000000087400000| PB 0x0000000087400000| Untracked 
| 117|0x0000000087500000, 0x0000000087500000, 0x0000000087600000|  0%| F|  |TAMS 0x0000000087500000| PB 0x0000000087500000| Untracked 
| 118|0x0000000087600000, 0x0000000087600000, 0x0000000087700000|  0%| F|  |TAMS 0x0000000087600000| PB 0x0000000087600000| Untracked 
| 119|0x0000000087700000, 0x0000000087700000, 0x0000000087800000|  0%| F|  |TAMS 0x0000000087700000| PB 0x0000000087700000| Untracked 
| 120|0x0000000087800000, 0x0000000087800000, 0x0000000087900000|  0%| F|  |TAMS 0x0000000087800000| PB 0x0000000087800000| Untracked 
| 121|0x0000000087900000, 0x0000000087900000, 0x0000000087a00000|  0%| F|  |TAMS 0x0000000087900000| PB 0x0000000087900000| Untracked 
| 122|0x0000000087a00000, 0x0000000087a00000, 0x0000000087b00000|  0%| F|  |TAMS 0x0000000087a00000| PB 0x0000000087a00000| Untracked 
| 123|0x0000000087b00000, 0x0000000087b00000, 0x0000000087c00000|  0%| F|  |TAMS 0x0000000087b00000| PB 0x0000000087b00000| Untracked 
| 124|0x0000000087c00000, 0x0000000087c00000, 0x0000000087d00000|  0%| F|  |TAMS 0x0000000087c00000| PB 0x0000000087c00000| Untracked 
| 125|0x0000000087d00000, 0x0000000087d00000, 0x0000000087e00000|  0%| F|  |TAMS 0x0000000087d00000| PB 0x0000000087d00000| Untracked 
| 126|0x0000000087e00000, 0x0000000087e00000, 0x0000000087f00000|  0%| F|  |TAMS 0x0000000087e00000| PB 0x0000000087e00000| Untracked 
| 127|0x0000000087f00000, 0x0000000087f00000, 0x0000000088000000|  0%| F|  |TAMS 0x0000000087f00000| PB 0x0000000087f00000| Untracked 
| 128|0x0000000088000000, 0x0000000088000000, 0x0000000088100000|  0%| F|  |TAMS 0x0000000088000000| PB 0x0000000088000000| Untracked 
| 129|0x0000000088100000, 0x0000000088100000, 0x0000000088200000|  0%| F|  |TAMS 0x0000000088100000| PB 0x0000000088100000| Untracked 
| 130|0x0000000088200000, 0x0000000088200000, 0x0000000088300000|  0%| F|  |TAMS 0x0000000088200000| PB 0x0000000088200000| Untracked 
| 131|0x0000000088300000, 0x0000000088300000, 0x0000000088400000|  0%| F|  |TAMS 0x0000000088300000| PB 0x0000000088300000| Untracked 
| 132|0x0000000088400000, 0x0000000088400000, 0x0000000088500000|  0%| F|  |TAMS 0x0000000088400000| PB 0x0000000088400000| Untracked 
| 133|0x0000000088500000, 0x0000000088500000, 0x0000000088600000|  0%| F|  |TAMS 0x0000000088500000| PB 0x0000000088500000| Untracked 
| 134|0x0000000088600000, 0x0000000088600000, 0x0000000088700000|  0%| F|  |TAMS 0x0000000088600000| PB 0x0000000088600000| Untracked 
| 135|0x0000000088700000, 0x0000000088700000, 0x0000000088800000|  0%| F|  |TAMS 0x0000000088700000| PB 0x0000000088700000| Untracked 
| 136|0x0000000088800000, 0x0000000088800000, 0x0000000088900000|  0%| F|  |TAMS 0x0000000088800000| PB 0x0000000088800000| Untracked 
| 137|0x0000000088900000, 0x0000000088900000, 0x0000000088a00000|  0%| F|  |TAMS 0x0000000088900000| PB 0x0000000088900000| Untracked 
| 138|0x0000000088a00000, 0x0000000088a00000, 0x0000000088b00000|  0%| F|  |TAMS 0x0000000088a00000| PB 0x0000000088a00000| Untracked 
| 139|0x0000000088b00000, 0x0000000088b00000, 0x0000000088c00000|  0%| F|  |TAMS 0x0000000088b00000| PB 0x0000000088b00000| Untracked 
| 140|0x0000000088c00000, 0x0000000088c00000, 0x0000000088d00000|  0%| F|  |TAMS 0x0000000088c00000| PB 0x0000000088c00000| Untracked 
| 141|0x0000000088d00000, 0x0000000088d00000, 0x0000000088e00000|  0%| F|  |TAMS 0x0000000088d00000| PB 0x0000000088d00000| Untracked 
| 142|0x0000000088e00000, 0x0000000088e00000, 0x0000000088f00000|  0%| F|  |TAMS 0x0000000088e00000| PB 0x0000000088e00000| Untracked 
| 143|0x0000000088f00000, 0x0000000088f00000, 0x0000000089000000|  0%| F|  |TAMS 0x0000000088f00000| PB 0x0000000088f00000| Untracked 
| 144|0x0000000089000000, 0x0000000089000000, 0x0000000089100000|  0%| F|  |TAMS 0x0000000089000000| PB 0x0000000089000000| Untracked 
| 145|0x0000000089100000, 0x0000000089100000, 0x0000000089200000|  0%| F|  |TAMS 0x0000000089100000| PB 0x0000000089100000| Untracked 
| 146|0x0000000089200000, 0x0000000089200000, 0x0000000089300000|  0%| F|  |TAMS 0x0000000089200000| PB 0x0000000089200000| Untracked 
| 147|0x0000000089300000, 0x0000000089300000, 0x0000000089400000|  0%| F|  |TAMS 0x0000000089300000| PB 0x0000000089300000| Untracked 
| 148|0x0000000089400000, 0x0000000089400000, 0x0000000089500000|  0%| F|  |TAMS 0x0000000089400000| PB 0x0000000089400000| Untracked 
| 149|0x0000000089500000, 0x0000000089500000, 0x0000000089600000|  0%| F|  |TAMS 0x0000000089500000| PB 0x0000000089500000| Untracked 
| 150|0x0000000089600000, 0x0000000089600000, 0x0000000089700000|  0%| F|  |TAMS 0x0000000089600000| PB 0x0000000089600000| Untracked 
| 151|0x0000000089700000, 0x0000000089700000, 0x0000000089800000|  0%| F|  |TAMS 0x0000000089700000| PB 0x0000000089700000| Untracked 
| 152|0x0000000089800000, 0x0000000089800000, 0x0000000089900000|  0%| F|  |TAMS 0x0000000089800000| PB 0x0000000089800000| Untracked 
| 153|0x0000000089900000, 0x0000000089900000, 0x0000000089a00000|  0%| F|  |TAMS 0x0000000089900000| PB 0x0000000089900000| Untracked 
| 154|0x0000000089a00000, 0x0000000089a00000, 0x0000000089b00000|  0%| F|  |TAMS 0x0000000089a00000| PB 0x0000000089a00000| Untracked 
| 155|0x0000000089b00000, 0x0000000089b00000, 0x0000000089c00000|  0%| F|  |TAMS 0x0000000089b00000| PB 0x0000000089b00000| Untracked 
| 156|0x0000000089c00000, 0x0000000089c00000, 0x0000000089d00000|  0%| F|  |TAMS 0x0000000089c00000| PB 0x0000000089c00000| Untracked 
| 157|0x0000000089d00000, 0x0000000089d00000, 0x0000000089e00000|  0%| F|  |TAMS 0x0000000089d00000| PB 0x0000000089d00000| Untracked 
| 158|0x0000000089e00000, 0x0000000089e00000, 0x0000000089f00000|  0%| F|  |TAMS 0x0000000089e00000| PB 0x0000000089e00000| Untracked 
| 159|0x0000000089f00000, 0x0000000089f00000, 0x000000008a000000|  0%| F|  |TAMS 0x0000000089f00000| PB 0x0000000089f00000| Untracked 
| 160|0x000000008a000000, 0x000000008a000000, 0x000000008a100000|  0%| F|  |TAMS 0x000000008a000000| PB 0x000000008a000000| Untracked 
| 161|0x000000008a100000, 0x000000008a100000, 0x000000008a200000|  0%| F|  |TAMS 0x000000008a100000| PB 0x000000008a100000| Untracked 
| 162|0x000000008a200000, 0x000000008a200000, 0x000000008a300000|  0%| F|  |TAMS 0x000000008a200000| PB 0x000000008a200000| Untracked 
| 163|0x000000008a300000, 0x000000008a300000, 0x000000008a400000|  0%| F|  |TAMS 0x000000008a300000| PB 0x000000008a300000| Untracked 
| 164|0x000000008a400000, 0x000000008a400000, 0x000000008a500000|  0%| F|  |TAMS 0x000000008a400000| PB 0x000000008a400000| Untracked 
| 165|0x000000008a500000, 0x000000008a500000, 0x000000008a600000|  0%| F|  |TAMS 0x000000008a500000| PB 0x000000008a500000| Untracked 
| 166|0x000000008a600000, 0x000000008a600000, 0x000000008a700000|  0%| F|  |TAMS 0x000000008a600000| PB 0x000000008a600000| Untracked 
| 167|0x000000008a700000, 0x000000008a700000, 0x000000008a800000|  0%| F|  |TAMS 0x000000008a700000| PB 0x000000008a700000| Untracked 
| 168|0x000000008a800000, 0x000000008a800000, 0x000000008a900000|  0%| F|  |TAMS 0x000000008a800000| PB 0x000000008a800000| Untracked 
| 169|0x000000008a900000, 0x000000008a900000, 0x000000008aa00000|  0%| F|  |TAMS 0x000000008a900000| PB 0x000000008a900000| Untracked 
| 170|0x000000008aa00000, 0x000000008aa00000, 0x000000008ab00000|  0%| F|  |TAMS 0x000000008aa00000| PB 0x000000008aa00000| Untracked 
| 171|0x000000008ab00000, 0x000000008ab00000, 0x000000008ac00000|  0%| F|  |TAMS 0x000000008ab00000| PB 0x000000008ab00000| Untracked 
| 172|0x000000008ac00000, 0x000000008ac00000, 0x000000008ad00000|  0%| F|  |TAMS 0x000000008ac00000| PB 0x000000008ac00000| Untracked 
| 173|0x000000008ad00000, 0x000000008ad00000, 0x000000008ae00000|  0%| F|  |TAMS 0x000000008ad00000| PB 0x000000008ad00000| Untracked 
| 174|0x000000008ae00000, 0x000000008ae00000, 0x000000008af00000|  0%| F|  |TAMS 0x000000008ae00000| PB 0x000000008ae00000| Untracked 
| 175|0x000000008af00000, 0x000000008af00000, 0x000000008b000000|  0%| F|  |TAMS 0x000000008af00000| PB 0x000000008af00000| Untracked 
| 176|0x000000008b000000, 0x000000008b000000, 0x000000008b100000|  0%| F|  |TAMS 0x000000008b000000| PB 0x000000008b000000| Untracked 
| 177|0x000000008b100000, 0x000000008b100000, 0x000000008b200000|  0%| F|  |TAMS 0x000000008b100000| PB 0x000000008b100000| Untracked 
| 178|0x000000008b200000, 0x000000008b200000, 0x000000008b300000|  0%| F|  |TAMS 0x000000008b200000| PB 0x000000008b200000| Untracked 
| 179|0x000000008b300000, 0x000000008b300000, 0x000000008b400000|  0%| F|  |TAMS 0x000000008b300000| PB 0x000000008b300000| Untracked 
| 180|0x000000008b400000, 0x000000008b400000, 0x000000008b500000|  0%| F|  |TAMS 0x000000008b400000| PB 0x000000008b400000| Untracked 
| 181|0x000000008b500000, 0x000000008b500000, 0x000000008b600000|  0%| F|  |TAMS 0x000000008b500000| PB 0x000000008b500000| Untracked 
| 182|0x000000008b600000, 0x000000008b600000, 0x000000008b700000|  0%| F|  |TAMS 0x000000008b600000| PB 0x000000008b600000| Untracked 
| 183|0x000000008b700000, 0x000000008b700000, 0x000000008b800000|  0%| F|  |TAMS 0x000000008b700000| PB 0x000000008b700000| Untracked 
| 184|0x000000008b800000, 0x000000008b800000, 0x000000008b900000|  0%| F|  |TAMS 0x000000008b800000| PB 0x000000008b800000| Untracked 
| 185|0x000000008b900000, 0x000000008b900000, 0x000000008ba00000|  0%| F|  |TAMS 0x000000008b900000| PB 0x000000008b900000| Untracked 
| 186|0x000000008ba00000, 0x000000008ba00000, 0x000000008bb00000|  0%| F|  |TAMS 0x000000008ba00000| PB 0x000000008ba00000| Untracked 
| 187|0x000000008bb00000, 0x000000008bb00000, 0x000000008bc00000|  0%| F|  |TAMS 0x000000008bb00000| PB 0x000000008bb00000| Untracked 
| 188|0x000000008bc00000, 0x000000008bc00000, 0x000000008bd00000|  0%| F|  |TAMS 0x000000008bc00000| PB 0x000000008bc00000| Untracked 
| 189|0x000000008bd00000, 0x000000008bd00000, 0x000000008be00000|  0%| F|  |TAMS 0x000000008bd00000| PB 0x000000008bd00000| Untracked 
| 190|0x000000008be00000, 0x000000008be00000, 0x000000008bf00000|  0%| F|  |TAMS 0x000000008be00000| PB 0x000000008be00000| Untracked 
| 191|0x000000008bf00000, 0x000000008bf00000, 0x000000008c000000|  0%| F|  |TAMS 0x000000008bf00000| PB 0x000000008bf00000| Untracked 
| 192|0x000000008c000000, 0x000000008c000000, 0x000000008c100000|  0%| F|  |TAMS 0x000000008c000000| PB 0x000000008c000000| Untracked 
| 193|0x000000008c100000, 0x000000008c100000, 0x000000008c200000|  0%| F|  |TAMS 0x000000008c100000| PB 0x000000008c100000| Untracked 
| 194|0x000000008c200000, 0x000000008c200000, 0x000000008c300000|  0%| F|  |TAMS 0x000000008c200000| PB 0x000000008c200000| Untracked 
| 195|0x000000008c300000, 0x000000008c300000, 0x000000008c400000|  0%| F|  |TAMS 0x000000008c300000| PB 0x000000008c300000| Untracked 
| 196|0x000000008c400000, 0x000000008c400000, 0x000000008c500000|  0%| F|  |TAMS 0x000000008c400000| PB 0x000000008c400000| Untracked 
| 197|0x000000008c500000, 0x000000008c500000, 0x000000008c600000|  0%| F|  |TAMS 0x000000008c500000| PB 0x000000008c500000| Untracked 
| 198|0x000000008c600000, 0x000000008c600000, 0x000000008c700000|  0%| F|  |TAMS 0x000000008c600000| PB 0x000000008c600000| Untracked 
| 199|0x000000008c700000, 0x000000008c700000, 0x000000008c800000|  0%| F|  |TAMS 0x000000008c700000| PB 0x000000008c700000| Untracked 
| 200|0x000000008c800000, 0x000000008c800000, 0x000000008c900000|  0%| F|  |TAMS 0x000000008c800000| PB 0x000000008c800000| Untracked 
| 201|0x000000008c900000, 0x000000008c900000, 0x000000008ca00000|  0%| F|  |TAMS 0x000000008c900000| PB 0x000000008c900000| Untracked 
| 202|0x000000008ca00000, 0x000000008ca00000, 0x000000008cb00000|  0%| F|  |TAMS 0x000000008ca00000| PB 0x000000008ca00000| Untracked 
| 203|0x000000008cb00000, 0x000000008cb00000, 0x000000008cc00000|  0%| F|  |TAMS 0x000000008cb00000| PB 0x000000008cb00000| Untracked 
| 204|0x000000008cc00000, 0x000000008cc00000, 0x000000008cd00000|  0%| F|  |TAMS 0x000000008cc00000| PB 0x000000008cc00000| Untracked 
| 205|0x000000008cd00000, 0x000000008cd00000, 0x000000008ce00000|  0%| F|  |TAMS 0x000000008cd00000| PB 0x000000008cd00000| Untracked 
| 206|0x000000008ce00000, 0x000000008ce00000, 0x000000008cf00000|  0%| F|  |TAMS 0x000000008ce00000| PB 0x000000008ce00000| Untracked 
| 207|0x000000008cf00000, 0x000000008cf00000, 0x000000008d000000|  0%| F|  |TAMS 0x000000008cf00000| PB 0x000000008cf00000| Untracked 
| 208|0x000000008d000000, 0x000000008d000000, 0x000000008d100000|  0%| F|  |TAMS 0x000000008d000000| PB 0x000000008d000000| Untracked 
| 209|0x000000008d100000, 0x000000008d100000, 0x000000008d200000|  0%| F|  |TAMS 0x000000008d100000| PB 0x000000008d100000| Untracked 
| 210|0x000000008d200000, 0x000000008d200000, 0x000000008d300000|  0%| F|  |TAMS 0x000000008d200000| PB 0x000000008d200000| Untracked 
| 211|0x000000008d300000, 0x000000008d300000, 0x000000008d400000|  0%| F|  |TAMS 0x000000008d300000| PB 0x000000008d300000| Untracked 
| 212|0x000000008d400000, 0x000000008d400000, 0x000000008d500000|  0%| F|  |TAMS 0x000000008d400000| PB 0x000000008d400000| Untracked 
| 330|0x0000000094a00000, 0x0000000094a00000, 0x0000000094b00000|  0%| F|  |TAMS 0x0000000094a00000| PB 0x0000000094a00000| Untracked 
| 331|0x0000000094b00000, 0x0000000094b00000, 0x0000000094c00000|  0%| F|  |TAMS 0x0000000094b00000| PB 0x0000000094b00000| Untracked 
| 332|0x0000000094c00000, 0x0000000094c00000, 0x0000000094d00000|  0%| F|  |TAMS 0x0000000094c00000| PB 0x0000000094c00000| Untracked 
| 333|0x0000000094d00000, 0x0000000094d00000, 0x0000000094e00000|  0%| F|  |TAMS 0x0000000094d00000| PB 0x0000000094d00000| Untracked 
| 334|0x0000000094e00000, 0x0000000094e00000, 0x0000000094f00000|  0%| F|  |TAMS 0x0000000094e00000| PB 0x0000000094e00000| Untracked 
| 335|0x0000000094f00000, 0x0000000094f00000, 0x0000000095000000|  0%| F|  |TAMS 0x0000000094f00000| PB 0x0000000094f00000| Untracked 
| 336|0x0000000095000000, 0x0000000095000000, 0x0000000095100000|  0%| F|  |TAMS 0x0000000095000000| PB 0x0000000095000000| Untracked 
| 338|0x0000000095200000, 0x0000000095200000, 0x0000000095300000|  0%| F|  |TAMS 0x0000000095200000| PB 0x0000000095200000| Untracked 
| 379|0x0000000097b00000, 0x0000000097b00000, 0x0000000097c00000|  0%| F|  |TAMS 0x0000000097b00000| PB 0x0000000097b00000| Untracked 
|2043|0x00000000ffb00000, 0x00000000ffc00000, 0x00000000ffc00000|100%| O|Cm|TAMS 0x00000000ffb00000| PB 0x00000000ffb00000| Complete 
|2044|0x00000000ffc00000, 0x00000000ffd00000, 0x00000000ffd00000|100%| O|  |TAMS 0x00000000ffc00000| PB 0x00000000ffc00000| Untracked 
|2045|0x00000000ffd00000, 0x00000000ffe00000, 0x00000000ffe00000|100%| O|  |TAMS 0x00000000ffd00000| PB 0x00000000ffd00000| Untracked 
|2046|0x00000000ffe00000, 0x00000000fff00000, 0x00000000fff00000|100%| O|  |TAMS 0x00000000ffe00000| PB 0x00000000ffe00000| Untracked 
|2047|0x00000000fff00000, 0x0000000100000000, 0x0000000100000000|100%| O|  |TAMS 0x00000000fff00000| PB 0x00000000fff00000| Untracked 

Card table byte_map: [0x0000023b42960000,0x0000023b42d60000] _byte_map_base: 0x0000023b42560000

Marking Bits: (CMBitMap*) 0x0000023b30137890
 Bits: [0x0000023b42d60000, 0x0000023b44d60000)

Polling page: 0x0000023b2de80000

Metaspace:

Usage:
  Non-class:     49.90 MB used.
      Class:      7.77 MB used.
       Both:     57.67 MB used.

Virtual space:
  Non-class space:       64.00 MB reserved,      50.56 MB ( 79%) committed,  1 nodes.
      Class space:        1.00 GB reserved,       8.38 MB ( <1%) committed,  1 nodes.
             Both:        1.06 GB reserved,      58.94 MB (  5%) committed. 

Chunk freelists:
   Non-Class:  13.06 MB
       Class:  7.53 MB
        Both:  20.59 MB

MaxMetaspaceSize: unlimited
CompressedClassSpaceSize: 1.00 GB
Initial GC threshold: 21.00 MB
Current GC threshold: 91.88 MB
CDS: off
 - commit_granule_bytes: 65536.
 - commit_granule_words: 8192.
 - virtual_space_node_default_size: 8388608.
 - enlarge_chunks_in_place: 1.
 - use_allocation_guard: 0.


Internal statistics:

num_allocs_failed_limit: 6.
num_arena_births: 2390.
num_arena_deaths: 0.
num_vsnodes_births: 2.
num_vsnodes_deaths: 0.
num_space_committed: 943.
num_space_uncommitted: 0.
num_chunks_returned_to_freelist: 6.
num_chunks_taken_from_freelist: 4560.
num_chunk_merges: 3.
num_chunk_splits: 2995.
num_chunks_enlarged: 1900.
num_inconsistent_stats: 0.

CodeHeap 'non-profiled nmethods': size=120000Kb used=5923Kb max_used=5923Kb free=114076Kb
 bounds [0x0000023b3ad00000, 0x0000023b3b2d0000, 0x0000023b42230000]
CodeHeap 'profiled nmethods': size=120000Kb used=13233Kb max_used=13233Kb free=106766Kb
 bounds [0x0000023b33230000, 0x0000023b33f20000, 0x0000023b3a760000]
CodeHeap 'non-nmethods': size=5760Kb used=2937Kb max_used=2988Kb free=2822Kb
 bounds [0x0000023b3a760000, 0x0000023b3aa60000, 0x0000023b3ad00000]
 total_blobs=7235 nmethods=6377 adapters=762
 compilation: enabled
              stopped_count=0, restarted_count=0
 full_count=0

Compilation events (20 events):
Event: 8.063 Thread 0x0000023b479a24e0 nmethod 6917 0x0000023b33f07190 code [0x0000023b33f07320, 0x0000023b33f07478]
Event: 8.064 Thread 0x0000023b479a12c0 nmethod 6750 0x0000023b3b2c2410 code [0x0000023b3b2c2620, 0x0000023b3b2c2a90]
Event: 8.064 Thread 0x0000023b479a12c0 6744       4       java.util.LinkedList::listIterator (15 bytes)
Event: 8.065 Thread 0x0000023b479a12c0 nmethod 6744 0x0000023b3b2c2f10 code [0x0000023b3b2c30c0, 0x0000023b3b2c3360]
Event: 8.065 Thread 0x0000023b479a12c0 6918 %     4       groovyjarjarantlr4.v4.runtime.atn.ParserATNSimulator::isConflicted @ 532 (860 bytes)
Event: 8.067 Thread 0x0000023b479a24e0 6919       2       org.apache.groovy.parser.antlr4.GroovyParser$PrimaryContext::<init> (7 bytes)
Event: 8.067 Thread 0x0000023b479a24e0 nmethod 6919 0x0000023b33f07590 code [0x0000023b33f07720, 0x0000023b33f078b0]
Event: 8.067 Thread 0x0000023b479a24e0 6920       2       org.apache.groovy.parser.antlr4.GroovyParser$PrimaryContext::<init> (5 bytes)
Event: 8.067 Thread 0x0000023b479a24e0 nmethod 6920 0x0000023b33f07990 code [0x0000023b33f07b20, 0x0000023b33f07c58]
Event: 8.067 Thread 0x0000023b479a24e0 6921   !   2       org.apache.groovy.parser.antlr4.GroovyParser::expression (4043 bytes)
Event: 8.077 Thread 0x0000023b479a24e0 nmethod 6921 0x0000023b33f07d10 code [0x0000023b33f090a0, 0x0000023b33f13080]
Event: 8.077 Thread 0x0000023b479a24e0 6922       2       groovyjarjarantlr4.v4.runtime.Parser::enterRecursionRule (48 bytes)
Event: 8.078 Thread 0x0000023b479a24e0 nmethod 6922 0x0000023b33f1c090 code [0x0000023b33f1c260, 0x0000023b33f1c4e0]
Event: 8.087 Thread 0x0000023b479a24e0 6925   !   2       org.apache.groovy.parser.antlr4.GroovyParser::pathExpression (332 bytes)
Event: 8.088 Thread 0x0000023b479a12c0 nmethod 6918% 0x0000023b3b2c3510 code [0x0000023b3b2c3820, 0x0000023b3b2c4d40]
Event: 8.088 Thread 0x0000023b4c54dbd0 nmethod 6915 0x0000023b3b2c6110 code [0x0000023b3b2c63a0, 0x0000023b3b2c7f50]
Event: 8.088 Thread 0x0000023b479a12c0 6891       4       java.lang.Integer::numberOfTrailingZeros (80 bytes)
Event: 8.088 Thread 0x0000023b4c54dbd0 6892       4       java.lang.Long::numberOfTrailingZeros (26 bytes)
Event: 8.088 Thread 0x0000023b4c54dbd0 nmethod 6892 0x0000023b3b2c8b10 code [0x0000023b3b2c8ca0, 0x0000023b3b2c8d30]
Event: 8.088 Thread 0x0000023b4c54dbd0 6895       4       java.util.BitSet::nextSetBit (102 bytes)

GC Heap History (20 events):
Event: 2.899 GC heap after
{Heap after GC invocations=10 (full 0):
 garbage-first heap   total 233472K, used 58602K [0x0000000080000000, 0x0000000100000000)
  region size 1024K, 1 young (1024K), 1 survivors (1024K)
 Metaspace       used 35515K, committed 36288K, reserved 1114112K
  class space    used 4859K, committed 5248K, reserved 1048576K
}
Event: 3.818 GC heap before
{Heap before GC invocations=10 (full 0):
 garbage-first heap   total 233472K, used 158954K [0x0000000080000000, 0x0000000100000000)
  region size 1024K, 95 young (97280K), 1 survivors (1024K)
 Metaspace       used 48819K, committed 50048K, reserved 1114112K
  class space    used 6531K, committed 7168K, reserved 1048576K
}
Event: 3.825 GC heap after
{Heap after GC invocations=11 (full 0):
 garbage-first heap   total 233472K, used 66321K [0x0000000080000000, 0x0000000100000000)
  region size 1024K, 8 young (8192K), 8 survivors (8192K)
 Metaspace       used 48819K, committed 50048K, reserved 1114112K
  class space    used 6531K, committed 7168K, reserved 1048576K
}
Event: 4.824 GC heap before
{Heap before GC invocations=11 (full 0):
 garbage-first heap   total 233472K, used 188177K [0x0000000080000000, 0x0000000100000000)
  region size 1024K, 126 young (129024K), 8 survivors (8192K)
 Metaspace       used 53332K, committed 54656K, reserved 1114112K
  class space    used 7189K, committed 7808K, reserved 1048576K
}
Event: 4.830 GC heap after
{Heap after GC invocations=12 (full 0):
 garbage-first heap   total 233472K, used 68670K [0x0000000080000000, 0x0000000100000000)
  region size 1024K, 11 young (11264K), 11 survivors (11264K)
 Metaspace       used 53332K, committed 54656K, reserved 1114112K
  class space    used 7189K, committed 7808K, reserved 1048576K
}
Event: 5.382 GC heap before
{Heap before GC invocations=12 (full 0):
 garbage-first heap   total 233472K, used 196670K [0x0000000080000000, 0x0000000100000000)
  region size 1024K, 136 young (139264K), 11 survivors (11264K)
 Metaspace       used 53379K, committed 54656K, reserved 1114112K
  class space    used 7189K, committed 7808K, reserved 1048576K
}
Event: 5.388 GC heap after
{Heap after GC invocations=13 (full 0):
 garbage-first heap   total 233472K, used 69635K [0x0000000080000000, 0x0000000100000000)
  region size 1024K, 4 young (4096K), 4 survivors (4096K)
 Metaspace       used 53379K, committed 54656K, reserved 1114112K
  class space    used 7189K, committed 7808K, reserved 1048576K
}
Event: 5.790 GC heap before
{Heap before GC invocations=13 (full 0):
 garbage-first heap   total 233472K, used 204803K [0x0000000080000000, 0x0000000100000000)
  region size 1024K, 136 young (139264K), 4 survivors (4096K)
 Metaspace       used 53421K, committed 54720K, reserved 1114112K
  class space    used 7189K, committed 7808K, reserved 1048576K
}
Event: 5.793 GC heap after
{Heap after GC invocations=14 (full 0):
 garbage-first heap   total 233472K, used 70161K [0x0000000080000000, 0x0000000100000000)
  region size 1024K, 5 young (5120K), 5 survivors (5120K)
 Metaspace       used 53421K, committed 54720K, reserved 1114112K
  class space    used 7189K, committed 7808K, reserved 1048576K
}
Event: 6.165 GC heap before
{Heap before GC invocations=14 (full 0):
 garbage-first heap   total 233472K, used 204305K [0x0000000080000000, 0x0000000100000000)
  region size 1024K, 136 young (139264K), 5 survivors (5120K)
 Metaspace       used 53446K, committed 54720K, reserved 1114112K
  class space    used 7189K, committed 7808K, reserved 1048576K
}
Event: 6.168 GC heap after
{Heap after GC invocations=15 (full 0):
 garbage-first heap   total 233472K, used 71053K [0x0000000080000000, 0x0000000100000000)
  region size 1024K, 6 young (6144K), 6 survivors (6144K)
 Metaspace       used 53446K, committed 54720K, reserved 1114112K
  class space    used 7189K, committed 7808K, reserved 1048576K
}
Event: 6.424 GC heap before
{Heap before GC invocations=15 (full 0):
 garbage-first heap   total 233472K, used 204173K [0x0000000080000000, 0x0000000100000000)
  region size 1024K, 136 young (139264K), 6 survivors (6144K)
 Metaspace       used 53454K, committed 54720K, reserved 1114112K
  class space    used 7191K, committed 7808K, reserved 1048576K
}
Event: 6.429 GC heap after
{Heap after GC invocations=16 (full 0):
 garbage-first heap   total 233472K, used 72335K [0x0000000080000000, 0x0000000100000000)
  region size 1024K, 7 young (7168K), 7 survivors (7168K)
 Metaspace       used 53454K, committed 54720K, reserved 1114112K
  class space    used 7191K, committed 7808K, reserved 1048576K
}
Event: 6.696 GC heap before
{Heap before GC invocations=16 (full 0):
 garbage-first heap   total 233472K, used 204431K [0x0000000080000000, 0x0000000100000000)
  region size 1024K, 136 young (139264K), 7 survivors (7168K)
 Metaspace       used 53455K, committed 54720K, reserved 1114112K
  class space    used 7191K, committed 7808K, reserved 1048576K
}
Event: 6.702 GC heap after
{Heap after GC invocations=17 (full 0):
 garbage-first heap   total 233472K, used 73588K [0x0000000080000000, 0x0000000100000000)
  region size 1024K, 8 young (8192K), 8 survivors (8192K)
 Metaspace       used 53455K, committed 54720K, reserved 1114112K
  class space    used 7191K, committed 7808K, reserved 1048576K
}
Event: 6.957 GC heap before
{Heap before GC invocations=17 (full 0):
 garbage-first heap   total 233472K, used 204660K [0x0000000080000000, 0x0000000100000000)
  region size 1024K, 136 young (139264K), 8 survivors (8192K)
 Metaspace       used 53455K, committed 54720K, reserved 1114112K
  class space    used 7191K, committed 7808K, reserved 1048576K
}
Event: 6.963 GC heap after
{Heap after GC invocations=18 (full 0):
 garbage-first heap   total 233472K, used 74932K [0x0000000080000000, 0x0000000100000000)
  region size 1024K, 9 young (9216K), 9 survivors (9216K)
 Metaspace       used 53455K, committed 54720K, reserved 1114112K
  class space    used 7191K, committed 7808K, reserved 1048576K
}
Event: 7.356 GC heap before
{Heap before GC invocations=18 (full 0):
 garbage-first heap   total 233472K, used 172212K [0x0000000080000000, 0x0000000100000000)
  region size 1024K, 105 young (107520K), 9 survivors (9216K)
 Metaspace       used 54820K, committed 56128K, reserved 1114112K
  class space    used 7455K, committed 8128K, reserved 1048576K
}
Event: 7.359 GC heap after
{Heap after GC invocations=19 (full 0):
 garbage-first heap   total 233472K, used 68364K [0x0000000080000000, 0x0000000100000000)
  region size 1024K, 3 young (3072K), 3 survivors (3072K)
 Metaspace       used 54820K, committed 56128K, reserved 1114112K
  class space    used 7455K, committed 8128K, reserved 1048576K
}
Event: 8.089 GC heap before
{Heap before GC invocations=20 (full 0):
 garbage-first heap   total 232448K, used 203532K [0x0000000080000000, 0x0000000100000000)
  region size 1024K, 136 young (139264K), 3 survivors (3072K)
 Metaspace       used 59055K, committed 60352K, reserved 1114112K
  class space    used 7957K, committed 8576K, reserved 1048576K
}

Dll operation events (3 events):
Event: 0.010 Loaded shared library E:\AndroidFolder\jbr\bin\java.dll
Event: 0.017 Loaded shared library E:\AndroidFolder\jbr\bin\zip.dll
Event: 0.371 Loaded shared library E:\AndroidFolder\jbr\bin\verify.dll

Deoptimization events (20 events):
Event: 7.918 Thread 0x0000023b4dc7e570 DEOPT PACKING pc=0x0000023b3b29e0d4 sp=0x000000a00d7f6220
Event: 7.918 Thread 0x0000023b4dc7e570 DEOPT UNPACKING pc=0x0000023b3a7b7da2 sp=0x000000a00d7f61d0 mode 2
Event: 7.922 Thread 0x0000023b4dc7e570 DEOPT PACKING pc=0x0000023b33dc79ee sp=0x000000a00d7f6420
Event: 7.922 Thread 0x0000023b4dc7e570 DEOPT UNPACKING pc=0x0000023b3a7b88e2 sp=0x000000a00d7f5958 mode 0
Event: 7.958 Thread 0x0000023b4dc7e570 Uncommon trap: trap_request=0xffffffbe fr.pc=0x0000023b3b2a3fcc relative=0x000000000000172c
Event: 7.958 Thread 0x0000023b4dc7e570 Uncommon trap: reason=profile_predicate action=maybe_recompile pc=0x0000023b3b2a3fcc method=groovyjarjarantlr4.v4.runtime.atn.PredictionContext.getCachedContext(Lgroovyjarjarantlr4/v4/runtime/atn/PredictionContext;Ljava/util/concurrent/ConcurrentMap;Lgroo
Event: 7.958 Thread 0x0000023b4dc7e570 DEOPT PACKING pc=0x0000023b3b2a3fcc sp=0x000000a00d7f6620
Event: 7.958 Thread 0x0000023b4dc7e570 DEOPT UNPACKING pc=0x0000023b3a7b7da2 sp=0x000000a00d7f65d0 mode 2
Event: 7.960 Thread 0x0000023b4dc7e570 Uncommon trap: trap_request=0xffffffbe fr.pc=0x0000023b3b2a3fcc relative=0x000000000000172c
Event: 7.960 Thread 0x0000023b4dc7e570 Uncommon trap: reason=profile_predicate action=maybe_recompile pc=0x0000023b3b2a3fcc method=groovyjarjarantlr4.v4.runtime.atn.PredictionContext.getCachedContext(Lgroovyjarjarantlr4/v4/runtime/atn/PredictionContext;Ljava/util/concurrent/ConcurrentMap;Lgroo
Event: 7.960 Thread 0x0000023b4dc7e570 DEOPT PACKING pc=0x0000023b3b2a3fcc sp=0x000000a00d7f6010
Event: 7.960 Thread 0x0000023b4dc7e570 DEOPT UNPACKING pc=0x0000023b3a7b7da2 sp=0x000000a00d7f5fc0 mode 2
Event: 7.965 Thread 0x0000023b4dc7e570 Uncommon trap: trap_request=0xffffffde fr.pc=0x0000023b3ae49010 relative=0x0000000000000450
Event: 7.965 Thread 0x0000023b4dc7e570 Uncommon trap: reason=class_check action=maybe_recompile pc=0x0000023b3ae49010 method=groovyjarjarantlr4.v4.runtime.atn.ATNConfig.equals(Lgroovyjarjarantlr4/v4/runtime/atn/ATNConfig;)Z @ 74 c2
Event: 7.965 Thread 0x0000023b4dc7e570 DEOPT PACKING pc=0x0000023b3ae49010 sp=0x000000a00d7f6450
Event: 7.965 Thread 0x0000023b4dc7e570 DEOPT UNPACKING pc=0x0000023b3a7b7da2 sp=0x000000a00d7f6380 mode 2
Event: 7.970 Thread 0x0000023b4dc7e570 DEOPT PACKING pc=0x0000023b33dc785e sp=0x000000a00d7f63b0
Event: 7.970 Thread 0x0000023b4dc7e570 DEOPT UNPACKING pc=0x0000023b3a7b88e2 sp=0x000000a00d7f58d8 mode 0
Event: 8.012 Thread 0x0000023b4dc7e570 DEOPT PACKING pc=0x0000023b33dcb27f sp=0x000000a00d7f6340
Event: 8.012 Thread 0x0000023b4dc7e570 DEOPT UNPACKING pc=0x0000023b3a7b88e2 sp=0x000000a00d7f5828 mode 0

Classes loaded (20 events):
Event: 7.737 Loading class java/lang/NegativeArraySizeException
Event: 7.737 Loading class java/lang/NegativeArraySizeException done
Event: 7.762 Loading class java/security/PermissionsEnumerator
Event: 7.762 Loading class java/security/PermissionsEnumerator done
Event: 7.768 Loading class java/util/stream/ReduceOps$5
Event: 7.768 Loading class java/util/stream/ReduceOps$5 done
Event: 7.768 Loading class java/util/stream/ReduceOps$CountingSink$OfRef
Event: 7.768 Loading class java/util/stream/ReduceOps$CountingSink$OfRef done
Event: 7.779 Loading class jdk/internal/math/MathUtils
Event: 7.779 Loading class jdk/internal/math/MathUtils done
Event: 7.780 Loading class sun/nio/cs/ISO_8859_1$Encoder
Event: 7.781 Loading class sun/nio/cs/ISO_8859_1$Encoder done
Event: 7.781 Loading class sun/nio/cs/Surrogate$Parser
Event: 7.781 Loading class sun/nio/cs/Surrogate$Parser done
Event: 7.781 Loading class sun/nio/cs/Surrogate
Event: 7.781 Loading class sun/nio/cs/Surrogate done
Event: 7.804 Loading class java/lang/ThreadDeath
Event: 7.804 Loading class java/lang/ThreadDeath done
Event: 7.804 Loading class sun/misc/SharedSecrets
Event: 7.804 Loading class sun/misc/SharedSecrets done

Classes unloaded (0 events):
No events

Classes redefined (0 events):
No events

Internal exceptions (20 events):
Event: 4.027 Thread 0x0000023b4dc7e570 Exception <a 'java/lang/NoSuchMethodError'{0x000000008ccc8998}: 'java.lang.Object java.lang.invoke.DirectMethodHandle$Holder.newInvokeSpecial(java.lang.Object, java.lang.Object, java.lang.Object, java.lang.Object, java.lang.Object, java.lang.Object, java.lang.Object, java.lang.Object, java.lang.Object)'> (0x000000008ccc8998) 
thrown [s\src\hotspot\share\interpreter\linkResolver.cpp, line 784]
Event: 4.029 Thread 0x0000023b4dc7e570 Exception <a 'java/lang/NoSuchMethodError'{0x000000008cb06b50}: 'java.lang.Object java.lang.invoke.DirectMethodHandle$Holder.newInvokeSpecial(java.lang.Object, int, java.lang.Object)'> (0x000000008cb06b50) 
thrown [s\src\hotspot\share\interpreter\linkResolver.cpp, line 784]
Event: 4.108 Thread 0x0000023b4dc7e570 Exception <a 'java/lang/NoSuchMethodError'{0x000000008c2c2300}: 'int java.lang.invoke.DirectMethodHandle$Holder.invokeStaticInit(java.lang.Object)'> (0x000000008c2c2300) 
thrown [s\src\hotspot\share\interpreter\linkResolver.cpp, line 784]
Event: 4.117 Thread 0x0000023b512576d0 Exception <a 'sun/nio/fs/WindowsException'{0x000000008c1f0ff8}> (0x000000008c1f0ff8) 
thrown [s\src\hotspot\share\prims\jni.cpp, line 537]
Event: 4.118 Thread 0x0000023b512576d0 Implicit null exception at 0x0000023b3ad5b56a to 0x0000023b3ad5c0d4
Event: 4.538 Thread 0x0000023b512576d0 Implicit null exception at 0x0000023b3afe15c9 to 0x0000023b3afe25bc
Event: 7.113 Thread 0x0000023b512576d0 Exception <a 'sun/nio/fs/WindowsException'{0x00000000887ea3d8}> (0x00000000887ea3d8) 
thrown [s\src\hotspot\share\prims\jni.cpp, line 537]
Event: 7.113 Thread 0x0000023b512576d0 Exception <a 'sun/nio/fs/WindowsException'{0x00000000887ea558}> (0x00000000887ea558) 
thrown [s\src\hotspot\share\prims\jni.cpp, line 537]
Event: 7.319 Thread 0x0000023b4dc7e570 Exception <a 'java/lang/NoSuchMethodError'{0x00000000884181d8}: 'void java.lang.invoke.Invokers$Holder.invokeExact_MT(java.lang.Object, java.lang.Object, java.lang.Object, java.lang.Object)'> (0x00000000884181d8) 
thrown [s\src\hotspot\share\interpreter\linkResolver.cpp, line 784]
Event: 7.603 Thread 0x0000023b4dc7e570 Exception <a 'java/lang/NoSuchMethodError'{0x000000008bb29060}: 'void java.lang.invoke.DirectMethodHandle$Holder.invokeSpecialIFC(java.lang.Object, java.lang.Object, java.lang.Object)'> (0x000000008bb29060) 
thrown [s\src\hotspot\share\interpreter\linkResolver.cpp, line 784]
Event: 7.790 Thread 0x0000023b512597a0 Exception <a 'sun/nio/fs/WindowsException'{0x000000008ae0c188}> (0x000000008ae0c188) 
thrown [s\src\hotspot\share\prims\jni.cpp, line 537]
Event: 7.795 Thread 0x0000023b512597a0 Exception <a 'sun/nio/fs/WindowsException'{0x000000008ae66878}> (0x000000008ae66878) 
thrown [s\src\hotspot\share\prims\jni.cpp, line 537]
Event: 7.795 Thread 0x0000023b512597a0 Exception <a 'sun/nio/fs/WindowsException'{0x000000008ae669f0}> (0x000000008ae669f0) 
thrown [s\src\hotspot\share\prims\jni.cpp, line 537]
Event: 7.801 Thread 0x0000023b4dc7e570 Exception <a 'java/lang/ClassNotFoundException'{0x000000008afe8e58}: sync_studio_tooling7_1m2ajdjt37uh2hosndr51w8xvBeanInfo> (0x000000008afe8e58) 
thrown [s\src\hotspot\share\classfile\systemDictionary.cpp, line 312]
Event: 7.801 Thread 0x0000023b4dc7e570 Exception <a 'java/lang/ClassNotFoundException'{0x000000008afef3a0}: sync_studio_tooling7_1m2ajdjt37uh2hosndr51w8xvCustomizer> (0x000000008afef3a0) 
thrown [s\src\hotspot\share\classfile\systemDictionary.cpp, line 312]
Event: 7.804 Thread 0x0000023b4dc7e570 Exception <a 'java/lang/ClassNotFoundException'{0x000000008aeab800}: sun/misc/SharedSecrets> (0x000000008aeab800) 
thrown [s\src\hotspot\share\classfile\systemDictionary.cpp, line 312]
Event: 7.804 Thread 0x0000023b4dc7e570 Exception <a 'java/lang/ClassNotFoundException'{0x000000008aeacb48}: org/gradle/util/GradleVersionBeanInfo> (0x000000008aeacb48) 
thrown [s\src\hotspot\share\classfile\systemDictionary.cpp, line 312]
Event: 7.804 Thread 0x0000023b4dc7e570 Exception <a 'java/lang/ClassNotFoundException'{0x000000008aebc4f8}: org/gradle/util/GradleVersionCustomizer> (0x000000008aebc4f8) 
thrown [s\src\hotspot\share\classfile\systemDictionary.cpp, line 312]
Event: 7.807 Thread 0x0000023b4dc7e570 Exception <a 'java/lang/ClassNotFoundException'{0x000000008aefe708}: org/gradle/util/internal/DefaultGradleVersionBeanInfo> (0x000000008aefe708) 
thrown [s\src\hotspot\share\classfile\systemDictionary.cpp, line 312]
Event: 7.808 Thread 0x0000023b4dc7e570 Exception <a 'java/lang/ClassNotFoundException'{0x000000008ad0e980}: org/gradle/util/internal/DefaultGradleVersionCustomizer> (0x000000008ad0e980) 
thrown [s\src\hotspot\share\classfile\systemDictionary.cpp, line 312]

ZGC Phase Switch (0 events):
No events

VM Operations (20 events):
Event: 7.466 Executing VM operation: HandshakeAllThreads (Deoptimize) done
Event: 7.474 Executing VM operation: ICBufferFull
Event: 7.474 Executing VM operation: ICBufferFull done
Event: 7.505 Executing VM operation: HandshakeAllThreads (Deoptimize)
Event: 7.505 Executing VM operation: HandshakeAllThreads (Deoptimize) done
Event: 7.567 Executing VM operation: ICBufferFull
Event: 7.567 Executing VM operation: ICBufferFull done
Event: 7.637 Executing VM operation: HandshakeAllThreads (Deoptimize)
Event: 7.637 Executing VM operation: HandshakeAllThreads (Deoptimize) done
Event: 7.638 Executing VM operation: HandshakeAllThreads (Deoptimize)
Event: 7.638 Executing VM operation: HandshakeAllThreads (Deoptimize) done
Event: 7.689 Executing VM operation: HandshakeAllThreads (Deoptimize)
Event: 7.689 Executing VM operation: HandshakeAllThreads (Deoptimize) done
Event: 7.728 Executing VM operation: HandshakeAllThreads (Deoptimize)
Event: 7.728 Executing VM operation: HandshakeAllThreads (Deoptimize) done
Event: 7.797 Executing VM operation: ICBufferFull
Event: 7.797 Executing VM operation: ICBufferFull done
Event: 7.974 Executing VM operation: ICBufferFull
Event: 7.974 Executing VM operation: ICBufferFull done
Event: 8.088 Executing VM operation: G1CollectForAllocation (G1 Evacuation Pause)

Memory protections (0 events):
No events

Nmethod flushes (20 events):
Event: 7.380 Thread 0x0000023b477ec0d0 flushing  nmethod 0x0000023b3335e090
Event: 7.380 Thread 0x0000023b477ec0d0 flushing  nmethod 0x0000023b3335e410
Event: 7.380 Thread 0x0000023b477ec0d0 flushing  nmethod 0x0000023b333b8910
Event: 7.380 Thread 0x0000023b477ec0d0 flushing  nmethod 0x0000023b333ba990
Event: 7.380 Thread 0x0000023b477ec0d0 flushing  nmethod 0x0000023b333bcb10
Event: 7.380 Thread 0x0000023b477ec0d0 flushing  nmethod 0x0000023b333bdb90
Event: 7.380 Thread 0x0000023b477ec0d0 flushing  nmethod 0x0000023b33410e90
Event: 7.380 Thread 0x0000023b477ec0d0 flushing  nmethod 0x0000023b335f1710
Event: 7.380 Thread 0x0000023b477ec0d0 flushing  nmethod 0x0000023b335f3f10
Event: 7.380 Thread 0x0000023b477ec0d0 flushing  nmethod 0x0000023b3364a290
Event: 7.380 Thread 0x0000023b477ec0d0 flushing  nmethod 0x0000023b33344010
Event: 7.380 Thread 0x0000023b477ec0d0 flushing  nmethod 0x0000023b3337e210
Event: 7.380 Thread 0x0000023b477ec0d0 flushing  nmethod 0x0000023b334c8e10
Event: 7.380 Thread 0x0000023b477ec0d0 flushing  nmethod 0x0000023b334cb690
Event: 7.380 Thread 0x0000023b477ec0d0 flushing  nmethod 0x0000023b334cc710
Event: 7.380 Thread 0x0000023b477ec0d0 flushing  nmethod 0x0000023b33592590
Event: 7.380 Thread 0x0000023b477ec0d0 flushing  nmethod 0x0000023b33671410
Event: 7.380 Thread 0x0000023b477ec0d0 flushing  nmethod 0x0000023b33671990
Event: 7.380 Thread 0x0000023b477ec0d0 flushing  nmethod 0x0000023b3367a190
Event: 7.380 Thread 0x0000023b477ec0d0 flushing  nmethod 0x0000023b3367aa90

Events (20 events):
Event: 1.538 Thread 0x0000023b4dc7e570 Thread added: 0x0000023b4dc7dee0
Event: 1.798 Thread 0x0000023b4dc7e570 Thread added: 0x0000023b4dc7ec00
Event: 1.803 Thread 0x0000023b4dc7e570 Thread added: 0x0000023b4dc7f920
Event: 2.050 Thread 0x0000023b4dc7e570 Thread added: 0x0000023b4dc7d1c0
Event: 2.450 Thread 0x0000023b4dc7e570 Thread added: 0x0000023b512569b0
Event: 2.454 Thread 0x0000023b4dc7e570 Thread added: 0x0000023b51256320
Event: 2.505 Thread 0x0000023b4dc7e570 Thread added: 0x0000023b512597a0
Event: 2.505 Thread 0x0000023b4dc7e570 Thread added: 0x0000023b512576d0
Event: 2.506 Thread 0x0000023b4dc7e570 Thread added: 0x0000023b51257040
Event: 2.506 Thread 0x0000023b4dc7e570 Thread added: 0x0000023b51258a80
Event: 2.506 Thread 0x0000023b4dc7e570 Thread added: 0x0000023b512583f0
Event: 2.506 Thread 0x0000023b4dc7e570 Thread added: 0x0000023b51259110
Event: 2.506 Thread 0x0000023b4dc7e570 Thread added: 0x0000023b4e5ff360
Event: 2.507 Thread 0x0000023b4dc7e570 Thread added: 0x0000023b4e5fe640
Event: 2.906 Thread 0x0000023b4dc7e570 Thread added: 0x0000023b4e600080
Event: 2.925 Thread 0x0000023b4dc7e570 Thread added: 0x0000023b4e600710
Event: 2.949 Thread 0x0000023b4dc7e570 Thread added: 0x0000023b4e600da0
Event: 2.970 Thread 0x0000023b4dc7e570 Thread added: 0x0000023b4e5fd920
Event: 3.046 Thread 0x0000023b4dc7e570 Thread added: 0x0000023b4e601430
Event: 3.105 Thread 0x0000023b4dc7e570 Thread added: 0x0000023b4e601ac0


Dynamic libraries:
0x00007ff7998e0000 - 0x00007ff7998ea000 	E:\AndroidFolder\jbr\bin\java.exe
0x00007ffddbdc0000 - 0x00007ffddc027000 	C:\WINDOWS\SYSTEM32\ntdll.dll
0x00007ffdda040000 - 0x00007ffdda109000 	C:\WINDOWS\System32\KERNEL32.DLL
0x00007ffdd8b00000 - 0x00007ffdd8ef1000 	C:\WINDOWS\System32\KERNELBASE.dll
0x00007ffdd9a10000 - 0x00007ffdd9b5b000 	C:\WINDOWS\System32\ucrtbase.dll
0x00007ffdc3a60000 - 0x00007ffdc3a78000 	E:\AndroidFolder\jbr\bin\jli.dll
0x00007ffdc3e40000 - 0x00007ffdc3e5b000 	E:\AndroidFolder\jbr\bin\VCRUNTIME140.dll
0x00007ffdda110000 - 0x00007ffdda2d5000 	C:\WINDOWS\System32\USER32.dll
0x00007ffdd8800000 - 0x00007ffdd8827000 	C:\WINDOWS\System32\win32u.dll
0x00007ffdbb930000 - 0x00007ffdbbbc3000 	C:\WINDOWS\WinSxS\amd64_microsoft.windows.common-controls_6595b64144ccf1df_6.0.26100.7922_none_3e089e1ee3342171\COMCTL32.dll
0x00007ffdd9eb0000 - 0x00007ffdd9edb000 	C:\WINDOWS\System32\GDI32.dll
0x00007ffddad60000 - 0x00007ffddae09000 	C:\WINDOWS\System32\msvcrt.dll
0x00007ffdd8f00000 - 0x00007ffdd902a000 	C:\WINDOWS\System32\gdi32full.dll
0x00007ffdd8750000 - 0x00007ffdd87f3000 	C:\WINDOWS\System32\msvcp_win.dll
0x00007ffddae10000 - 0x00007ffddae41000 	C:\WINDOWS\System32\IMM32.DLL
0x00007ffdd5580000 - 0x00007ffdd558c000 	E:\AndroidFolder\jbr\bin\vcruntime140_1.dll
0x00007ffdad6e0000 - 0x00007ffdad76d000 	E:\AndroidFolder\jbr\bin\msvcp140.dll
0x00007ffd5d070000 - 0x00007ffd5dcfe000 	E:\AndroidFolder\jbr\bin\server\jvm.dll
0x00007ffddaa60000 - 0x00007ffddab1b000 	C:\WINDOWS\System32\ADVAPI32.dll
0x00007ffdd9d00000 - 0x00007ffdd9da7000 	C:\WINDOWS\System32\sechost.dll
0x00007ffddb050000 - 0x00007ffddb168000 	C:\WINDOWS\System32\RPCRT4.dll
0x00007ffddb6c0000 - 0x00007ffddb734000 	C:\WINDOWS\System32\WS2_32.dll
0x00007ffdd8500000 - 0x00007ffdd855e000 	C:\WINDOWS\SYSTEM32\POWRPROF.dll
0x00007ffdd64e0000 - 0x00007ffdd6515000 	C:\WINDOWS\SYSTEM32\WINMM.dll
0x00007ffdc84d0000 - 0x00007ffdc84db000 	C:\WINDOWS\SYSTEM32\VERSION.dll
0x00007ffdd84e0000 - 0x00007ffdd84f4000 	C:\WINDOWS\SYSTEM32\UMPDC.dll
0x00007ffdd73f0000 - 0x00007ffdd740b000 	C:\WINDOWS\SYSTEM32\kernel.appcore.dll
0x00007ffdd2b40000 - 0x00007ffdd2b4a000 	E:\AndroidFolder\jbr\bin\jimage.dll
0x00007ffdd61b0000 - 0x00007ffdd63f2000 	C:\WINDOWS\SYSTEM32\DBGHELP.DLL
0x00007ffddb740000 - 0x00007ffddbac2000 	C:\WINDOWS\System32\combase.dll
0x00007ffddac20000 - 0x00007ffddacf7000 	C:\WINDOWS\System32\OLEAUT32.dll
0x00007ffdd6440000 - 0x00007ffdd647b000 	C:\WINDOWS\SYSTEM32\dbgcore.DLL
0x00007ffdd86a0000 - 0x00007ffdd8745000 	C:\WINDOWS\System32\bcryptPrimitives.dll
0x00007ffdd2b30000 - 0x00007ffdd2b3e000 	E:\AndroidFolder\jbr\bin\instrument.dll
0x00007ffdc3b00000 - 0x00007ffdc3b20000 	E:\AndroidFolder\jbr\bin\java.dll
0x00007ffdbb130000 - 0x00007ffdbb148000 	E:\AndroidFolder\jbr\bin\zip.dll
0x00007ffdda2f0000 - 0x00007ffddaa4f000 	C:\WINDOWS\System32\SHELL32.dll
0x00007ffdd98a0000 - 0x00007ffdd9a0a000 	C:\WINDOWS\System32\wintypes.dll
0x00007ffdd9030000 - 0x00007ffdd9894000 	C:\WINDOWS\System32\windows.storage.dll
0x00007ffddab20000 - 0x00007ffddac17000 	C:\WINDOWS\System32\SHCORE.dll
0x00007ffddbd10000 - 0x00007ffddbd77000 	C:\WINDOWS\System32\shlwapi.dll
0x00007ffdd85c0000 - 0x00007ffdd85e9000 	C:\WINDOWS\SYSTEM32\profapi.dll
0x00007ffdb6a10000 - 0x00007ffdb6a20000 	E:\AndroidFolder\jbr\bin\net.dll
0x00007ffdd21d0000 - 0x00007ffdd22f7000 	C:\WINDOWS\SYSTEM32\WINHTTP.dll
0x00007ffdd7940000 - 0x00007ffdd79ab000 	C:\WINDOWS\system32\mswsock.dll
0x00007ffdb4c50000 - 0x00007ffdb4c66000 	E:\AndroidFolder\jbr\bin\nio.dll
0x00007ffdb6550000 - 0x00007ffdb6560000 	E:\AndroidFolder\jbr\bin\verify.dll
0x00007ffdb11c0000 - 0x00007ffdb11e7000 	C:\Users\ThanhCong\.gradle\native\c067742578af261105cb4f569cf0c3c89f3d7b1fecec35dd04571415982c5e48\windows-amd64\native-platform.dll
0x00007ffd9af20000 - 0x00007ffd9b064000 	C:\Users\ThanhCong\.gradle\native\38dada09dfb8b06ba9b0570ebf7e218e3eb74d4ef43ca46872605cf95ebc2f47\windows-amd64\native-platform-file-events.dll
0x00007ffdb4e60000 - 0x00007ffdb4e69000 	E:\AndroidFolder\jbr\bin\management.dll
0x00007ffdb4c40000 - 0x00007ffdb4c4b000 	E:\AndroidFolder\jbr\bin\management_ext.dll
0x00007ffdda2e0000 - 0x00007ffdda2e8000 	C:\WINDOWS\System32\PSAPI.DLL
0x00007ffdd7d40000 - 0x00007ffdd7d5b000 	C:\WINDOWS\SYSTEM32\CRYPTSP.dll
0x00007ffdd7350000 - 0x00007ffdd7389000 	C:\WINDOWS\system32\rsaenh.dll
0x00007ffdd79f0000 - 0x00007ffdd7a22000 	C:\WINDOWS\SYSTEM32\USERENV.dll
0x00007ffdd8590000 - 0x00007ffdd85ba000 	C:\WINDOWS\SYSTEM32\bcrypt.dll
0x00007ffdd7ba0000 - 0x00007ffdd7bac000 	C:\WINDOWS\SYSTEM32\CRYPTBASE.dll
0x00007ffdd6e90000 - 0x00007ffdd6ec3000 	C:\WINDOWS\SYSTEM32\IPHLPAPI.DLL
0x00007ffddae50000 - 0x00007ffddae5a000 	C:\WINDOWS\System32\NSI.dll
0x00007ffdb5500000 - 0x00007ffdb5509000 	E:\AndroidFolder\jbr\bin\extnet.dll
0x00007ffdb49f0000 - 0x00007ffdb49f8000 	C:\WINDOWS\system32\wshunix.dll

dbghelp: loaded successfully - version: 4.0.5 - missing functions: none
symbol engine: initialized successfully - sym options: 0x614 - pdb path: .;E:\AndroidFolder\jbr\bin;C:\WINDOWS\SYSTEM32;C:\WINDOWS\WinSxS\amd64_microsoft.windows.common-controls_6595b64144ccf1df_6.0.26100.7922_none_3e089e1ee3342171;E:\AndroidFolder\jbr\bin\server;C:\Users\ThanhCong\.gradle\native\c067742578af261105cb4f569cf0c3c89f3d7b1fecec35dd04571415982c5e48\windows-amd64;C:\Users\ThanhCong\.gradle\native\38dada09dfb8b06ba9b0570ebf7e218e3eb74d4ef43ca46872605cf95ebc2f47\windows-amd64

VM Arguments:
jvm_args: --add-opens=java.base/java.util=ALL-UNNAMED --add-opens=java.base/java.lang=ALL-UNNAMED --add-opens=java.base/java.lang.invoke=ALL-UNNAMED --add-opens=java.prefs/java.util.prefs=ALL-UNNAMED --add-opens=java.base/java.nio.charset=ALL-UNNAMED --add-opens=java.base/java.net=ALL-UNNAMED --add-opens=java.base/java.util.concurrent.atomic=ALL-UNNAMED -Xmx2048m -Dfile.encoding=UTF-8 -Duser.country=US -Duser.language=en -Duser.variant -javaagent:C:\Users\ThanhCong\.gradle\wrapper\dists\gradle-8.4-bin\1w5dpkrfk8irigvoxmyhowfim\gradle-8.4\lib\agents\gradle-instrumentation-agent-8.4.jar 
java_command: org.gradle.launcher.daemon.bootstrap.GradleDaemon 8.4
java_class_path (initial): C:\Users\ThanhCong\.gradle\wrapper\dists\gradle-8.4-bin\1w5dpkrfk8irigvoxmyhowfim\gradle-8.4\lib\gradle-launcher-8.4.jar
Launcher Type: SUN_STANDARD

[Global flags]
     intx CICompilerCount                          = 4                                         {product} {ergonomic}
     uint ConcGCThreads                            = 2                                         {product} {ergonomic}
     uint G1ConcRefinementThreads                  = 8                                         {product} {ergonomic}
   size_t G1HeapRegionSize                         = 1048576                                   {product} {ergonomic}
    uintx GCDrainStackTargetSize                   = 64                                        {product} {ergonomic}
   size_t InitialHeapSize                          = 398458880                                 {product} {ergonomic}
   size_t MarkStackSize                            = 4194304                                   {product} {ergonomic}
   size_t MaxHeapSize                              = 2147483648                                {product} {command line}
   size_t MaxNewSize                               = 1287651328                                {product} {ergonomic}
   size_t MinHeapDeltaBytes                        = 1048576                                   {product} {ergonomic}
   size_t MinHeapSize                              = 8388608                                   {product} {ergonomic}
    uintx NonNMethodCodeHeapSize                   = 5839372                                {pd product} {ergonomic}
    uintx NonProfiledCodeHeapSize                  = 122909434                              {pd product} {ergonomic}
    uintx ProfiledCodeHeapSize                     = 122909434                              {pd product} {ergonomic}
    uintx ReservedCodeCacheSize                    = 251658240                              {pd product} {ergonomic}
     bool SegmentedCodeCache                       = true                                      {product} {ergonomic}
   size_t SoftMaxHeapSize                          = 2147483648                             {manageable} {ergonomic}
     bool UseCompressedOops                        = true                           {product lp64_product} {ergonomic}
     bool UseG1GC                                  = true                                      {product} {ergonomic}
     bool UseLargePagesIndividualAllocation        = false                                  {pd product} {ergonomic}

Logging:
Log output configuration:
 #0: stdout all=warning uptime,level,tags foldmultilines=false
 #1: stderr all=off uptime,level,tags foldmultilines=false

Environment Variables:
JAVA_HOME=E:\jdk-17
PATH=e:\cursor\resources\app\bin;C:\Program Files\Common Files\Oracle\Java\javapath;C:\Program Files (x86)\Common Files\Oracle\Java\java8path;C:\Program Files (x86)\Common Files\Oracle\Java\javapath;C:\WINDOWS\system32;C:\WINDOWS;C:\WINDOWS\System32\Wbem;C:\WINDOWS\System32\WindowsPowerShell\v1.0\;C:\WINDOWS\System32\OpenSSH\;C:\Program Files\dotnet\;C:\Program Files\Git\cmd;C:\Program Files (x86)\Microsoft SQL Server\160\Tools\Binn\;C:\Program Files\Microsoft SQL Server\160\Tools\Binn\;C:\Program Files\Microsoft SQL Server\Client SDK\ODBC\170\Tools\Binn\;C:\Program Files\Microsoft SQL Server\160\DTS\Binn\;C:\Program Files (x86)\Microsoft SQL Server\160\DTS\Binn\;C:\Users\ThanhCong\AppData\Local\Programs\Python\Python312\;C:\Program Files\MySQL\MySQL Shell 8.0\bin\;C:\Users\ThanhCo;E:\jdk-17\bin;E:\jdk-17\bin;C:\Users\ThanhCong\AppData\Local\Programs\Python\Python312\Scripts;E:\apache-maven-3.9.11-bin\apache-maven-3.9.11\bin;E:\apache-tomcat-10.1.48\apache-tomcat-10.1.48\bin;C:\Program Files\Cloudflare\Cloudflare WARP\;E:\;C:\Program Files\MySQL\MySQL Shell 8.0\bin\;C:\Users\ThanhCong\AppData\Local\Programs\Python\Python312\Scripts\;C:\Users\ThanhCong\AppData\Local\Programs\Python\Python312\;e:\cursor\resources\app\bin;C:\Program Files\Common Files\Oracle\Java\javapath;C:\Program Files (x86)\Common Files\Oracle\Java\java8path;C:\Program Files (x86)\Common Files\Oracle\Java\javapath;C:\WINDOWS\system32;C:\WINDOWS;C:\WINDOWS\System32\Wbem;C:\WINDOWS\System32\WindowsPowerShell\v1.0\;C:\WINDOWS\System32\OpenSSH\;C:\Program Files\dotnet\;C:\Program Files\Git\cmd;C:\Program Files (x86)\Microsoft SQL Server\160\Tools\Binn\;C:\Program Files\Microsoft SQL Server\160\Tools\Binn\;C:\Program Files\Microsoft SQL Server\Client SDK\ODBC\170\Tools\Binn\;C:\Program Files\Microsoft SQL Server\160\DTS\Binn\;C:\Program Files (x86)\Microsoft SQL Server\160\DTS\Binn\;C:\Users\ThanhCong\AppData\Local\Programs\Python\Python312\;C:\Program Files\MySQL\MySQL Shell 8.0\bin\;C:\Users\ThanhCo;E:\jdk-17\bin;E:\jdk-17\bin;C:\Users\ThanhCong\AppData\Local\Programs\Python\Python312\Scripts;E:\apache-maven-3.9.11-bin\apache-maven-3.9.11\bin;E:\apache-tomcat-10.1.48\apache-tomcat-10.1.48\bin;C:\Program Files\Docker\Docker\resources\bin;C:\Program Files\Cloudflare\Cloudflare WARP\;C:\Program Files\MySQL\MySQL Shell 8.0\bin\;C:\Users\ThanhCong\AppData\Local\Programs\Python\Python312\Scripts\;C:\Users\ThanhCong\AppData\Local\Programs\Python\Python312\;e:\cursor\resources\app\bin;C:\Program Files\Common Files\Oracle\Java\javapath;C:\Program Files (x86)\Common Files\Oracle\Java\java8path;C:\Program Files (x86)\Common Files\Oracle\Java\javapath;C:\WINDOWS\system32;C:\WINDOWS;C:\WINDOWS\System32\Wbem;C:\WINDOWS\System32\WindowsPowerShell\v1.0\;C:\WINDOWS\System32\OpenSSH\;C:\Program Files\dotnet\;C:\Program Files\Git\cmd;C:\Program Files (x86)\Microsoft SQL Server\160\Tools\Binn\;C:\Program Files\Microsoft SQL Server\160\Tools\Binn\;C:\Program Files\Microsoft SQL Server\Client SDK\ODBC\170\Tools\Binn\;C:\Program Files\Microsoft SQL Server\160\DTS\Binn\;C:\Program Files (x86)\Microsoft SQL Server\160\DTS\Binn\;C:\Users\ThanhCong\AppData\Local\Programs\Python\Python312\;C:\Program Files\MySQL\MySQL Shell 8.0\bin\;C:\Users\ThanhCo;E:\jdk-17\bin;E:\jdk-17\bin;C:\Users\ThanhCong\AppData\Local\Programs\Python\Python312\Scripts;E:\apache-maven-3.9.11-bin\apache-maven-3.9.11\bin;E:\apache-tomcat-10.1.48\apache-tomcat-10.1.48\bin;C:\Program Files\Docker\Docker\resources\bin;C:\Program Files\Cloudflare\Cloudflare WARP\;C:\Users\ThanhCong\AppData\Local\Programs\Microsoft VS Code\bin;E:\flutter\bin;E:\Antigravity\bin;C:\Users\ThanhCong\AppData\Local\Programs\Microsoft VS Code\bin;E:\flutter\bin;E:\Antigravity\bin;C:\Users\ThanhCong\.local\bin;C:\Users\ThanhCong\AppData\Roaming\npm;C:\Users\ThanhCong\AppData\Local\Programs\Antigravity IDE\bin;C:\Users\ThanhCong\AppData\Local\Programs\cursor\resources\app\bin
USERNAME=ThanhCong
OS=Windows_NT
PROCESSOR_IDENTIFIER=Intel64 Family 6 Model 140 Stepping 2, GenuineIntel
TMP=C:\Users\THANHC~1\AppData\Local\Temp
TEMP=C:\Users\THANHC~1\AppData\Local\Temp




Periodic native trim disabled

JNI global refs:
JNI global refs: 28, weak refs: 13

JNI global refs memory usage: 835, weak refs: 833

Process memory usage:
Resident Set Size: 450868K (1% of 24898340K total physical memory with 2683080K free physical memory)

OOME stack traces (most recent first):
Classloader memory used:
Loader org.gradle.internal.classloader.VisitableURLClassLoader                         : 29578K
Loader bootstrap                                                                       : 22221K
Loader org.gradle.initialization.MixInLegacyTypesClassLoader                           : 5597K
Loader org.gradle.internal.classloader.VisitableURLClassLoader                         : 711K
Loader jdk.internal.loader.ClassLoaders$PlatformClassLoader                            : 499K
Loader jdk.internal.loader.ClassLoaders$AppClassLoader                                 : 227K
Loader jdk.internal.reflect.DelegatingClassLoader                                      : 144K
Loader org.gradle.groovy.scripts.internal.DefaultScriptCompilationHandler$ScriptClassLoader: 49432B
Loader org.codehaus.groovy.runtime.callsite.CallSiteClassLoader                        : 15000B
Loader groovy.lang.GroovyClassLoader$InnerLoader                                       : 12352B

Classes loaded by more than one classloader:
Class org.gradle.api.GradleException                                                  : loaded 3 times (x 80B)
Class org.gradle.internal.classloader.FilteringClassLoader                            : loaded 2 times (x 103B)
Class org.gradle.internal.classloader.ClassLoaderHierarchy                            : loaded 2 times (x 68B)
Class org.gradle.api.internal.classpath.ManifestUtil                                  : loaded 2 times (x 69B)
Class org.gradle.internal.operations.MultipleBuildOperationFailures                   : loaded 2 times (x 93B)
Class org.gradle.internal.classloader.DefaultClassLoaderFactory                       : loaded 2 times (x 80B)
Class org.gradle.internal.classloader.ClassLoaderVisitor                              : loaded 2 times (x 74B)
Class org.gradle.api.internal.classpath.EffectiveClassPath                            : loaded 2 times (x 88B)
Class org.gradle.api.internal.DefaultClassPathProvider                                : loaded 2 times (x 74B)
Class [Lorg.gradle.api.internal.ClassPathProvider;                                    : loaded 2 times (x 67B)
Class org.gradle.api.internal.ClassPathProvider                                       : loaded 2 times (x 68B)
Class org.gradle.internal.service.UnknownServiceException                             : loaded 2 times (x 81B)
Class org.gradle.internal.classpath.TransformedClassPath                              : loaded 2 times (x 94B)
Class org.gradle.internal.service.ServiceLocator                                      : loaded 2 times (x 68B)
Class org.gradle.internal.InternalTransformer                                         : loaded 2 times (x 68B)
Class org.gradle.internal.time.DefaultTimer                                           : loaded 2 times (x 78B)
Class org.gradle.internal.classloader.ClasspathUtil$1                                 : loaded 2 times (x 74B)
Class sync_studio_tooling7_1m2ajdjt37uh2hosndr51w8xv                                  : loaded 2 times (x 177B)
Class org.gradle.api.internal.classpath.DefaultModuleRegistry$DefaultModule           : loaded 2 times (x 84B)
Class org.gradle.internal.time.DefaultCountdownTimer                                  : loaded 2 times (x 86B)
Class kotlin.Function                                                                 : loaded 2 times (x 68B)
Class org.gradle.api.internal.classpath.Module                                        : loaded 2 times (x 68B)
Class org.gradle.api.internal.classpath.UnknownModuleException                        : loaded 2 times (x 80B)
Class org.gradle.cache.GlobalCache                                                    : loaded 2 times (x 68B)
Class org.gradle.api.internal.DefaultClassPathRegistry                                : loaded 2 times (x 74B)
Class org.gradle.api.internal.ClassPathRegistry                                       : loaded 2 times (x 68B)
Class org.gradle.internal.classpath.DefaultClassPath$ImmutableUniqueList              : loaded 2 times (x 197B)
Class org.gradle.internal.classpath.ClassPath                                         : loaded 2 times (x 68B)
Class org.gradle.api.UncheckedIOException                                             : loaded 2 times (x 80B)
Class kotlin.UninitializedPropertyAccessException                                     : loaded 2 times (x 80B)
Class org.gradle.internal.installation.GradleInstallation$1                           : loaded 2 times (x 73B)
Class org.gradle.api.internal.classpath.ModuleRegistry                                : loaded 2 times (x 68B)
Class org.gradle.api.internal.classpath.DefaultModuleRegistry                         : loaded 2 times (x 84B)
Class org.gradle.internal.time.MonotonicClock                                         : loaded 2 times (x 75B)
Class org.gradle.internal.service.ServiceLookupException                              : loaded 2 times (x 80B)
Class org.gradle.internal.classloader.ClassLoaderFactory                              : loaded 2 times (x 68B)
Class org.gradle.internal.service.CachingServiceLocator                               : loaded 2 times (x 80B)
Class org.gradle.internal.time.TimeSource                                             : loaded 2 times (x 68B)
Class org.gradle.internal.exceptions.ResolutionProvider                               : loaded 2 times (x 68B)
Class org.gradle.internal.classloader.ClasspathUtil                                   : loaded 2 times (x 69B)
Class org.gradle.internal.time.TimeSource$1                                           : loaded 2 times (x 75B)
Class org.gradle.api.specs.Spec                                                       : loaded 2 times (x 68B)
Class org.gradle.internal.time.Clock                                                  : loaded 2 times (x 68B)
Class org.gradle.internal.classloader.VisitableURLClassLoader$InstrumentingVisitableURLClassLoader: loaded 2 times (x 121B)
Class org.gradle.internal.classloader.VisitableURLClassLoader$Spec                    : loaded 2 times (x 72B)
Class org.gradle.internal.classpath.DefaultClassPath                                  : loaded 2 times (x 88B)
Class org.gradle.internal.classloader.ClassLoaderSpec                                 : loaded 2 times (x 69B)
Class org.gradle.internal.classloader.VisitableURLClassLoader                         : loaded 2 times (x 115B)
Class org.gradle.internal.Cast                                                        : loaded 2 times (x 69B)
Class org.gradle.api.Action                                                           : loaded 2 times (x 68B)
Class org.gradle.internal.agents.InstrumentingClassLoader                             : loaded 2 times (x 68B)
Class org.gradle.internal.classpath.DefaultClassPath$ImmutableUniqueList$Builder      : loaded 2 times (x 73B)
Class kotlin.NotImplementedError                                                      : loaded 2 times (x 80B)
Class org.gradle.internal.exceptions.NonGradleCauseExceptionsHolder                   : loaded 2 times (x 68B)
Class org.gradle.internal.IoActions                                                   : loaded 2 times (x 69B)
Class org.gradle.internal.classloader.SystemClassLoaderSpec                           : loaded 2 times (x 69B)
Class org.gradle.internal.exceptions.MultiCauseException                              : loaded 2 times (x 68B)
Class org.gradle.internal.time.CountdownTimer                                         : loaded 2 times (x 68B)
Class kotlin.jvm.internal.Intrinsics                                                  : loaded 2 times (x 69B)
Class org.gradle.tooling.model.ProjectModel                                           : loaded 2 times (x 68B)
Class kotlin.KotlinNullPointerException                                               : loaded 2 times (x 81B)
Class org.gradle.internal.exceptions.DefaultMultiCauseException                       : loaded 2 times (x 93B)
Class org.gradle.internal.time.Time                                                   : loaded 2 times (x 69B)
Class org.gradle.internal.time.Timer                                                  : loaded 2 times (x 68B)
Class org.gradle.internal.installation.CurrentGradleInstallationLocator               : loaded 2 times (x 69B)
Class org.gradle.internal.service.DefaultServiceLocator                               : loaded 2 times (x 81B)
Class org.gradle.util.GradleVersion                                                   : loaded 2 times (x 77B)
Class org.gradle.internal.installation.CurrentGradleInstallation                      : loaded 2 times (x 71B)
Class org.gradle.util.internal.GUtil                                                  : loaded 2 times (x 69B)
Class org.gradle.internal.installation.GradleInstallation                             : loaded 2 times (x 73B)
Class sync_studio_tooling7_1m2ajdjt37uh2hosndr51w8xv$_run_closure1                    : loaded 2 times (x 137B)

---------------  S Y S T E M  ---------------

OS:
 Windows 11 , 64 bit Build 26100 (10.0.26100.7920)
OS uptime: 28 days 22:32 hours
Hyper-V role detected

CPU: total 8 (initial active 8) (4 cores per cpu, 2 threads per core) family 6 model 140 stepping 2 microcode 0x3c, cx8, cmov, fxsr, ht, mmx, 3dnowpref, sse, sse2, sse3, ssse3, sse4.1, sse4.2, popcnt, lzcnt, tsc, tscinvbit, avx, avx2, aes, erms, clmul, bmi1, bmi2, adx, avx512f, avx512dq, avx512cd, avx512bw, avx512vl, sha, fma, vzeroupper, avx512_vpopcntdq, avx512_vpclmulqdq, avx512_vaes, avx512_vnni, clflush, clflushopt, clwb, avx512_vbmi2, avx512_vbmi, hv, rdtscp, rdpid, fsrm, gfni, avx512_bitalg, f16c, cet_ibt, cet_ss, avx512_ifma
Processor Information for the first 8 processors :
  Max Mhz: 2496, Current Mhz: 2496, Mhz Limit: 2496

Memory: 4k page, system-wide physical 24314M (2620M free)
TotalPageFile size 47546M (AvailPageFile size 22M)
current process WorkingSet (physical memory assigned to process): 440M, peak: 442M
current process commit charge ("private bytes"): 489M, peak: 538M

vm_info: OpenJDK 64-Bit Server VM (21.0.7+-13880790-b1038.58) for windows-amd64 JRE (21.0.7+-13880790-b1038.58), built on 2025-08-04T20:56:21Z by "builder" with MS VC++ 16.10 / 16.11 (VS2019)

END.
